Archive member included because of file (symbol)

c:/freescale/kds_3.0.0/toolchain/bin/../lib/gcc/arm-none-eabi/4.8.4/../../../../arm-none-eabi/lib/armv7e-m/fpu\libm.a(lib_a-w_atan2.o)
                              ./Sources/sensors.o (atan2)
c:/freescale/kds_3.0.0/toolchain/bin/../lib/gcc/arm-none-eabi/4.8.4/../../../../arm-none-eabi/lib/armv7e-m/fpu\libm.a(lib_a-e_atan2.o)
                              c:/freescale/kds_3.0.0/toolchain/bin/../lib/gcc/arm-none-eabi/4.8.4/../../../../arm-none-eabi/lib/armv7e-m/fpu\libm.a(lib_a-w_atan2.o) (__ieee754_atan2)
c:/freescale/kds_3.0.0/toolchain/bin/../lib/gcc/arm-none-eabi/4.8.4/../../../../arm-none-eabi/lib/armv7e-m/fpu\libm.a(lib_a-s_atan.o)
                              c:/freescale/kds_3.0.0/toolchain/bin/../lib/gcc/arm-none-eabi/4.8.4/../../../../arm-none-eabi/lib/armv7e-m/fpu\libm.a(lib_a-e_atan2.o) (atan)
c:/freescale/kds_3.0.0/toolchain/bin/../lib/gcc/arm-none-eabi/4.8.4/../../../../arm-none-eabi/lib/armv7e-m/fpu\libm.a(lib_a-s_fabs.o)
                              c:/freescale/kds_3.0.0/toolchain/bin/../lib/gcc/arm-none-eabi/4.8.4/../../../../arm-none-eabi/lib/armv7e-m/fpu\libm.a(lib_a-e_atan2.o) (fabs)
c:/freescale/kds_3.0.0/toolchain/bin/../lib/gcc/arm-none-eabi/4.8.4/armv7e-m/fpu\libgcc.a(_arm_addsubdf3.o)
                              c:/freescale/kds_3.0.0/toolchain/bin/../lib/gcc/arm-none-eabi/4.8.4/../../../../arm-none-eabi/lib/armv7e-m/fpu\libm.a(lib_a-e_atan2.o) (__aeabi_dsub)
c:/freescale/kds_3.0.0/toolchain/bin/../lib/gcc/arm-none-eabi/4.8.4/armv7e-m/fpu\libgcc.a(_arm_muldivdf3.o)
                              ./Sources/hw_pwm.o (__aeabi_dmul)
c:/freescale/kds_3.0.0/toolchain/bin/../lib/gcc/arm-none-eabi/4.8.4/armv7e-m/fpu\libgcc.a(_arm_cmpdf2.o)
                              c:/freescale/kds_3.0.0/toolchain/bin/../lib/gcc/arm-none-eabi/4.8.4/../../../../arm-none-eabi/lib/armv7e-m/fpu\libm.a(lib_a-s_atan.o) (__aeabi_dcmpgt)
c:/freescale/kds_3.0.0/toolchain/bin/../lib/gcc/arm-none-eabi/4.8.4/armv7e-m/fpu\libgcc.a(_arm_fixunsdfsi.o)
                              ./Sources/hw_pwm.o (__aeabi_d2uiz)
c:/freescale/kds_3.0.0/toolchain/bin/../lib/gcc/arm-none-eabi/4.8.4/armv7e-m/fpu\libgcc.a(_arm_truncdfsf2.o)
                              ./Sources/sensors.o (__aeabi_d2f)
c:/freescale/kds_3.0.0/toolchain/bin/../lib/gcc/arm-none-eabi/4.8.4/../../../../arm-none-eabi/lib/armv7e-m/fpu\libg_s.a(lib_a-exit.o)
                              c:/freescale/kds_3.0.0/toolchain/bin/../lib/gcc/arm-none-eabi/4.8.4/../../../../arm-none-eabi/lib/armv7e-m/fpu/crt0.o (exit)
c:/freescale/kds_3.0.0/toolchain/bin/../lib/gcc/arm-none-eabi/4.8.4/../../../../arm-none-eabi/lib/armv7e-m/fpu\libg_s.a(lib_a-impure.o)
                              c:/freescale/kds_3.0.0/toolchain/bin/../lib/gcc/arm-none-eabi/4.8.4/../../../../arm-none-eabi/lib/armv7e-m/fpu\libg_s.a(lib_a-exit.o) (_global_impure_ptr)
c:/freescale/kds_3.0.0/toolchain/bin/../lib/gcc/arm-none-eabi/4.8.4/../../../../arm-none-eabi/lib/armv7e-m/fpu\libg_s.a(lib_a-init.o)
                              c:/freescale/kds_3.0.0/toolchain/bin/../lib/gcc/arm-none-eabi/4.8.4/../../../../arm-none-eabi/lib/armv7e-m/fpu/crt0.o (__libc_init_array)
c:/freescale/kds_3.0.0/toolchain/bin/../lib/gcc/arm-none-eabi/4.8.4/../../../../arm-none-eabi/lib/armv7e-m/fpu\libg_s.a(lib_a-memset.o)
                              c:/freescale/kds_3.0.0/toolchain/bin/../lib/gcc/arm-none-eabi/4.8.4/../../../../arm-none-eabi/lib/armv7e-m/fpu/crt0.o (memset)
c:/freescale/kds_3.0.0/toolchain/bin/../lib/gcc/arm-none-eabi/4.8.4/../../../../arm-none-eabi/lib/armv7e-m/fpu\libnosys.a(_exit.o)
                              c:/freescale/kds_3.0.0/toolchain/bin/../lib/gcc/arm-none-eabi/4.8.4/../../../../arm-none-eabi/lib/armv7e-m/fpu\libg_s.a(lib_a-exit.o) (_exit)

Allocating common symbols
Common symbol       size              file

buffRcvDcfData      0x32              ./Sources/DCFcom.o
compassInterruptSended
                    0x1               ./Sources/Events.o
SM_ActualValue      0x1a              ./Sources/hw_pwm.o
TimeStartUSonic     0x1               ./Sources/Events.o
ASerialLdd1_DeviceDataPtr
                    0x4               ./Generated_Code/UART0.o
X_Accel_offset      0x1               ./Sources/sensors.o
myHeading           0x4               ./Sources/main.o
Yout_Mag_16_bit_avg
                    0x2               ./Sources/sensors.o
Xout_Mag_16_bit_max
                    0x2               ./Sources/sensors.o
StartUltrasonicTrig
                    0x1               ./Sources/hw_pwm.o
buffSndDcfData      0x32              ./Sources/DCFcom.o
UltrasonicWaitEcho  0x1               ./Sources/hw_pwm.o
Zout_Mag_16_bit_avg
                    0x2               ./Sources/sensors.o
Xout_Mag_16_bit     0x2               ./Sources/sensors.o
compassInterruptMin
                    0x4               ./Sources/main.o
sm_smoothIncrement  0x1               ./Sources/hw_pwm.o
[...]
Memory Configuration

Name             Origin             Length             Attributes
m_interrupts     0x00000000         0x00000198         xr
m_text           0x00000410         0x0007fbf0         xr
m_data           0x1fff0000         0x00010000         rw
m_data_20000000  0x20000000         0x00010000         rw
m_cfmprotrom     0x00000400         0x00000010         xr
*default*        0x00000000         0xffffffff

Linker script and memory map

LOAD c:/freescale/kds_3.0.0/toolchain/bin/../lib/gcc/arm-none-eabi/4.8.4/armv7e-m/fpu/crti.o
LOAD c:/freescale/kds_3.0.0/toolchain/bin/../lib/gcc/arm-none-eabi/4.8.4/armv7e-m/fpu/crtbegin.o
LOAD c:/freescale/kds_3.0.0/toolchain/bin/../lib/gcc/arm-none-eabi/4.8.4/../../../../arm-none-eabi/lib/armv7e-m/fpu/crt0.o
LOAD ./Sources/DCFcom.o
LOAD ./Sources/Events.o
LOAD ./Sources/hw_pwm.o
LOAD ./Sources/main.o
LOAD ./Sources/sensors.o
LOAD ./Project_Settings/Startup_Code/startup.o
LOAD ./Generated_Code/System/CPU_Init.o
LOAD ./Generated_Code/System/Peripherals_Init.o
LOAD ./Generated_Code/System/Vectors.o
LOAD ./Generated_Code/ASerialLdd1.o
LOAD ./Generated_Code/BitIoLdd1.o
LOAD ./Generated_Code/BitIoLdd2.o
LOAD ./Generated_Code/BitIoLdd3.o
LOAD ./Generated_Code/BitIoLdd4.o
LOAD ./Generated_Code/BitIoLdd5.o
LOAD ./Generated_Code/BitIoLdd6.o
LOAD ./Generated_Code/BitIoLdd7.o
LOAD ./Generated_Code/BitIoLdd8.o
LOAD ./Generated_Code/BitIoLdd9.o
LOAD ./Generated_Code/Cpu.o
LOAD ./Generated_Code/ExtIntLdd1.o
LOAD ./Generated_Code/ExtIntLdd2.o
LOAD ./Generated_Code/ExtIntLdd3.o
LOAD ./Generated_Code/ExtIntLdd4.o
LOAD ./Generated_Code/ExtIntLdd5.o
LOAD ./Generated_Code/FX1.o
LOAD ./Generated_Code/GI2C1.o
LOAD ./Generated_Code/I2C1.o
LOAD ./Generated_Code/I2C2.o
LOAD ./Generated_Code/IR0_detect.o
LOAD ./Generated_Code/IR1_detect.o
LOAD ./Generated_Code/IR2_detect.o
LOAD ./Generated_Code/Int1accel.o
LOAD ./Generated_Code/Led_blue.o
LOAD ./Generated_Code/Led_green.o
LOAD ./Generated_Code/Led_red.o
LOAD ./Generated_Code/PE_LDD.o
LOAD ./Generated_Code/PWM_CTRL_OE.o
LOAD ./Generated_Code/SCL1.o
LOAD ./Generated_Code/SCL2.o
LOAD ./Generated_Code/SDA1.o
LOAD ./Generated_Code/SDA2.o
LOAD ./Generated_Code/SW_I2C_PWM.o
LOAD ./Generated_Code/TI1.o
LOAD ./Generated_Code/TI2.o
LOAD ./Generated_Code/TI3.o
LOAD ./Generated_Code/TU1.o
LOAD ./Generated_Code/TU2.o
LOAD ./Generated_Code/TU3.o
LOAD ./Generated_Code/TimerIntLdd1.o
LOAD ./Generated_Code/TimerIntLdd2.o
LOAD ./Generated_Code/TimerIntLdd3.o
LOAD ./Generated_Code/UART0.o
LOAD ./Generated_Code/UsonicPWM.o
LOAD ./Generated_Code/UsonicTrig.o
LOAD ./Generated_Code/WAIT1.o
LOAD ./Generated_Code/pin_mux.o
LOAD c:/freescale/kds_3.0.0/toolchain/bin/../lib/gcc/arm-none-eabi/4.8.4/../../../../arm-none-eabi/lib/armv7e-m/fpu\libstdc++_s.a
LOAD c:/freescale/kds_3.0.0/toolchain/bin/../lib/gcc/arm-none-eabi/4.8.4/../../../../arm-none-eabi/lib/armv7e-m/fpu\libm.a
START GROUP
LOAD c:/freescale/kds_3.0.0/toolchain/bin/../lib/gcc/arm-none-eabi/4.8.4/armv7e-m/fpu\libgcc.a
LOAD c:/freescale/kds_3.0.0/toolchain/bin/../lib/gcc/arm-none-eabi/4.8.4/../../../../arm-none-eabi/lib/armv7e-m/fpu\libg_s.a
LOAD c:/freescale/kds_3.0.0/toolchain/bin/../lib/gcc/arm-none-eabi/4.8.4/../../../../arm-none-eabi/lib/armv7e-m/fpu\libc_s.a
END GROUP
START GROUP
LOAD c:/freescale/kds_3.0.0/toolchain/bin/../lib/gcc/arm-none-eabi/4.8.4/armv7e-m/fpu\libgcc.a
LOAD c:/freescale/kds_3.0.0/toolchain/bin/../lib/gcc/arm-none-eabi/4.8.4/../../../../arm-none-eabi/lib/armv7e-m/fpu\libc_s.a
LOAD c:/freescale/kds_3.0.0/toolchain/bin/../lib/gcc/arm-none-eabi/4.8.4/../../../../arm-none-eabi/lib/armv7e-m/fpu\libnosys.a
END GROUP
START GROUP
LOAD c:/freescale/kds_3.0.0/toolchain/bin/../lib/gcc/arm-none-eabi/4.8.4/armv7e-m/fpu\libgcc.a
LOAD c:/freescale/kds_3.0.0/toolchain/bin/../lib/gcc/arm-none-eabi/4.8.4/../../../../arm-none-eabi/lib/armv7e-m/fpu\libc_s.a
LOAD c:/freescale/kds_3.0.0/toolchain/bin/../lib/gcc/arm-none-eabi/4.8.4/../../../../arm-none-eabi/lib/armv7e-m/fpu\libnosys.a
END GROUP
LOAD c:/freescale/kds_3.0.0/toolchain/bin/../lib/gcc/arm-none-eabi/4.8.4/armv7e-m/fpu/crtend.o
LOAD c:/freescale/kds_3.0.0/toolchain/bin/../lib/gcc/arm-none-eabi/4.8.4/armv7e-m/fpu/crtn.o
                0x20000000                _estack = 0x20000000
                0x20000000                __SP_INIT = _estack
                0x20000000                __stack = _estack
                0x00000400                __heap_size = 0x400
                0x00000400                __stack_size = 0x400

.interrupts     0x00000000      0x198
                0x00000000                __vector_table = .
                0x00000000                . = ALIGN (0x4)
 *(.vectortable)
 .vectortable   0x00000000      0x198 ./Generated_Code/System/Vectors.o
                0x00000000                __vect_table
                0x00000198                . = ALIGN (0x4)

.cfmprotect     0x00000400        0x0
                0x00000400                . = ALIGN (0x4)
 *(.cfmconfig)
                0x00000400                . = ALIGN (0x4)

.text           0x00000410     0x6740
                0x00000410                . = ALIGN (0x4)
 *(.text)
 .text          0x00000410       0x54 c:/freescale/kds_3.0.0/toolchain/bin/../lib/gcc/arm-none-eabi/4.8.4/armv7e-m/fpu/crtbegin.o
 .text          0x00000464      0x370 c:/freescale/kds_3.0.0/toolchain/bin/../lib/gcc/arm-none-eabi/4.8.4/armv7e-m/fpu\libgcc.a(_arm_addsubdf3.o)
                0x00000464                __aeabi_drsub
                0x0000046c                __aeabi_dsub
                0x0000046c                __subdf3
                0x00000470                __aeabi_dadd
                0x00000470                __adddf3
                0x000006e8                __floatunsidf
                0x000006e8                __aeabi_ui2d
                0x00000708                __floatsidf
                0x00000708                __aeabi_i2d
                0x0000072c                __aeabi_f2d
                0x0000072c                __extendsfdf2
                0x00000768                __floatundidf
                0x00000768                __aeabi_ul2d
                0x00000778                __floatdidf
                0x00000778                __aeabi_l2d
 .text          0x000007d4      0x424 c:/freescale/kds_3.0.0/toolchain/bin/../lib/gcc/arm-none-eabi/4.8.4/armv7e-m/fpu\libgcc.a(_arm_muldivdf3.o)
                0x000007d4                __aeabi_dmul
                0x000007d4                __muldf3
                0x00000a28                __divdf3
                0x00000a28                __aeabi_ddiv
 .text          0x00000bf8      0x110 c:/freescale/kds_3.0.0/toolchain/bin/../lib/gcc/arm-none-eabi/4.8.4/armv7e-m/fpu\libgcc.a(_arm_cmpdf2.o)
                0x00000bf8                __gtdf2
                0x00000bf8                __gedf2
                0x00000c00                __ltdf2
                0x00000c00                __ledf2
                0x00000c08                __nedf2
                0x00000c08                __eqdf2
                0x00000c08                __cmpdf2
                0x00000c84                __aeabi_cdrcmple
                0x00000c94                __aeabi_cdcmpeq
                0x00000c94                __aeabi_cdcmple
                0x00000ca4                __aeabi_dcmpeq
                0x00000cb8                __aeabi_dcmplt
                0x00000ccc                __aeabi_dcmple
                0x00000ce0                __aeabi_dcmpge
                0x00000cf4                __aeabi_dcmpgt
 .text          0x00000d08       0x40 c:/freescale/kds_3.0.0/toolchain/bin/../lib/gcc/arm-none-eabi/4.8.4/armv7e-m/fpu\libgcc.a(_arm_fixunsdfsi.o)
                0x00000d08                __aeabi_d2uiz
                0x00000d08                __fixunsdfsi
 .text          0x00000d48       0xa0 c:/freescale/kds_3.0.0/toolchain/bin/../lib/gcc/arm-none-eabi/4.8.4/armv7e-m/fpu\libgcc.a(_arm_truncdfsf2.o)
                0x00000d48                __truncdfsf2
                0x00000d48                __aeabi_d2f
 *(.text*)
 .text.ProcessUartRxData
                0x00000de8       0xdc ./Sources/DCFcom.o
                0x00000de8                ProcessUartRxData
 .text.ProcessUartTxData
                0x00000ec4       0x5c ./Sources/DCFcom.o
                0x00000ec4                ProcessUartTxData
 .text.ResetReception
                0x00000f20       0x48 ./Sources/DCFcom.o
                0x00000f20                ResetReception
 .text.Cpu_OnNMI
                0x00000f68        0xc ./Sources/Events.o
                0x00000f68                Cpu_OnNMI
 .text.TI3_OnInterrupt
                0x00000f74       0x54 ./Sources/Events.o
                0x00000f74                TI3_OnInterrupt
 .text.TI2_OnInterrupt
                0x00000fc8       0x40 ./Sources/Events.o
                0x00000fc8                TI2_OnInterrupt
 .text.UART0_OnError
                0x00001008        0xc ./Sources/Events.o
                0x00001008                UART0_OnError
 .text.UART0_OnRxChar
                0x00001014       0x28 ./Sources/Events.o
                0x00001014                UART0_OnRxChar
 .text.UART0_OnRxCharExt
                0x0000103c       0x14 ./Sources/Events.o
                0x0000103c                UART0_OnRxCharExt
 .text.UART0_OnTxChar
                0x00001050        0xc ./Sources/Events.o
                0x00001050                UART0_OnTxChar
 .text.UsonicPWM_OnInterrupt
                0x0000105c       0x58 ./Sources/Events.o
                0x0000105c                UsonicPWM_OnInterrupt
 .text.IR2_detect_OnInterrupt
                0x000010b4       0x6c ./Sources/Events.o
                0x000010b4                IR2_detect_OnInterrupt
 .text.IR1_detect_OnInterrupt
                0x00001120       0x6c ./Sources/Events.o
                0x00001120                IR1_detect_OnInterrupt
 .text.IR0_detect_OnInterrupt
                0x0000118c       0x6c ./Sources/Events.o
                0x0000118c                IR0_detect_OnInterrupt
 .text.TI1_OnInterrupt
                0x000011f8       0x44 ./Sources/Events.o
                0x000011f8                TI1_OnInterrupt
 .text.Int1accel_OnInterrupt
                0x0000123c       0x18 ./Sources/Events.o
                0x0000123c                Int1accel_OnInterrupt
 .text.UART0_OnFullRxBuf
                0x00001254        0xc ./Sources/Events.o
                0x00001254                UART0_OnFullRxBuf
 .text.UART0_OnFreeTxBuf
                0x00001260        0xc ./Sources/Events.o
                0x00001260                UART0_OnFreeTxBuf
 .text.PCA9685Config
                0x0000126c      0x10c ./Sources/hw_pwm.o
                0x0000126c                PCA9685Config
 .text.ConvertAngleToPCA9685value
                0x00001378       0xa8 ./Sources/hw_pwm.o
                0x00001378                ConvertAngleToPCA9685value
 .text.PCA9685EnableOutput
                0x00001420       0x30 ./Sources/hw_pwm.o
                0x00001420                PCA9685EnableOutput
 .text.PCA968SetOnePWMvalue
                0x00001450      0x1fc ./Sources/hw_pwm.o
                0x00001450                PCA968SetOnePWMvalue
 .text.smoothUpdateMotors
                0x0000164c       0xfc ./Sources/hw_pwm.o
                0x0000164c                smoothUpdateMotors
 .text.main     0x00001748      0x3dc ./Sources/main.o
                0x00001748                main
 .text.replyToRemote
                0x00001b24       0x40 ./Sources/main.o
                0x00001b24                replyToRemote
 .text.processCommand
                0x00001b64      0x3f8 ./Sources/main.o
                0x00001b64                processCommand
 .text.CompassInit
                0x00001f5c       0x54 ./Sources/sensors.o
                0x00001f5c                CompassInit
 .text.CompassCalibrate
                0x00001fb0      0x340 ./Sources/sensors.o
                0x00001fb0                CompassCalibrate
 .text.CompassCheck
                0x000022f0      0x148 ./Sources/sensors.o
                0x000022f0                CompassCheck
 .text.CompassGetHeading
                0x00002438       0x5c ./Sources/sensors.o
                0x00002438                CompassGetHeading
 .text.__flush_cache
                0x00002494       0x14 ./Project_Settings/Startup_Code/startup.o
                0x00002494                __flush_cache
 .text.__copy_rom_section
                0x000024a8       0xe4 ./Project_Settings/Startup_Code/startup.o
                0x000024a8                __copy_rom_section
 .text.__copy_rom_sections_to_ram
                0x0000258c       0xc4 ./Project_Settings/Startup_Code/startup.o
                0x0000258c                __copy_rom_sections_to_ram
 .text.zero_fill_bss
                0x00002650       0xb4 ./Project_Settings/Startup_Code/startup.o
 .text.__init_registers
                0x00002704       0x20 ./Project_Settings/Startup_Code/startup.o
                0x00002704                __init_registers
 .text.__init_user
                0x00002724        0xc ./Project_Settings/Startup_Code/startup.o
                0x00002724                __init_user
 .text.__thumb_startup
                0x00002730       0x4c ./Project_Settings/Startup_Code/startup.o
                0x00002730                __thumb_startup
 .text.CPU_SetBASEPRI
                0x0000277c       0x18 ./Generated_Code/System/CPU_Init.o
                0x0000277c                CPU_SetBASEPRI
 .text.__init_hardware
                0x00002794      0x104 ./Generated_Code/System/CPU_Init.o
                0x00002794                __init_hardware
 .text.PE_low_level_init
                0x00002898       0x48 ./Generated_Code/System/CPU_Init.o
                0x00002898                PE_low_level_init
 .text.CPU_GetClockGenMode
                0x000028e0       0x90 ./Generated_Code/System/CPU_Init.o
                0x000028e0                CPU_GetClockGenMode
 .text.CPU_SetClockConfigGenMode
                0x00002970      0x54c ./Generated_Code/System/CPU_Init.o
                0x00002970                CPU_SetClockConfigGenMode
 .text.CPU_GetClockConfiguration
                0x00002ebc       0x18 ./Generated_Code/System/CPU_Init.o
                0x00002ebc                CPU_GetClockConfiguration
 .text.UnhandledInterrupt
                0x00002ed4       0x18 ./Generated_Code/System/Vectors.o
                0x00002ed4                UnhandledInterrupt
 .text.ASerialLdd1_Init
                0x00002eec      0x134 ./Generated_Code/ASerialLdd1.o
                0x00002eec                ASerialLdd1_Init
 .text.ASerialLdd1_Enable
                0x00003020       0x38 ./Generated_Code/ASerialLdd1.o
                0x00003020                ASerialLdd1_Enable
 .text.ASerialLdd1_Disable
                0x00003058       0x38 ./Generated_Code/ASerialLdd1.o
                0x00003058                ASerialLdd1_Disable
 .text.ASerialLdd1_ReceiveBlock
                0x00003090       0xa8 ./Generated_Code/ASerialLdd1.o
                0x00003090                ASerialLdd1_ReceiveBlock
 .text.ASerialLdd1_SendBlock
                0x00003138       0xc4 ./Generated_Code/ASerialLdd1.o
                0x00003138                ASerialLdd1_SendBlock
 .text.HWEnDi   0x000031fc       0xbc ./Generated_Code/ASerialLdd1.o
 .text.InterruptRx
                0x000032b8       0x58 ./Generated_Code/ASerialLdd1.o
 .text.InterruptTx
                0x00003310       0x7c ./Generated_Code/ASerialLdd1.o
 .text.ASerialLdd1_Interrupt
                0x0000338c       0xf8 ./Generated_Code/ASerialLdd1.o
                0x0000338c                ASerialLdd1_Interrupt
 .text.ASerialLdd1_SetClockConfiguration
                0x00003484       0x88 ./Generated_Code/ASerialLdd1.o
                0x00003484                ASerialLdd1_SetClockConfiguration
 .text.ASerialLdd1_GetError
                0x0000350c       0x88 ./Generated_Code/ASerialLdd1.o
                0x0000350c                ASerialLdd1_GetError
 .text.BitIoLdd1_Init
                0x00003594       0x80 ./Generated_Code/BitIoLdd1.o
                0x00003594                BitIoLdd1_Init
 .text.BitIoLdd1_SetDir
                0x00003614       0x3c ./Generated_Code/BitIoLdd1.o
                0x00003614                BitIoLdd1_SetDir
 .text.BitIoLdd1_GetVal
                0x00003650       0x48 ./Generated_Code/BitIoLdd1.o
                0x00003650                BitIoLdd1_GetVal
 .text.BitIoLdd1_ClrVal
                0x00003698       0x1c ./Generated_Code/BitIoLdd1.o
                0x00003698                BitIoLdd1_ClrVal
 .text.BitIoLdd2_Init
                0x000036b4       0x80 ./Generated_Code/BitIoLdd2.o
                0x000036b4                BitIoLdd2_Init
 .text.BitIoLdd2_SetDir
                0x00003734       0x3c ./Generated_Code/BitIoLdd2.o
                0x00003734                BitIoLdd2_SetDir
 .text.BitIoLdd2_GetVal
                0x00003770       0x48 ./Generated_Code/BitIoLdd2.o
                0x00003770                BitIoLdd2_GetVal
 .text.BitIoLdd2_ClrVal
                0x000037b8       0x1c ./Generated_Code/BitIoLdd2.o
                0x000037b8                BitIoLdd2_ClrVal
 .text.BitIoLdd3_Init
                0x000037d4       0x80 ./Generated_Code/BitIoLdd3.o
                0x000037d4                BitIoLdd3_Init
 .text.BitIoLdd3_SetDir
                0x00003854       0x3c ./Generated_Code/BitIoLdd3.o
                0x00003854                BitIoLdd3_SetDir
 .text.BitIoLdd3_GetVal
                0x00003890       0x48 ./Generated_Code/BitIoLdd3.o
                0x00003890                BitIoLdd3_GetVal
 .text.BitIoLdd3_ClrVal
                0x000038d8       0x1c ./Generated_Code/BitIoLdd3.o
                0x000038d8                BitIoLdd3_ClrVal
 .text.BitIoLdd4_Init
                0x000038f4       0x80 ./Generated_Code/BitIoLdd4.o
                0x000038f4                BitIoLdd4_Init
 .text.BitIoLdd4_SetDir
                0x00003974       0x3c ./Generated_Code/BitIoLdd4.o
                0x00003974                BitIoLdd4_SetDir
 .text.BitIoLdd4_GetVal
                0x000039b0       0x48 ./Generated_Code/BitIoLdd4.o
                0x000039b0                BitIoLdd4_GetVal
 .text.BitIoLdd4_ClrVal
                0x000039f8       0x1c ./Generated_Code/BitIoLdd4.o
                0x000039f8                BitIoLdd4_ClrVal
 .text.BitIoLdd5_Init
                0x00003a14       0x80 ./Generated_Code/BitIoLdd5.o
                0x00003a14                BitIoLdd5_Init
 .text.BitIoLdd5_PutVal
                0x00003a94       0x30 ./Generated_Code/BitIoLdd5.o
                0x00003a94                BitIoLdd5_PutVal
 .text.BitIoLdd6_Init
                0x00003ac4       0x80 ./Generated_Code/BitIoLdd6.o
                0x00003ac4                BitIoLdd6_Init
 .text.BitIoLdd6_ClrVal
                0x00003b44       0x1c ./Generated_Code/BitIoLdd6.o
                0x00003b44                BitIoLdd6_ClrVal
 .text.BitIoLdd6_SetVal
                0x00003b60       0x1c ./Generated_Code/BitIoLdd6.o
                0x00003b60                BitIoLdd6_SetVal
 .text.BitIoLdd7_Init
                0x00003b7c       0x80 ./Generated_Code/BitIoLdd7.o
                0x00003b7c                BitIoLdd7_Init
 .text.BitIoLdd7_PutVal
                0x00003bfc       0x30 ./Generated_Code/BitIoLdd7.o
                0x00003bfc                BitIoLdd7_PutVal
 .text.BitIoLdd7_SetVal
                0x00003c2c       0x1c ./Generated_Code/BitIoLdd7.o
                0x00003c2c                BitIoLdd7_SetVal
 .text.BitIoLdd8_Init
                0x00003c48       0x80 ./Generated_Code/BitIoLdd8.o
                0x00003c48                BitIoLdd8_Init
 .text.BitIoLdd8_SetVal
                0x00003cc8       0x1c ./Generated_Code/BitIoLdd8.o
                0x00003cc8                BitIoLdd8_SetVal
 .text.BitIoLdd9_Init
                0x00003ce4       0x80 ./Generated_Code/BitIoLdd9.o
                0x00003ce4                BitIoLdd9_Init
 .text.BitIoLdd9_ClrVal
                0x00003d64       0x1c ./Generated_Code/BitIoLdd9.o
                0x00003d64                BitIoLdd9_ClrVal
 .text.BitIoLdd9_SetVal
                0x00003d80       0x1c ./Generated_Code/BitIoLdd9.o
                0x00003d80                BitIoLdd9_SetVal
 .text.Common_Init
                0x00003d9c      0x1b0 ./Generated_Code/Cpu.o
                0x00003d9c                Common_Init
 .text.Components_Init
                0x00003f4c       0x80 ./Generated_Code/Cpu.o
                0x00003f4c                Components_Init
 .text.Cpu_ivINT_PORTC
                0x00003fcc       0x20 ./Generated_Code/Cpu.o
                0x00003fcc                Cpu_ivINT_PORTC
 .text.Cpu_INT_NMIInterrupt
                0x00003fec       0x1c ./Generated_Code/Cpu.o
                0x00003fec                Cpu_INT_NMIInterrupt
 .text.ExtIntLdd1_Init
                0x00004008       0x98 ./Generated_Code/ExtIntLdd1.o
                0x00004008                ExtIntLdd1_Init
 .text.ExtIntLdd1_Interrupt
                0x000040a0       0x40 ./Generated_Code/ExtIntLdd1.o
                0x000040a0                ExtIntLdd1_Interrupt
 .text.ExtIntLdd2_Init
                0x000040e0       0x9c ./Generated_Code/ExtIntLdd2.o
                0x000040e0                ExtIntLdd2_Init
 .text.ExtIntLdd2_Interrupt
                0x0000417c       0x3c ./Generated_Code/ExtIntLdd2.o
                0x0000417c                ExtIntLdd2_Interrupt
 .text.ExtIntLdd2_GetVal
                0x000041b8       0x2c ./Generated_Code/ExtIntLdd2.o
                0x000041b8                ExtIntLdd2_GetVal
 .text.ExtIntLdd3_Init
                0x000041e4       0x9c ./Generated_Code/ExtIntLdd3.o
                0x000041e4                ExtIntLdd3_Init
 .text.ExtIntLdd3_Interrupt
                0x00004280       0x3c ./Generated_Code/ExtIntLdd3.o
                0x00004280                ExtIntLdd3_Interrupt
 .text.ExtIntLdd3_GetVal
                0x000042bc       0x2c ./Generated_Code/ExtIntLdd3.o
                0x000042bc                ExtIntLdd3_GetVal
 .text.ExtIntLdd4_Init
                0x000042e8       0x9c ./Generated_Code/ExtIntLdd4.o
                0x000042e8                ExtIntLdd4_Init
 .text.ExtIntLdd4_Interrupt
                0x00004384       0x40 ./Generated_Code/ExtIntLdd4.o
                0x00004384                ExtIntLdd4_Interrupt
 .text.ExtIntLdd4_GetVal
                0x000043c4       0x2c ./Generated_Code/ExtIntLdd4.o
                0x000043c4                ExtIntLdd4_GetVal
 .text.ExtIntLdd5_Init
                0x000043f0       0x9c ./Generated_Code/ExtIntLdd5.o
                0x000043f0                ExtIntLdd5_Init
 .text.ExtIntLdd5_Interrupt
                0x0000448c       0x40 ./Generated_Code/ExtIntLdd5.o
                0x0000448c                ExtIntLdd5_Interrupt
 .text.ExtIntLdd5_GetVal
                0x000044cc       0x2c ./Generated_Code/ExtIntLdd5.o
                0x000044cc                ExtIntLdd5_GetVal
 .text.FX1_MeasureGetRawX
                0x000044f8       0x40 ./Generated_Code/FX1.o
                0x000044f8                FX1_MeasureGetRawX
 .text.FX1_MeasureGetRawY
                0x00004538       0x40 ./Generated_Code/FX1.o
                0x00004538                FX1_MeasureGetRawY
 .text.FX1_MeasureGetRawZ
                0x00004578       0x40 ./Generated_Code/FX1.o
                0x00004578                FX1_MeasureGetRawZ
 .text.FX1_GetX
                0x000045b8       0x34 ./Generated_Code/FX1.o
                0x000045b8                FX1_GetX
 .text.FX1_GetY
                0x000045ec       0x34 ./Generated_Code/FX1.o
                0x000045ec                FX1_GetY
 .text.FX1_GetZ
                0x00004620       0x34 ./Generated_Code/FX1.o
                0x00004620                FX1_GetZ
 .text.FX1_GetMagX
                0x00004654       0x44 ./Generated_Code/FX1.o
                0x00004654                FX1_GetMagX
 .text.FX1_GetMagY
                0x00004698       0x44 ./Generated_Code/FX1.o
                0x00004698                FX1_GetMagY
 .text.FX1_GetMagZ
                0x000046dc       0x44 ./Generated_Code/FX1.o
                0x000046dc                FX1_GetMagZ
 .text.FX1_WriteReg8
                0x00004720       0x28 ./Generated_Code/FX1.o
                0x00004720                FX1_WriteReg8
 .text.GI2C1_SelectSlave
                0x00004748       0x28 ./Generated_Code/GI2C1.o
                0x00004748                GI2C1_SelectSlave
 .text.GI2C1_UnselectSlave
                0x00004770       0x10 ./Generated_Code/GI2C1.o
                0x00004770                GI2C1_UnselectSlave
 .text.GI2C1_ReadAddress
                0x00004780       0x94 ./Generated_Code/GI2C1.o
                0x00004780                GI2C1_ReadAddress
 .text.GI2C1_WriteAddress
                0x00004814       0xe0 ./Generated_Code/GI2C1.o
                0x00004814                GI2C1_WriteAddress
 .text.GI2C1_Init
                0x000048f4        0xc ./Generated_Code/GI2C1.o
                0x000048f4                GI2C1_Init
 .text.GI2C1_WriteByteAddress8
                0x00004900       0x30 ./Generated_Code/GI2C1.o
                0x00004900                GI2C1_WriteByteAddress8
 .text.Delay    0x00004930       0x14 ./Generated_Code/I2C1.o
 .text.I2C1_Init
                0x00004944       0x18 ./Generated_Code/I2C1.o
                0x00004944                I2C1_Init
 .text.Write    0x0000495c       0xb8 ./Generated_Code/I2C1.o
 .text.Read     0x00004a14       0xa8 ./Generated_Code/I2C1.o
 .text.GetAck   0x00004abc       0x64 ./Generated_Code/I2C1.o
 .text.SetAck   0x00004b20       0xa8 ./Generated_Code/I2C1.o
 .text.InternalStop
                0x00004bc8       0x44 ./Generated_Code/I2C1.o
 .text.I2C1_SendBlock
                0x00004c0c      0x194 ./Generated_Code/I2C1.o
                0x00004c0c                I2C1_SendBlock
 .text.I2C1_RecvBlock
                0x00004da0      0x16c ./Generated_Code/I2C1.o
                0x00004da0                I2C1_RecvBlock
 .text.I2C1_SendStop
                0x00004f0c       0x4c ./Generated_Code/I2C1.o
                0x00004f0c                I2C1_SendStop
 .text.I2C1_SelectSlave
                0x00004f58       0x28 ./Generated_Code/I2C1.o
                0x00004f58                I2C1_SelectSlave
 .text.Delay    0x00004f80       0x14 ./Generated_Code/I2C2.o
 .text.I2C2_Init
                0x00004f94       0x18 ./Generated_Code/I2C2.o
                0x00004f94                I2C2_Init
 .text.Write    0x00004fac       0xb8 ./Generated_Code/I2C2.o
 .text.GetAck   0x00005064       0x64 ./Generated_Code/I2C2.o
 .text.InternalStop
                0x000050c8       0x44 ./Generated_Code/I2C2.o
 .text.I2C2_SendBlock
                0x0000510c      0x194 ./Generated_Code/I2C2.o
                0x0000510c                I2C2_SendBlock
 .text.I2C2_SendStop
                0x000052a0       0x4c ./Generated_Code/I2C2.o
                0x000052a0                I2C2_SendStop
 .text.I2C2_SelectSlave
                0x000052ec       0x28 ./Generated_Code/I2C2.o
                0x000052ec                I2C2_SelectSlave
 .text.ExtIntLdd2_OnInterrupt
                0x00005314       0x14 ./Generated_Code/IR0_detect.o
                0x00005314                ExtIntLdd2_OnInterrupt
 .text.ExtIntLdd3_OnInterrupt
                0x00005328       0x14 ./Generated_Code/IR1_detect.o
                0x00005328                ExtIntLdd3_OnInterrupt
 .text.ExtIntLdd4_OnInterrupt
                0x0000533c       0x14 ./Generated_Code/IR2_detect.o
                0x0000533c                ExtIntLdd4_OnInterrupt
 .text.ExtIntLdd1_OnInterrupt
                0x00005350       0x14 ./Generated_Code/Int1accel.o
                0x00005350                ExtIntLdd1_OnInterrupt
 .text.SW_I2C_PWM_SelectSlave
                0x00005364       0x28 ./Generated_Code/SW_I2C_PWM.o
                0x00005364                SW_I2C_PWM_SelectSlave
 .text.SW_I2C_PWM_UnselectSlave
                0x0000538c       0x10 ./Generated_Code/SW_I2C_PWM.o
                0x0000538c                SW_I2C_PWM_UnselectSlave
 .text.SW_I2C_PWM_WriteAddress
                0x0000539c       0xe0 ./Generated_Code/SW_I2C_PWM.o
                0x0000539c                SW_I2C_PWM_WriteAddress
 .text.SW_I2C_PWM_Init
                0x0000547c        0xc ./Generated_Code/SW_I2C_PWM.o
                0x0000547c                SW_I2C_PWM_Init
 .text.SW_I2C_PWM_WriteByteAddress8
                0x00005488       0x30 ./Generated_Code/SW_I2C_PWM.o
                0x00005488                SW_I2C_PWM_WriteByteAddress8
 .text.TimerIntLdd1_OnInterrupt
                0x000054b8       0x14 ./Generated_Code/TI1.o
                0x000054b8                TimerIntLdd1_OnInterrupt
 .text.TimerIntLdd2_OnInterrupt
                0x000054cc       0x14 ./Generated_Code/TI2.o
                0x000054cc                TimerIntLdd2_OnInterrupt
 .text.TimerIntLdd3_OnInterrupt
                0x000054e0       0x14 ./Generated_Code/TI3.o
                0x000054e0                TimerIntLdd3_OnInterrupt
 .text.TU1_Init
                0x000054f4      0x110 ./Generated_Code/TU1.o
                0x000054f4                TU1_Init
 .text.TU1_SetClockConfiguration
                0x00005604       0x54 ./Generated_Code/TU1.o
                0x00005604                TU1_SetClockConfiguration
 .text.TU1_Interrupt
                0x00005658       0x6c ./Generated_Code/TU1.o
                0x00005658                TU1_Interrupt
 .text.HWEnDi   0x000056c4       0x90 ./Generated_Code/TU1.o
 .text.TU2_Init
                0x00005754       0xec ./Generated_Code/TU2.o
                0x00005754                TU2_Init
 .text.TU2_SetClockConfiguration
                0x00005840       0x58 ./Generated_Code/TU2.o
                0x00005840                TU2_SetClockConfiguration
 .text.TU2_Interrupt
                0x00005898       0x6c ./Generated_Code/TU2.o
                0x00005898                TU2_Interrupt
 .text.HWEnDi   0x00005904       0x90 ./Generated_Code/TU2.o
 .text.TU3_Init
                0x00005994       0xec ./Generated_Code/TU3.o
                0x00005994                TU3_Init
 .text.TU3_SetClockConfiguration
                0x00005a80       0x58 ./Generated_Code/TU3.o
                0x00005a80                TU3_SetClockConfiguration
 .text.TU3_Interrupt
                0x00005ad8       0x6c ./Generated_Code/TU3.o
                0x00005ad8                TU3_Interrupt
 .text.HWEnDi   0x00005b44       0x90 ./Generated_Code/TU3.o
 .text.TimerIntLdd1_Init
                0x00005bd4       0x5c ./Generated_Code/TimerIntLdd1.o
                0x00005bd4                TimerIntLdd1_Init
 .text.TimerIntLdd1_SetClockConfiguration
                0x00005c30       0x30 ./Generated_Code/TimerIntLdd1.o
                0x00005c30                TimerIntLdd1_SetClockConfiguration
 .text.TU1_OnCounterRestart
                0x00005c60       0x24 ./Generated_Code/TimerIntLdd1.o
                0x00005c60                TU1_OnCounterRestart
 .text.TimerIntLdd2_Init
                0x00005c84       0x5c ./Generated_Code/TimerIntLdd2.o
                0x00005c84                TimerIntLdd2_Init
 .text.TimerIntLdd2_SetClockConfiguration
                0x00005ce0       0x30 ./Generated_Code/TimerIntLdd2.o
                0x00005ce0                TimerIntLdd2_SetClockConfiguration
 .text.TU2_OnCounterRestart
                0x00005d10       0x24 ./Generated_Code/TimerIntLdd2.o
                0x00005d10                TU2_OnCounterRestart
 .text.TimerIntLdd3_Init
                0x00005d34       0x5c ./Generated_Code/TimerIntLdd3.o
                0x00005d34                TimerIntLdd3_Init
 .text.TimerIntLdd3_SetClockConfiguration
                0x00005d90       0x30 ./Generated_Code/TimerIntLdd3.o
                0x00005d90                TimerIntLdd3_SetClockConfiguration
 .text.TU3_OnCounterRestart
                0x00005dc0       0x24 ./Generated_Code/TimerIntLdd3.o
                0x00005dc0                TU3_OnCounterRestart
 .text.HWEnDi   0x00005de4       0x8c ./Generated_Code/UART0.o
 .text.UART0_RecvChar
                0x00005e70       0xe8 ./Generated_Code/UART0.o
                0x00005e70                UART0_RecvChar
 .text.UART0_SendChar
                0x00005f58       0xec ./Generated_Code/UART0.o
                0x00005f58                UART0_SendChar
 .text.UART0_Init
                0x00006044       0x6c ./Generated_Code/UART0.o
                0x00006044                UART0_Init
 .text.ASerialLdd1_OnBlockReceived
                0x000060b0       0xcc ./Generated_Code/UART0.o
                0x000060b0                ASerialLdd1_OnBlockReceived
 .text.ASerialLdd1_OnBlockSent
                0x0000617c       0xd0 ./Generated_Code/UART0.o
                0x0000617c                ASerialLdd1_OnBlockSent
 .text.ASerialLdd1_OnError
                0x0000624c       0x9c ./Generated_Code/UART0.o
                0x0000624c                ASerialLdd1_OnError
 .text.ASerialLdd1_OnBreak
                0x000062e8       0x24 ./Generated_Code/UART0.o
                0x000062e8                ASerialLdd1_OnBreak
 .text.ExtIntLdd5_OnInterrupt
                0x0000630c       0x14 ./Generated_Code/UsonicPWM.o
                0x0000630c                ExtIntLdd5_OnInterrupt
 .text.WAIT1_Wait10Cycles
                0x00006320        0x8 ./Generated_Code/WAIT1.o
                0x00006320                WAIT1_Wait10Cycles
 .text.WAIT1_Wait100Cycles
                0x00006328       0x1c ./Generated_Code/WAIT1.o
                0x00006328                WAIT1_Wait100Cycles
 .text.WAIT1_WaitCycles
                0x00006344       0x34 ./Generated_Code/WAIT1.o
                0x00006344                WAIT1_WaitCycles
 .text.WAIT1_WaitLongCycles
                0x00006378       0x38 ./Generated_Code/WAIT1.o
                0x00006378                WAIT1_WaitLongCycles
 .text.WAIT1_Waitms
                0x000063b0       0x2c ./Generated_Code/WAIT1.o
                0x000063b0                WAIT1_Waitms
 .text.atan2    0x000063dc        0x4 c:/freescale/kds_3.0.0/toolchain/bin/../lib/gcc/arm-none-eabi/4.8.4/../../../../arm-none-eabi/lib/armv7e-m/fpu\libm.a(lib_a-w_atan2.o)
                0x000063dc                atan2
 .text.__ieee754_atan2
                0x000063e0      0x1e8 c:/freescale/kds_3.0.0/toolchain/bin/../lib/gcc/arm-none-eabi/4.8.4/../../../../arm-none-eabi/lib/armv7e-m/fpu\libm.a(lib_a-e_atan2.o)
                0x000063e0                __ieee754_atan2
 .text.atan     0x000065c8      0x378 c:/freescale/kds_3.0.0/toolchain/bin/../lib/gcc/arm-none-eabi/4.8.4/../../../../arm-none-eabi/lib/armv7e-m/fpu\libm.a(lib_a-s_atan.o)
                0x000065c8                atan
 .text.fabs     0x00006940       0x14 c:/freescale/kds_3.0.0/toolchain/bin/../lib/gcc/arm-none-eabi/4.8.4/../../../../arm-none-eabi/lib/armv7e-m/fpu\libm.a(lib_a-s_fabs.o)
                0x00006940                fabs
 *(.rodata)
 *(.rodata*)
 .rodata.HeartBitMsg
                0x00006954       0x2c ./Sources/main.o
                0x00006954                HeartBitMsg
 .rodata.ClockGenModeMatrix
                0x00006980       0x80 ./Generated_Code/System/CPU_Init.o
 .rodata.CPU_ClockConfigDescriptors
                0x00006a00       0x8c ./Generated_Code/System/CPU_Init.o
 .rodata.CPU_DefaultFEI
                0x00006a8c        0x8 ./Generated_Code/System/CPU_Init.o
 .rodata.CPU_DefaultFBI
                0x00006a94        0x8 ./Generated_Code/System/CPU_Init.o
 .rodata.CPU_DefaultBLPI
                0x00006a9c        0x8 ./Generated_Code/System/CPU_Init.o
 .rodata.CPU_DefaultFEE
                0x00006aa4        0x8 ./Generated_Code/System/CPU_Init.o
 .rodata.CPU_DefaultFBE
                0x00006aac        0x8 ./Generated_Code/System/CPU_Init.o
 .rodata.CPU_DefaultBLPE
                0x00006ab4        0x8 ./Generated_Code/System/CPU_Init.o
 .rodata.CPU_DefaultPBE
                0x00006abc        0x8 ./Generated_Code/System/CPU_Init.o
 .rodata.CPU_DefaultPEE
                0x00006ac4        0x8 ./Generated_Code/System/CPU_Init.o
 .rodata.CPU_ClockGenModeRegs
                0x00006acc       0x20 ./Generated_Code/System/CPU_Init.o
 .rodata.addr.6228
                0x00006aec        0x1 ./Generated_Code/FX1.o
 .rodata.addr.6236
                0x00006aed        0x1 ./Generated_Code/FX1.o
 .rodata.addr.6244
                0x00006aee        0x1 ./Generated_Code/FX1.o
 .rodata.addr.6309
                0x00006aef        0x1 ./Generated_Code/FX1.o
 .rodata.addr.6317
                0x00006af0        0x1 ./Generated_Code/FX1.o
 .rodata.addr.6325
                0x00006af1        0x1 ./Generated_Code/FX1.o
 *fill*         0x00006af2        0x6 
 .rodata.atanlo
                0x00006af8       0x20 c:/freescale/kds_3.0.0/toolchain/bin/../lib/gcc/arm-none-eabi/4.8.4/../../../../arm-none-eabi/lib/armv7e-m/fpu\libm.a(lib_a-s_atan.o)
 .rodata.atanhi
                0x00006b18       0x20 c:/freescale/kds_3.0.0/toolchain/bin/../lib/gcc/arm-none-eabi/4.8.4/../../../../arm-none-eabi/lib/armv7e-m/fpu\libm.a(lib_a-s_atan.o)
 *(.glue_7)
 .glue_7        0x00000000        0x0 linker stubs
 *(.glue_7t)
 .glue_7t       0x00000000        0x0 linker stubs
 *(.eh_frame)
 .eh_frame      0x00006b38        0x0 c:/freescale/kds_3.0.0/toolchain/bin/../lib/gcc/arm-none-eabi/4.8.4/armv7e-m/fpu/crtbegin.o
 *(.init)
 .init          0x00006b38        0x4 c:/freescale/kds_3.0.0/toolchain/bin/../lib/gcc/arm-none-eabi/4.8.4/armv7e-m/fpu/crti.o
                0x00006b38                _init
 .init          0x00006b3c        0x8 c:/freescale/kds_3.0.0/toolchain/bin/../lib/gcc/arm-none-eabi/4.8.4/armv7e-m/fpu/crtn.o
 *(.fini)
 .fini          0x00006b44        0x4 c:/freescale/kds_3.0.0/toolchain/bin/../lib/gcc/arm-none-eabi/4.8.4/armv7e-m/fpu/crti.o
                0x00006b44                _fini
 .fini          0x00006b48        0x8 c:/freescale/kds_3.0.0/toolchain/bin/../lib/gcc/arm-none-eabi/4.8.4/armv7e-m/fpu/crtn.o
                0x00006b50                . = ALIGN (0x4)
                0x00006b50                _etext = .

.vfp11_veneer   0x00006b50        0x0
 .vfp11_veneer  0x00000000        0x0 linker stubs

.v4_bx          0x00006b50        0x0
 .v4_bx         0x00000000        0x0 linker stubs

.iplt           0x00006b50        0x0
 .iplt          0x00000000        0x0 c:/freescale/kds_3.0.0/toolchain/bin/../lib/gcc/arm-none-eabi/4.8.4/armv7e-m/fpu/crtbegin.o

.rel.dyn        0x00006b50        0x0
 .rel.iplt      0x00000000        0x0 c:/freescale/kds_3.0.0/toolchain/bin/../lib/gcc/arm-none-eabi/4.8.4/armv7e-m/fpu/crtbegin.o

.ARM.extab
 *(.ARM.extab* .gnu.linkonce.armextab.*)

.ARM            0x00006b50        0x0
                0x00006b50                __exidx_start = .
 *(.ARM.exidx*)
                0x00006b50                __exidx_end = .

.ctors          0x00006b50        0x0
                0x00006b50                __CTOR_LIST__ = .
 *crtbegin.o(.ctors)
 *(EXCLUDE_FILE(*crtend.o) .ctors)
 *(SORT(.ctors.*))
 *(.ctors)
                0x00006b50                __CTOR_END__ = .

.dtors          0x00006b50        0x0
                0x00006b50                __DTOR_LIST__ = .
 *crtbegin.o(.dtors)
 *(EXCLUDE_FILE(*crtend.o) .dtors)
 *(SORT(.dtors.*))
 *(.dtors)
                0x00006b50                __DTOR_END__ = .

.preinit_array  0x00006b50        0x0
                0x00006b50                PROVIDE (__preinit_array_start, .)
 *(.preinit_array*)
                0x00006b50                PROVIDE (__preinit_array_end, .)

.init_array     0x00006b50        0x4
                0x00006b50                PROVIDE (__init_array_start, .)
 *(SORT(.init_array.*))
 *(.init_array*)
 .init_array    0x00006b50        0x4 c:/freescale/kds_3.0.0/toolchain/bin/../lib/gcc/arm-none-eabi/4.8.4/armv7e-m/fpu/crtbegin.o
                0x00006b54                PROVIDE (__init_array_end, .)

.fini_array     0x00006b54        0x4
                0x00006b54                PROVIDE (__fini_array_start, .)
 *(SORT(.fini_array.*))
 *(.fini_array*)
 .fini_array    0x00006b54        0x4 c:/freescale/kds_3.0.0/toolchain/bin/../lib/gcc/arm-none-eabi/4.8.4/armv7e-m/fpu/crtbegin.o
                0x00006b58                PROVIDE (__fini_array_end, .)
                0x00006b58                ___ROM_AT = .

.data           0x1fff0000        0x0 load address 0x00006b58
                0x1fff0000                . = ALIGN (0x4)
                0x1fff0000                _sdata = .
 *(.data)
 *(.data*)
                0x1fff0000                . = ALIGN (0x4)
                0x1fff0000                _edata = .
                0x00000000                ___data_size = (_edata - _sdata)
                0x00006b58                ___m_data_20000000_ROMStart = (___ROM_AT + SIZEOF (.data))

.jcr            0x1fff0000        0x0
 .jcr           0x1fff0000        0x0 c:/freescale/kds_3.0.0/toolchain/bin/../lib/gcc/arm-none-eabi/4.8.4/armv7e-m/fpu/crtbegin.o

.igot.plt       0x1fff0000        0x0
 .igot.plt      0x00000000        0x0 c:/freescale/kds_3.0.0/toolchain/bin/../lib/gcc/arm-none-eabi/4.8.4/armv7e-m/fpu/crtbegin.o

.m_data_20000000
                0x20000000        0x0 load address 0x00006b58
                0x20000000                . = ALIGN (0x4)
                0x20000000                ___m_data_20000000_RAMStart = .
 *(.m_data_20000000)
                0x20000000                ___m_data_20000000_RAMEnd = .
                0x20000000                . = ALIGN (0x4)
                0x00000000                ___m_data_20000000_ROMSize = (___m_data_20000000_RAMEnd - ___m_data_20000000_RAMStart)
                0x20000000                . = ALIGN (0x4)

.bss            0x1fff0000      0x3c4
                0x1fff0000                __START_BSS = .
                0x1fff0000                PROVIDE (__bss_start__, __START_BSS)
 *(.bss)
 .bss           0x1fff0000       0x1c c:/freescale/kds_3.0.0/toolchain/bin/../lib/gcc/arm-none-eabi/4.8.4/armv7e-m/fpu/crtbegin.o
 *(.bss*)
 .bss.UARTDataReady
                0x1fff001c        0x1 ./Sources/DCFcom.o
                0x1fff001c                UARTDataReady
 .bss.DataLength
                0x1fff001d        0x1 ./Sources/DCFcom.o
                0x1fff001d                DataLength
 *fill*         0x1fff001e        0x2 
 .bss.ptrRcvChar
                0x1fff0020        0x4 ./Sources/DCFcom.o
                0x1fff0020                ptrRcvChar
 .bss.receiveSof
                0x1fff0024        0x1 ./Sources/DCFcom.o
                0x1fff0024                receiveSof
 .bss.receiveHeader
                0x1fff0025        0x1 ./Sources/DCFcom.o
                0x1fff0025                receiveHeader
 .bss.i.6642    0x1fff0026        0x1 ./Sources/Events.o
 .bss.j.6643    0x1fff0027        0x1 ./Sources/Events.o
 .bss.Rec.6653  0x1fff0028        0x1 ./Sources/Events.o
 .bss.compassEnable
                0x1fff0029        0x1 ./Sources/main.o
                0x1fff0029                compassEnable
 .bss.toggleLed.7269
                0x1fff002a        0x1 ./Sources/main.o
 .bss.accelConfigOk.7217
                0x1fff002b        0x1 ./Sources/sensors.o
 .bss.i.7218    0x1fff002c        0x1 ./Sources/sensors.o
 *fill*         0x1fff002d        0x3 
 .bss.argv      0x1fff0030       0x28 ./Project_Settings/Startup_Code/startup.o
 .bss.SR_lock   0x1fff0058        0x1 ./Generated_Code/System/CPU_Init.o
                0x1fff0058                SR_lock
 .bss.ClockConfigurationID
                0x1fff0059        0x1 ./Generated_Code/System/CPU_Init.o
                0x1fff0059                ClockConfigurationID
 *fill*         0x1fff005a        0x2 
 .bss.DeviceDataPrv__DEFAULT_RTOS_ALLOC
                0x1fff005c       0x20 ./Generated_Code/ASerialLdd1.o
 .bss.INT_LPUART0__DEFAULT_RTOS_ISRPARAM
                0x1fff007c        0x4 ./Generated_Code/ASerialLdd1.o
 .bss.DeviceDataPrv__DEFAULT_RTOS_ALLOC
                0x1fff0080        0x4 ./Generated_Code/BitIoLdd1.o
 .bss.DeviceDataPrv__DEFAULT_RTOS_ALLOC
                0x1fff0084        0x4 ./Generated_Code/BitIoLdd2.o
 .bss.DeviceDataPrv__DEFAULT_RTOS_ALLOC
                0x1fff0088        0x4 ./Generated_Code/BitIoLdd3.o
 .bss.DeviceDataPrv__DEFAULT_RTOS_ALLOC
                0x1fff008c        0x4 ./Generated_Code/BitIoLdd4.o
 .bss.DeviceDataPrv__DEFAULT_RTOS_ALLOC
                0x1fff0090        0x4 ./Generated_Code/BitIoLdd5.o
 .bss.DeviceDataPrv__DEFAULT_RTOS_ALLOC
                0x1fff0094        0x4 ./Generated_Code/BitIoLdd6.o
 .bss.DeviceDataPrv__DEFAULT_RTOS_ALLOC
                0x1fff0098        0x4 ./Generated_Code/BitIoLdd7.o
 .bss.DeviceDataPrv__DEFAULT_RTOS_ALLOC
                0x1fff009c        0x4 ./Generated_Code/BitIoLdd8.o
 .bss.DeviceDataPrv__DEFAULT_RTOS_ALLOC
                0x1fff00a0        0x4 ./Generated_Code/BitIoLdd9.o
 .bss.DeviceDataPrv__DEFAULT_RTOS_ALLOC
                0x1fff00a4        0x4 ./Generated_Code/ExtIntLdd1.o
 .bss.INT_PORTD__DEFAULT_RTOS_ISRPARAM
                0x1fff00a8        0x4 ./Generated_Code/ExtIntLdd1.o
 .bss.DeviceDataPrv__DEFAULT_RTOS_ALLOC
                0x1fff00ac        0x4 ./Generated_Code/ExtIntLdd2.o
 .bss.INT_PORTC__DEFAULT_RTOS_ISRPARAM
                0x1fff00b0        0x4 ./Generated_Code/ExtIntLdd2.o
 .bss.DeviceDataPrv__DEFAULT_RTOS_ALLOC
                0x1fff00b4        0x4 ./Generated_Code/ExtIntLdd3.o
 .bss.INT_PORTC__DEFAULT_RTOS_ISRPARAM
                0x1fff00b8        0x4 ./Generated_Code/ExtIntLdd3.o
 .bss.DeviceDataPrv__DEFAULT_RTOS_ALLOC
                0x1fff00bc        0x4 ./Generated_Code/ExtIntLdd4.o
 .bss.INT_PORTB__DEFAULT_RTOS_ISRPARAM
                0x1fff00c0        0x4 ./Generated_Code/ExtIntLdd4.o
 .bss.DeviceDataPrv__DEFAULT_RTOS_ALLOC
                0x1fff00c4        0x4 ./Generated_Code/ExtIntLdd5.o
 .bss.INT_PORTA__DEFAULT_RTOS_ISRPARAM
                0x1fff00c8        0x4 ./Generated_Code/ExtIntLdd5.o
 .bss.sCalValues
                0x1fff00cc        0x8 ./Generated_Code/FX1.o
 .bss.writeBuf.6143
                0x1fff00d4       0x10 ./Generated_Code/GI2C1.o
 .bss.SlaveAddr
                0x1fff00e4        0x1 ./Generated_Code/I2C1.o
 .bss.SlaveAddr
                0x1fff00e5        0x1 ./Generated_Code/I2C2.o
 *fill*         0x1fff00e6        0x2 
 .bss.PE_LDD_DeviceDataList
                0x1fff00e8       0x54 ./Generated_Code/PE_LDD.o
                0x1fff00e8                PE_LDD_DeviceDataList
 .bss.writeBuf.6143
                0x1fff013c       0x10 ./Generated_Code/SW_I2C_PWM.o
 .bss.DeviceDataPrv__DEFAULT_RTOS_ALLOC
                0x1fff014c       0x14 ./Generated_Code/TU1.o
 .bss.INT_FTM0__DEFAULT_RTOS_ISRPARAM
                0x1fff0160        0x4 ./Generated_Code/TU1.o
 .bss.DeviceDataPrv__DEFAULT_RTOS_ALLOC
                0x1fff0164       0x14 ./Generated_Code/TU2.o
 .bss.INT_FTM1__DEFAULT_RTOS_ISRPARAM
                0x1fff0178        0x4 ./Generated_Code/TU2.o
 .bss.DeviceDataPrv__DEFAULT_RTOS_ALLOC
                0x1fff017c       0x14 ./Generated_Code/TU3.o
 .bss.INT_FTM2__DEFAULT_RTOS_ISRPARAM
                0x1fff0190        0x4 ./Generated_Code/TU3.o
 .bss.DeviceDataPrv__DEFAULT_RTOS_ALLOC
                0x1fff0194        0xc ./Generated_Code/TimerIntLdd1.o
 .bss.DeviceDataPrv__DEFAULT_RTOS_ALLOC
                0x1fff01a0        0xc ./Generated_Code/TimerIntLdd2.o
 .bss.DeviceDataPrv__DEFAULT_RTOS_ALLOC
                0x1fff01ac        0xc ./Generated_Code/TimerIntLdd3.o
 .bss.EnMode    0x1fff01b8        0x1 ./Generated_Code/UART0.o
 *fill*         0x1fff01b9        0x1 
 .bss.SerFlag   0x1fff01ba        0x2 ./Generated_Code/UART0.o
 .bss.UART0_InpLen
                0x1fff01bc        0x2 ./Generated_Code/UART0.o
 .bss.InpIndexR
                0x1fff01be        0x2 ./Generated_Code/UART0.o
 .bss.InpIndexW
                0x1fff01c0        0x2 ./Generated_Code/UART0.o
 *fill*         0x1fff01c2        0x2 
 .bss.InpBuffer
                0x1fff01c4       0x34 ./Generated_Code/UART0.o
 .bss.BufferRead
                0x1fff01f8        0x1 ./Generated_Code/UART0.o
 *fill*         0x1fff01f9        0x1 
 .bss.UART0_OutLen
                0x1fff01fa        0x2 ./Generated_Code/UART0.o
 .bss.OutIndexR
                0x1fff01fc        0x2 ./Generated_Code/UART0.o
 .bss.OutIndexW
                0x1fff01fe        0x2 ./Generated_Code/UART0.o
 .bss.OutBuffer
                0x1fff0200       0x34 ./Generated_Code/UART0.o
 .bss.OnFreeTxBufSemaphore
                0x1fff0234        0x1 ./Generated_Code/UART0.o
 *(COMMON)
 *fill*         0x1fff0235        0x3 
 COMMON         0x1fff0238       0x7f ./Sources/DCFcom.o
                0x1fff0238                buffRcvDcfData
                0x1fff026c                buffSndDcfData
                0x1fff02a0                buffSndDcfHeader
                0x1fff02a2                receiveData
                0x1fff02a3                processBuffRcv
                0x1fff02a4                dataCount
                0x1fff02a8                TimeOutCount
                0x1fff02a9                buffSndDCFbusy
                0x1fff02ac                dataOffset
                0x1fff02b0                TXbyteDelay
                0x1fff02b4                buffRcvDcfHeader
                0x1fff02b6                buffRcvDCFbusy
 *fill*         0x1fff02b7        0x1 
 COMMON         0x1fff02b8       0x11 ./Sources/Events.o
                0x1fff02b8                compassInterruptSended
                0x1fff02b9                TimeStartUSonic
                0x1fff02ba                TimeSmoothMotorsRefresh
                0x1fff02bb                UltrasonicCounterTime
                0x1fff02bc                trigCompassRead
                0x1fff02c0                UltrasonicEchoTime
                0x1fff02c4                UltrasonicDataReady
                0x1fff02c5                IrInterruptEnable
                0x1fff02c6                CompassDataReady
                0x1fff02c7                IrInterruptFlag
                0x1fff02c8                compassInterruptEnable
 *fill*         0x1fff02c9        0x3 
 COMMON         0x1fff02cc       0x8b ./Sources/hw_pwm.o
                0x1fff02cc                SM_ActualValue
                0x1fff02e6                StartUltrasonicTrig
                0x1fff02e7                UltrasonicWaitEcho
                0x1fff02e8                sm_smoothIncrement
                0x1fff02e9                SMInterruptEnable
                0x1fff02ea                SMInterruptFlag
                0x1fff02ec                PWM_ctrl_value
                0x1fff0320                SM_TargetValue
                0x1fff033a                SMnewCommand
                0x1fff033c                SM_Enable
                0x1fff0356                flag_uSonicEnable
 *fill*         0x1fff0357        0x1 
 COMMON         0x1fff0358       0x1d ./Sources/main.o
                0x1fff0358                myHeading
                0x1fff035c                compassInterruptMin
                0x1fff0360                compassDataValid
                0x1fff0361                compassInterruptFlag
                0x1fff0362                SM_Data_count
                0x1fff0363                UsonicRefreshTimeCnt
                0x1fff0364                IRInterruptSended
                0x1fff0365                SM_Data_offset
                0x1fff0368                compassInterruptMax
                0x1fff036c                uSonicDataValid
                0x1fff036d                SMInterruptSended
                0x1fff0370                UltrasonicDistance_mm
                0x1fff0374                IRdetectionStatus
 *fill*         0x1fff0375        0x3 
 COMMON         0x1fff0378       0x46 ./Sources/sensors.o
                0x1fff0378                X_Accel_offset
                0x1fff037a                Yout_Mag_16_bit_avg
                0x1fff037c                Xout_Mag_16_bit_max
                0x1fff037e                Zout_Mag_16_bit_avg
                0x1fff0380                Xout_Mag_16_bit
                0x1fff0382                Xout_Accel_14_bit
                0x1fff0384                Zout_g
                0x1fff0388                Zout_Mag_16_bit_min
                0x1fff038c                Yout_uT
                0x1fff0390                Zout_Mag_16_bit_max
                0x1fff0392                Yout_Accel_14_bit
                0x1fff0394                Zout_Accel_14_bit
                0x1fff0396                Yout_Mag_16_bit_max
                0x1fff0398                Xout_Mag_16_bit_min
                0x1fff039a                Yout_Mag_16_bit
                0x1fff039c                Yout_g
                0x1fff03a0                HeadingDec
                0x1fff03a4                compassCalibrationReady
                0x1fff03a6                Xout_Mag_16_bit_avg
                0x1fff03a8                Xout_g
                0x1fff03ac                Zout_uT
                0x1fff03b0                Y_Accel_offset
                0x1fff03b1                Z_Accel_offset
                0x1fff03b2                Zout_Mag_16_bit
                0x1fff03b4                Heading
                0x1fff03b8                Xout_uT
                0x1fff03bc                Yout_Mag_16_bit_min
 COMMON         0x1fff03be        0x1 ./Generated_Code/System/CPU_Init.o
                0x1fff03be                SR_reg
 *fill*         0x1fff03bf        0x1 
 COMMON         0x1fff03c0        0x4 ./Generated_Code/UART0.o
                0x1fff03c0                ASerialLdd1_DeviceDataPtr
                0x1fff03c4                . = ALIGN (0x4)
                0x1fff03c4                __END_BSS = .
                0x1fff03c4                PROVIDE (__bss_end__, __END_BSS)
                0x00006b58                _romp_at = ((___ROM_AT + SIZEOF (.data)) + SIZEOF (.m_data_20000000))

.romp           0x1fff03c4       0x24 load address 0x00006b58
                0x00006b58                __S_romp = _romp_at
                0x1fff03c4        0x4 LONG 0x6b58 ___ROM_AT
                0x1fff03c8        0x4 LONG 0x1fff0000 _sdata
                0x1fff03cc        0x4 LONG 0x0 ___data_size
                0x1fff03d0        0x4 LONG 0x6b58 ___m_data_20000000_ROMStart
                0x1fff03d4        0x4 LONG 0x20000000 ___m_data_20000000_RAMStart
                0x1fff03d8        0x4 LONG 0x0 ___m_data_20000000_ROMSize
                0x1fff03dc        0x4 LONG 0x0
                0x1fff03e0        0x4 LONG 0x0
                0x1fff03e4        0x4 LONG 0x0
                0x00080000                text_end = (ORIGIN (m_text) + 0x7fbf0)
                0x00006b7c                data_init_end = ((___m_data_20000000_ROMStart + SIZEOF (.m_data_20000000)) + SIZEOF (.romp))
                0x00000001                ASSERT ((data_init_end <= text_end), region m_text overflowed with text and data)

._user_heap_stack
                0x1fff03e8      0x800 load address 0x00006b7c
                0x1fff03e8                . = ALIGN (0x4)
                0x1fff03e8                PROVIDE (end, .)
                0x1fff03e8                PROVIDE (_end, .)
                0x1fff03e8                PROVIDE (__end__, .)
                0x1fff03e8                __heap_addr = .
                0x1fff03e8                __HeapBase = .
                0x1fff07e8                . = (. + __heap_size)
 *fill*         0x1fff03e8      0x400 
                0x1fff07e8                __HeapLimit = .
                0x1fff0be8                . = (. + __stack_size)
 *fill*         0x1fff07e8      0x400 
                0x1fff0be8                . = ALIGN (0x4)

.ARM.attributes
                0x00000000       0x30
 *(.ARM.attributes)
 .ARM.attributes
                0x00000000       0x22 c:/freescale/kds_3.0.0/toolchain/bin/../lib/gcc/arm-none-eabi/4.8.4/armv7e-m/fpu/crti.o
 .ARM.attributes
                0x00000022       0x34 c:/freescale/kds_3.0.0/toolchain/bin/../lib/gcc/arm-none-eabi/4.8.4/armv7e-m/fpu/crtbegin.o
 .ARM.attributes
                0x00000056       0x39 ./Sources/DCFcom.o
 .ARM.attributes
                0x0000008f       0x39 ./Sources/Events.o
 .ARM.attributes
                0x000000c8       0x39 ./Sources/hw_pwm.o
 .ARM.attributes
                0x00000101       0x39 ./Sources/main.o
 .ARM.attributes
                0x0000013a       0x39 ./Sources/sensors.o
 .ARM.attributes
                0x00000173       0x39 ./Project_Settings/Startup_Code/startup.o
 .ARM.attributes
                0x000001ac       0x39 ./Generated_Code/System/CPU_Init.o
 .ARM.attributes
                0x000001e5       0x39 ./Generated_Code/System/Vectors.o
 .ARM.attributes
                0x0000021e       0x39 ./Generated_Code/ASerialLdd1.o
 .ARM.attributes
                0x00000257       0x39 ./Generated_Code/BitIoLdd1.o
 .ARM.attributes
                0x00000290       0x39 ./Generated_Code/BitIoLdd2.o
 .ARM.attributes
                0x000002c9       0x39 ./Generated_Code/BitIoLdd3.o
 .ARM.attributes
                0x00000302       0x39 ./Generated_Code/BitIoLdd4.o
 .ARM.attributes
                0x0000033b       0x39 ./Generated_Code/BitIoLdd5.o
 .ARM.attributes
                0x00000374       0x39 ./Generated_Code/BitIoLdd6.o
 .ARM.attributes
                0x000003ad       0x39 ./Generated_Code/BitIoLdd7.o
 .ARM.attributes
                0x000003e6       0x39 ./Generated_Code/BitIoLdd8.o
 .ARM.attributes
                0x0000041f       0x39 ./Generated_Code/BitIoLdd9.o
 .ARM.attributes
                0x00000458       0x39 ./Generated_Code/Cpu.o
 .ARM.attributes
                0x00000491       0x39 ./Generated_Code/ExtIntLdd1.o
 .ARM.attributes
                0x000004ca       0x39 ./Generated_Code/ExtIntLdd2.o
 .ARM.attributes
                0x00000503       0x39 ./Generated_Code/ExtIntLdd3.o
 .ARM.attributes
                0x0000053c       0x39 ./Generated_Code/ExtIntLdd4.o
 .ARM.attributes
                0x00000575       0x39 ./Generated_Code/ExtIntLdd5.o
 .ARM.attributes
                0x000005ae       0x39 ./Generated_Code/FX1.o
 .ARM.attributes
                0x000005e7       0x39 ./Generated_Code/GI2C1.o
 .ARM.attributes
                0x00000620       0x39 ./Generated_Code/I2C1.o
 .ARM.attributes
                0x00000659       0x39 ./Generated_Code/I2C2.o
 .ARM.attributes
                0x00000692       0x39 ./Generated_Code/IR0_detect.o
 .ARM.attributes
                0x000006cb       0x39 ./Generated_Code/IR1_detect.o
 .ARM.attributes
                0x00000704       0x39 ./Generated_Code/IR2_detect.o
 .ARM.attributes
                0x0000073d       0x39 ./Generated_Code/Int1accel.o
 .ARM.attributes
                0x00000776       0x39 ./Generated_Code/PE_LDD.o
 .ARM.attributes
                0x000007af       0x39 ./Generated_Code/SW_I2C_PWM.o
 .ARM.attributes
                0x000007e8       0x39 ./Generated_Code/TI1.o
 .ARM.attributes
                0x00000821       0x39 ./Generated_Code/TI2.o
 .ARM.attributes
                0x0000085a       0x39 ./Generated_Code/TI3.o
 .ARM.attributes
                0x00000893       0x39 ./Generated_Code/TU1.o
 .ARM.attributes
                0x000008cc       0x39 ./Generated_Code/TU2.o
 .ARM.attributes
                0x00000905       0x39 ./Generated_Code/TU3.o
 .ARM.attributes
                0x0000093e       0x39 ./Generated_Code/TimerIntLdd1.o
 .ARM.attributes
                0x00000977       0x39 ./Generated_Code/TimerIntLdd2.o
 .ARM.attributes
                0x000009b0       0x39 ./Generated_Code/TimerIntLdd3.o
 .ARM.attributes
                0x000009e9       0x39 ./Generated_Code/UART0.o
 .ARM.attributes
                0x00000a22       0x39 ./Generated_Code/UsonicPWM.o
 .ARM.attributes
                0x00000a5b       0x39 ./Generated_Code/WAIT1.o
 .ARM.attributes
                0x00000a94       0x34 c:/freescale/kds_3.0.0/toolchain/bin/../lib/gcc/arm-none-eabi/4.8.4/../../../../arm-none-eabi/lib/armv7e-m/fpu\libm.a(lib_a-w_atan2.o)
 .ARM.attributes
                0x00000ac8       0x34 c:/freescale/kds_3.0.0/toolchain/bin/../lib/gcc/arm-none-eabi/4.8.4/../../../../arm-none-eabi/lib/armv7e-m/fpu\libm.a(lib_a-e_atan2.o)
 .ARM.attributes
                0x00000afc       0x34 c:/freescale/kds_3.0.0/toolchain/bin/../lib/gcc/arm-none-eabi/4.8.4/../../../../arm-none-eabi/lib/armv7e-m/fpu\libm.a(lib_a-s_atan.o)
 .ARM.attributes
                0x00000b30       0x34 c:/freescale/kds_3.0.0/toolchain/bin/../lib/gcc/arm-none-eabi/4.8.4/../../../../arm-none-eabi/lib/armv7e-m/fpu\libm.a(lib_a-s_fabs.o)
 .ARM.attributes
                0x00000b64       0x22 c:/freescale/kds_3.0.0/toolchain/bin/../lib/gcc/arm-none-eabi/4.8.4/armv7e-m/fpu\libgcc.a(_arm_addsubdf3.o)
 .ARM.attributes
                0x00000b86       0x22 c:/freescale/kds_3.0.0/toolchain/bin/../lib/gcc/arm-none-eabi/4.8.4/armv7e-m/fpu\libgcc.a(_arm_muldivdf3.o)
 .ARM.attributes
                0x00000ba8       0x22 c:/freescale/kds_3.0.0/toolchain/bin/../lib/gcc/arm-none-eabi/4.8.4/armv7e-m/fpu\libgcc.a(_arm_cmpdf2.o)
 .ARM.attributes
                0x00000bca       0x22 c:/freescale/kds_3.0.0/toolchain/bin/../lib/gcc/arm-none-eabi/4.8.4/armv7e-m/fpu\libgcc.a(_arm_fixunsdfsi.o)
 .ARM.attributes
                0x00000bec       0x22 c:/freescale/kds_3.0.0/toolchain/bin/../lib/gcc/arm-none-eabi/4.8.4/armv7e-m/fpu\libgcc.a(_arm_truncdfsf2.o)
 .ARM.attributes
                0x00000c0e       0x22 c:/freescale/kds_3.0.0/toolchain/bin/../lib/gcc/arm-none-eabi/4.8.4/armv7e-m/fpu/crtn.o
OUTPUT(octopod_k22f_hw1.elf elf32-littlearm)

.debug_info     0x00000000     0xc983
 .debug_info    0x00000000      0x2b1 ./Sources/DCFcom.o
 .debug_info    0x000002b1      0x368 ./Sources/Events.o
 .debug_info    0x00000619      0x2ed ./Sources/hw_pwm.o
 .debug_info    0x00000906      0x3ee ./Sources/main.o
 .debug_info    0x00000cf4      0x2e0 ./Sources/sensors.o
 .debug_info    0x00000fd4      0x4ae ./Project_Settings/Startup_Code/startup.o
 .debug_info    0x00001482      0xc03 ./Generated_Code/System/CPU_Init.o
 .debug_info    0x00002085      0x826 ./Generated_Code/System/Vectors.o
 .debug_info    0x000028ab      0x97b ./Generated_Code/ASerialLdd1.o
 .debug_info    0x00003226      0x53a ./Generated_Code/BitIoLdd1.o
 .debug_info    0x00003760      0x53a ./Generated_Code/BitIoLdd2.o
 .debug_info    0x00003c9a      0x53a ./Generated_Code/BitIoLdd3.o
 .debug_info    0x000041d4      0x53a ./Generated_Code/BitIoLdd4.o
 .debug_info    0x0000470e      0x504 ./Generated_Code/BitIoLdd5.o
 .debug_info    0x00004c12      0x504 ./Generated_Code/BitIoLdd6.o
 .debug_info    0x00005116      0x53a ./Generated_Code/BitIoLdd7.o
 .debug_info    0x00005650      0x504 ./Generated_Code/BitIoLdd8.o
 .debug_info    0x00005b54      0x504 ./Generated_Code/BitIoLdd9.o
 .debug_info    0x00006058      0x373 ./Generated_Code/Cpu.o
 .debug_info    0x000063cb      0x5ef ./Generated_Code/ExtIntLdd1.o
 .debug_info    0x000069ba      0x5ef ./Generated_Code/ExtIntLdd2.o
 .debug_info    0x00006fa9      0x5ef ./Generated_Code/ExtIntLdd3.o
 .debug_info    0x00007598      0x5ef ./Generated_Code/ExtIntLdd4.o
 .debug_info    0x00007b87      0x5ef ./Generated_Code/ExtIntLdd5.o
 .debug_info    0x00008176      0x897 ./Generated_Code/FX1.o
 .debug_info    0x00008a0d      0x4ba ./Generated_Code/GI2C1.o
 .debug_info    0x00008ec7      0x4cf ./Generated_Code/I2C1.o
 .debug_info    0x00009396      0x4cf ./Generated_Code/I2C2.o
 .debug_info    0x00009865       0xb2 ./Generated_Code/IR0_detect.o
 .debug_info    0x00009917       0xb2 ./Generated_Code/IR1_detect.o
 .debug_info    0x000099c9       0xb2 ./Generated_Code/IR2_detect.o
 .debug_info    0x00009a7b       0xb2 ./Generated_Code/Int1accel.o
 .debug_info    0x00009b2d      0x251 ./Generated_Code/PE_LDD.o
 .debug_info    0x00009d7e      0x4ba ./Generated_Code/SW_I2C_PWM.o
 .debug_info    0x0000a238       0xb2 ./Generated_Code/TI1.o
 .debug_info    0x0000a2ea       0xb2 ./Generated_Code/TI2.o
 .debug_info    0x0000a39c       0xb2 ./Generated_Code/TI3.o
 .debug_info    0x0000a44e      0x815 ./Generated_Code/TU1.o
 .debug_info    0x0000ac63      0x815 ./Generated_Code/TU2.o
 .debug_info    0x0000b478      0x815 ./Generated_Code/TU3.o
 .debug_info    0x0000bc8d      0x1e5 ./Generated_Code/TimerIntLdd1.o
 .debug_info    0x0000be72      0x1e5 ./Generated_Code/TimerIntLdd2.o
 .debug_info    0x0000c057      0x1e5 ./Generated_Code/TimerIntLdd3.o
 .debug_info    0x0000c23c      0x54d ./Generated_Code/UART0.o
 .debug_info    0x0000c789       0xb2 ./Generated_Code/UsonicPWM.o
 .debug_info    0x0000c83b      0x148 ./Generated_Code/WAIT1.o

.debug_abbrev   0x00000000     0x37c0
 .debug_abbrev  0x00000000       0xc1 ./Sources/DCFcom.o
 .debug_abbrev  0x000000c1      0x161 ./Sources/Events.o
 .debug_abbrev  0x00000222      0x113 ./Sources/hw_pwm.o
 .debug_abbrev  0x00000335      0x11a ./Sources/main.o
 .debug_abbrev  0x0000044f       0xc2 ./Sources/sensors.o
 .debug_abbrev  0x00000511      0x1a1 ./Project_Settings/Startup_Code/startup.o
 .debug_abbrev  0x000006b2      0x1db ./Generated_Code/System/CPU_Init.o
 .debug_abbrev  0x0000088d       0xd8 ./Generated_Code/System/Vectors.o
 .debug_abbrev  0x00000965      0x1fd ./Generated_Code/ASerialLdd1.o
 .debug_abbrev  0x00000b62      0x186 ./Generated_Code/BitIoLdd1.o
 .debug_abbrev  0x00000ce8      0x186 ./Generated_Code/BitIoLdd2.o
 .debug_abbrev  0x00000e6e      0x186 ./Generated_Code/BitIoLdd3.o
 .debug_abbrev  0x00000ff4      0x186 ./Generated_Code/BitIoLdd4.o
 .debug_abbrev  0x0000117a      0x15d ./Generated_Code/BitIoLdd5.o
 .debug_abbrev  0x000012d7      0x15d ./Generated_Code/BitIoLdd6.o
 .debug_abbrev  0x00001434      0x186 ./Generated_Code/BitIoLdd7.o
 .debug_abbrev  0x000015ba      0x15d ./Generated_Code/BitIoLdd8.o
 .debug_abbrev  0x00001717      0x15d ./Generated_Code/BitIoLdd9.o
 .debug_abbrev  0x00001874      0x105 ./Generated_Code/Cpu.o
 .debug_abbrev  0x00001979      0x15d ./Generated_Code/ExtIntLdd1.o
 .debug_abbrev  0x00001ad6      0x15d ./Generated_Code/ExtIntLdd2.o
 .debug_abbrev  0x00001c33      0x15d ./Generated_Code/ExtIntLdd3.o
 .debug_abbrev  0x00001d90      0x15d ./Generated_Code/ExtIntLdd4.o
 .debug_abbrev  0x00001eed      0x15d ./Generated_Code/ExtIntLdd5.o
 .debug_abbrev  0x0000204a      0x1b5 ./Generated_Code/FX1.o
 .debug_abbrev  0x000021ff      0x175 ./Generated_Code/GI2C1.o
 .debug_abbrev  0x00002374      0x1a5 ./Generated_Code/I2C1.o
 .debug_abbrev  0x00002519      0x1a5 ./Generated_Code/I2C2.o
 .debug_abbrev  0x000026be       0x68 ./Generated_Code/IR0_detect.o
 .debug_abbrev  0x00002726       0x68 ./Generated_Code/IR1_detect.o
 .debug_abbrev  0x0000278e       0x68 ./Generated_Code/IR2_detect.o
 .debug_abbrev  0x000027f6       0x68 ./Generated_Code/Int1accel.o
 .debug_abbrev  0x0000285e      0x127 ./Generated_Code/PE_LDD.o
 .debug_abbrev  0x00002985      0x175 ./Generated_Code/SW_I2C_PWM.o
 .debug_abbrev  0x00002afa       0x68 ./Generated_Code/TI1.o
 .debug_abbrev  0x00002b62       0x68 ./Generated_Code/TI2.o
 .debug_abbrev  0x00002bca       0x68 ./Generated_Code/TI3.o
 .debug_abbrev  0x00002c32      0x1f2 ./Generated_Code/TU1.o
 .debug_abbrev  0x00002e24      0x1f2 ./Generated_Code/TU2.o
 .debug_abbrev  0x00003016      0x1f2 ./Generated_Code/TU3.o
 .debug_abbrev  0x00003208       0xf7 ./Generated_Code/TimerIntLdd1.o
 .debug_abbrev  0x000032ff       0xf7 ./Generated_Code/TimerIntLdd2.o
 .debug_abbrev  0x000033f6       0xf7 ./Generated_Code/TimerIntLdd3.o
 .debug_abbrev  0x000034ed      0x1ba ./Generated_Code/UART0.o
 .debug_abbrev  0x000036a7       0x68 ./Generated_Code/UsonicPWM.o
 .debug_abbrev  0x0000370f       0xb1 ./Generated_Code/WAIT1.o

.debug_aranges  0x00000000     0x1068
 .debug_aranges
                0x00000000       0x40 ./Sources/DCFcom.o
 .debug_aranges
                0x00000040       0x90 ./Sources/Events.o
 .debug_aranges
                0x000000d0       0x48 ./Sources/hw_pwm.o
 .debug_aranges
                0x00000118       0x30 ./Sources/main.o
 .debug_aranges
                0x00000148       0x38 ./Sources/sensors.o
 .debug_aranges
                0x00000180       0x60 ./Project_Settings/Startup_Code/startup.o
 .debug_aranges
                0x000001e0       0x50 ./Generated_Code/System/CPU_Init.o
 .debug_aranges
                0x00000230      0x340 ./Generated_Code/System/Vectors.o
 .debug_aranges
                0x00000570       0x70 ./Generated_Code/ASerialLdd1.o
 .debug_aranges
                0x000005e0       0x48 ./Generated_Code/BitIoLdd1.o
 .debug_aranges
                0x00000628       0x48 ./Generated_Code/BitIoLdd2.o
 .debug_aranges
                0x00000670       0x48 ./Generated_Code/BitIoLdd3.o
 .debug_aranges
                0x000006b8       0x48 ./Generated_Code/BitIoLdd4.o
 .debug_aranges
                0x00000700       0x40 ./Generated_Code/BitIoLdd5.o
 .debug_aranges
                0x00000740       0x40 ./Generated_Code/BitIoLdd6.o
 .debug_aranges
                0x00000780       0x48 ./Generated_Code/BitIoLdd7.o
 .debug_aranges
                0x000007c8       0x40 ./Generated_Code/BitIoLdd8.o
 .debug_aranges
                0x00000808       0x40 ./Generated_Code/BitIoLdd9.o
 .debug_aranges
                0x00000848       0x38 ./Generated_Code/Cpu.o
 .debug_aranges
                0x00000880       0x30 ./Generated_Code/ExtIntLdd1.o
 .debug_aranges
                0x000008b0       0x30 ./Generated_Code/ExtIntLdd2.o
 .debug_aranges
                0x000008e0       0x30 ./Generated_Code/ExtIntLdd3.o
 .debug_aranges
                0x00000910       0x30 ./Generated_Code/ExtIntLdd4.o
 .debug_aranges
                0x00000940       0x30 ./Generated_Code/ExtIntLdd5.o
 .debug_aranges
                0x00000970      0x128 ./Generated_Code/FX1.o
 .debug_aranges
                0x00000a98       0x90 ./Generated_Code/GI2C1.o
 .debug_aranges
                0x00000b28       0x98 ./Generated_Code/I2C1.o
 .debug_aranges
                0x00000bc0       0x98 ./Generated_Code/I2C2.o
 .debug_aranges
                0x00000c58       0x20 ./Generated_Code/IR0_detect.o
 .debug_aranges
                0x00000c78       0x20 ./Generated_Code/IR1_detect.o
 .debug_aranges
                0x00000c98       0x20 ./Generated_Code/IR2_detect.o
 .debug_aranges
                0x00000cb8       0x20 ./Generated_Code/Int1accel.o
 .debug_aranges
                0x00000cd8       0x30 ./Generated_Code/PE_LDD.o
 .debug_aranges
                0x00000d08       0x90 ./Generated_Code/SW_I2C_PWM.o
 .debug_aranges
                0x00000d98       0x20 ./Generated_Code/TI1.o
 .debug_aranges
                0x00000db8       0x20 ./Generated_Code/TI2.o
 .debug_aranges
                0x00000dd8       0x20 ./Generated_Code/TI3.o
 .debug_aranges
                0x00000df8       0x50 ./Generated_Code/TU1.o
 .debug_aranges
                0x00000e48       0x50 ./Generated_Code/TU2.o
 .debug_aranges
                0x00000e98       0x50 ./Generated_Code/TU3.o
 .debug_aranges
                0x00000ee8       0x30 ./Generated_Code/TimerIntLdd1.o
 .debug_aranges
                0x00000f18       0x30 ./Generated_Code/TimerIntLdd2.o
 .debug_aranges
                0x00000f48       0x30 ./Generated_Code/TimerIntLdd3.o
 .debug_aranges
                0x00000f78       0x90 ./Generated_Code/UART0.o
 .debug_aranges
                0x00001008       0x20 ./Generated_Code/UsonicPWM.o
 .debug_aranges
                0x00001028       0x40 ./Generated_Code/WAIT1.o

.debug_ranges   0x00000000      0xd88
 .debug_ranges  0x00000000       0x30 ./Sources/DCFcom.o
 .debug_ranges  0x00000030       0x80 ./Sources/Events.o
 .debug_ranges  0x000000b0       0x38 ./Sources/hw_pwm.o
 .debug_ranges  0x000000e8       0x20 ./Sources/main.o
 .debug_ranges  0x00000108       0x28 ./Sources/sensors.o
 .debug_ranges  0x00000130       0x50 ./Project_Settings/Startup_Code/startup.o
 .debug_ranges  0x00000180       0x40 ./Generated_Code/System/CPU_Init.o
 .debug_ranges  0x000001c0      0x330 ./Generated_Code/System/Vectors.o
 .debug_ranges  0x000004f0       0x60 ./Generated_Code/ASerialLdd1.o
 .debug_ranges  0x00000550       0x38 ./Generated_Code/BitIoLdd1.o
 .debug_ranges  0x00000588       0x38 ./Generated_Code/BitIoLdd2.o
 .debug_ranges  0x000005c0       0x38 ./Generated_Code/BitIoLdd3.o
 .debug_ranges  0x000005f8       0x38 ./Generated_Code/BitIoLdd4.o
 .debug_ranges  0x00000630       0x30 ./Generated_Code/BitIoLdd5.o
 .debug_ranges  0x00000660       0x30 ./Generated_Code/BitIoLdd6.o
 .debug_ranges  0x00000690       0x38 ./Generated_Code/BitIoLdd7.o
 .debug_ranges  0x000006c8       0x30 ./Generated_Code/BitIoLdd8.o
 .debug_ranges  0x000006f8       0x30 ./Generated_Code/BitIoLdd9.o
 .debug_ranges  0x00000728       0x28 ./Generated_Code/Cpu.o
 .debug_ranges  0x00000750       0x20 ./Generated_Code/ExtIntLdd1.o
 .debug_ranges  0x00000770       0x20 ./Generated_Code/ExtIntLdd2.o
 .debug_ranges  0x00000790       0x20 ./Generated_Code/ExtIntLdd3.o
 .debug_ranges  0x000007b0       0x20 ./Generated_Code/ExtIntLdd4.o
 .debug_ranges  0x000007d0       0x20 ./Generated_Code/ExtIntLdd5.o
 .debug_ranges  0x000007f0      0x118 ./Generated_Code/FX1.o
 .debug_ranges  0x00000908       0x80 ./Generated_Code/GI2C1.o
 .debug_ranges  0x00000988       0x88 ./Generated_Code/I2C1.o
 .debug_ranges  0x00000a10       0x88 ./Generated_Code/I2C2.o
 .debug_ranges  0x00000a98       0x10 ./Generated_Code/IR0_detect.o
 .debug_ranges  0x00000aa8       0x10 ./Generated_Code/IR1_detect.o
 .debug_ranges  0x00000ab8       0x10 ./Generated_Code/IR2_detect.o
 .debug_ranges  0x00000ac8       0x10 ./Generated_Code/Int1accel.o
 .debug_ranges  0x00000ad8       0x20 ./Generated_Code/PE_LDD.o
 .debug_ranges  0x00000af8       0x80 ./Generated_Code/SW_I2C_PWM.o
 .debug_ranges  0x00000b78       0x10 ./Generated_Code/TI1.o
 .debug_ranges  0x00000b88       0x10 ./Generated_Code/TI2.o
 .debug_ranges  0x00000b98       0x10 ./Generated_Code/TI3.o
 .debug_ranges  0x00000ba8       0x40 ./Generated_Code/TU1.o
 .debug_ranges  0x00000be8       0x40 ./Generated_Code/TU2.o
 .debug_ranges  0x00000c28       0x40 ./Generated_Code/TU3.o
 .debug_ranges  0x00000c68       0x20 ./Generated_Code/TimerIntLdd1.o
 .debug_ranges  0x00000c88       0x20 ./Generated_Code/TimerIntLdd2.o
 .debug_ranges  0x00000ca8       0x20 ./Generated_Code/TimerIntLdd3.o
 .debug_ranges  0x00000cc8       0x80 ./Generated_Code/UART0.o
 .debug_ranges  0x00000d48       0x10 ./Generated_Code/UsonicPWM.o
 .debug_ranges  0x00000d58       0x30 ./Generated_Code/WAIT1.o

.debug_macro    0x00000000    0x2bf7b
 .debug_macro   0x00000000      0x1cc ./Sources/DCFcom.o
 .debug_macro   0x000001cc      0x850 ./Sources/DCFcom.o
 .debug_macro   0x00000a1c       0x16 ./Sources/DCFcom.o
 .debug_macro   0x00000a32       0x44 ./Sources/DCFcom.o
 .debug_macro   0x00000a76      0x209 ./Sources/DCFcom.o
 .debug_macro   0x00000c7f       0x58 ./Sources/DCFcom.o
 .debug_macro   0x00000cd7       0x35 ./Sources/DCFcom.o
 .debug_macro   0x00000d0c       0xa3 ./Sources/DCFcom.o
 .debug_macro   0x00000daf       0x16 ./Sources/DCFcom.o
 .debug_macro   0x00000dc5       0x97 ./Sources/DCFcom.o
 .debug_macro   0x00000e5c       0x10 ./Sources/DCFcom.o
 .debug_macro   0x00000e6c       0xef ./Sources/DCFcom.o
 .debug_macro   0x00000f5b       0x52 ./Sources/DCFcom.o
 .debug_macro   0x00000fad       0x16 ./Sources/DCFcom.o
 .debug_macro   0x00000fc3       0x43 ./Sources/DCFcom.o
 .debug_macro   0x00001006      0x180 ./Sources/DCFcom.o
 .debug_macro   0x00001186       0x10 ./Sources/DCFcom.o
 .debug_macro   0x00001196       0x22 ./Sources/DCFcom.o
 .debug_macro   0x000011b8       0xbd ./Sources/DCFcom.o
 .debug_macro   0x00001275       0x16 ./Sources/DCFcom.o
 .debug_macro   0x0000128b      0x14a ./Sources/DCFcom.o
 .debug_macro   0x000013d5      0x2a6 ./Sources/DCFcom.o
 .debug_macro   0x0000167b       0x10 ./Sources/DCFcom.o
 .debug_macro   0x0000168b       0x35 ./Sources/DCFcom.o
 .debug_macro   0x000016c0       0x52 ./Sources/DCFcom.o
 .debug_macro   0x00001712     0x1801 ./Sources/DCFcom.o
 .debug_macro   0x00002f13      0x14e ./Sources/DCFcom.o
 .debug_macro   0x00003061       0x6a ./Sources/DCFcom.o
 .debug_macro   0x000030cb     0xbca7 ./Sources/DCFcom.o
 .debug_macro   0x0000ed72       0x16 ./Sources/DCFcom.o
 .debug_macro   0x0000ed88      0x7aa ./Sources/DCFcom.o
 .debug_macro   0x0000f532       0x10 ./Sources/DCFcom.o
 .debug_macro   0x0000f542       0x6d ./Sources/DCFcom.o
 .debug_macro   0x0000f5af       0x20 ./Sources/DCFcom.o
 .debug_macro   0x0000f5cf      0x100 ./Sources/DCFcom.o
 .debug_macro   0x0000f6cf       0x3d ./Sources/DCFcom.o
 .debug_macro   0x0000f70c      0x52b ./Sources/Events.o
 .debug_macro   0x0000fc37     0x1801 ./Sources/Events.o
 .debug_macro   0x00011438       0x94 ./Sources/Events.o
 .debug_macro   0x000114cc      0x12c ./Sources/Events.o
 .debug_macro   0x000115f8      0x4ea ./Sources/Events.o
 .debug_macro   0x00011ae2       0x2e ./Sources/Events.o
 .debug_macro   0x00011b10       0x4c ./Sources/Events.o
 .debug_macro   0x00011b5c       0x26 ./Sources/Events.o
 .debug_macro   0x00011b82       0x4c ./Sources/Events.o
 .debug_macro   0x00011bce       0x26 ./Sources/Events.o
 .debug_macro   0x00011bf4       0x16 ./Sources/Events.o
 .debug_macro   0x00011c0a       0xaf ./Sources/Events.o
 .debug_macro   0x00011cb9      0x6a6 ./Sources/Events.o
 .debug_macro   0x0001235f       0x70 ./Sources/Events.o
 .debug_macro   0x000123cf       0x1c ./Sources/Events.o
 .debug_macro   0x000123eb       0x4c ./Sources/Events.o
 .debug_macro   0x00012437       0x26 ./Sources/Events.o
 .debug_macro   0x0001245d       0x4c ./Sources/Events.o
 .debug_macro   0x000124a9       0x26 ./Sources/Events.o
 .debug_macro   0x000124cf       0x16 ./Sources/Events.o
 .debug_macro   0x000124e5       0x46 ./Sources/Events.o
 .debug_macro   0x0001252b       0x1f ./Sources/Events.o
 .debug_macro   0x0001254a       0x46 ./Sources/Events.o
 .debug_macro   0x00012590       0x1f ./Sources/Events.o
 .debug_macro   0x000125af       0x34 ./Sources/Events.o
 .debug_macro   0x000125e3       0x34 ./Sources/Events.o
 .debug_macro   0x00012617       0x34 ./Sources/Events.o
 .debug_macro   0x0001264b       0x34 ./Sources/Events.o
 .debug_macro   0x0001267f       0x73 ./Sources/Events.o
 .debug_macro   0x000126f2       0x76 ./Sources/Events.o
 .debug_macro   0x00012768       0x1c ./Sources/Events.o
 .debug_macro   0x00012784       0x76 ./Sources/Events.o
 .debug_macro   0x000127fa       0x1c ./Sources/Events.o
 .debug_macro   0x00012816       0x46 ./Sources/Events.o
 .debug_macro   0x0001285c       0x1f ./Sources/Events.o
 .debug_macro   0x0001287b       0x46 ./Sources/Events.o
 .debug_macro   0x000128c1       0x1f ./Sources/Events.o
 .debug_macro   0x000128e0       0x4c ./Sources/Events.o
 .debug_macro   0x0001292c       0x26 ./Sources/Events.o
 .debug_macro   0x00012952      0x61c ./Sources/Events.o
 .debug_macro   0x00012f6e      0x328 ./Sources/Events.o
 .debug_macro   0x00013296      0x109 ./Sources/Events.o
 .debug_macro   0x0001339f      0x17f ./Sources/Events.o
 .debug_macro   0x0001351e      0x202 ./Sources/Events.o
 .debug_macro   0x00013720      0x91e ./Sources/Events.o
 .debug_macro   0x0001403e       0x9e ./Sources/Events.o
 .debug_macro   0x000140dc      0x1f9 ./Sources/Events.o
 .debug_macro   0x000142d5      0x39c ./Sources/Events.o
 .debug_macro   0x00014671      0x29c ./Sources/Events.o
 .debug_macro   0x0001490d      0x264 ./Sources/Events.o
 .debug_macro   0x00014b71      0x25b ./Sources/Events.o
 .debug_macro   0x00014dcc      0x399 ./Sources/Events.o
 .debug_macro   0x00015165      0x4eb ./Sources/Events.o
 .debug_macro   0x00015650      0x13f ./Sources/Events.o
 .debug_macro   0x0001578f       0x6c ./Sources/Events.o
 .debug_macro   0x000157fb      0x30d ./Sources/Events.o
 .debug_macro   0x00015b08       0xbb ./Sources/Events.o
 .debug_macro   0x00015bc3       0xe9 ./Sources/Events.o
 .debug_macro   0x00015cac      0x18f ./Sources/Events.o
 .debug_macro   0x00015e3b       0xea ./Sources/Events.o
 .debug_macro   0x00015f25      0x344 ./Sources/Events.o
 .debug_macro   0x00016269      0x824 ./Sources/Events.o
 .debug_macro   0x00016a8d      0x179 ./Sources/Events.o
 .debug_macro   0x00016c06      0x9e2 ./Sources/Events.o
 .debug_macro   0x000175e8      0x129 ./Sources/Events.o
 .debug_macro   0x00017711      0x648 ./Sources/Events.o
 .debug_macro   0x00017d59       0x81 ./Sources/Events.o
 .debug_macro   0x00017dda      0x7bf ./Sources/Events.o
 .debug_macro   0x00018599      0x66f ./Sources/Events.o
 .debug_macro   0x00018c08       0x7b ./Sources/Events.o
 .debug_macro   0x00018c83      0x182 ./Sources/Events.o
 .debug_macro   0x00018e05       0x1c ./Sources/Events.o
 .debug_macro   0x00018e21       0x1c ./Sources/Events.o
 .debug_macro   0x00018e3d      0x1ef ./Sources/hw_pwm.o
 .debug_macro   0x0001902c       0x40 ./Sources/hw_pwm.o
 .debug_macro   0x0001906c      0x58f ./Sources/main.o
 .debug_macro   0x000195fb      0x166 ./Sources/main.o
 .debug_macro   0x00019761       0xde ./Sources/main.o
 .debug_macro   0x0001983f      0x49c ./Sources/sensors.o
 .debug_macro   0x00019cdb      0x12d ./Project_Settings/Startup_Code/startup.o
 .debug_macro   0x00019e08       0x4a ./Project_Settings/Startup_Code/startup.o
 .debug_macro   0x00019e52       0x16 ./Project_Settings/Startup_Code/startup.o
 .debug_macro   0x00019e68       0x22 ./Project_Settings/Startup_Code/startup.o
 .debug_macro   0x00019e8a       0x10 ./Project_Settings/Startup_Code/startup.o
 .debug_macro   0x00019e9a      0x20f ./Project_Settings/Startup_Code/startup.o
 .debug_macro   0x0001a0a9     0xbc9b ./Project_Settings/Startup_Code/startup.o
 .debug_macro   0x00025d44      0x428 ./Generated_Code/System/CPU_Init.o
 .debug_macro   0x0002616c       0x1c ./Generated_Code/System/CPU_Init.o
 .debug_macro   0x00026188       0xb5 ./Generated_Code/System/CPU_Init.o
 .debug_macro   0x0002623d       0x1c ./Generated_Code/System/CPU_Init.o
 .debug_macro   0x00026259      0x2bf ./Generated_Code/System/CPU_Init.o
 .debug_macro   0x00026518      0x416 ./Generated_Code/System/Vectors.o
 .debug_macro   0x0002692e      0x112 ./Generated_Code/ASerialLdd1.o
 .debug_macro   0x00026a40       0x26 ./Generated_Code/ASerialLdd1.o
 .debug_macro   0x00026a66      0x393 ./Generated_Code/ASerialLdd1.o
 .debug_macro   0x00026df9       0xf9 ./Generated_Code/BitIoLdd1.o
 .debug_macro   0x00026ef2       0x46 ./Generated_Code/BitIoLdd1.o
 .debug_macro   0x00026f38       0xf9 ./Generated_Code/BitIoLdd2.o
 .debug_macro   0x00027031       0x46 ./Generated_Code/BitIoLdd2.o
 .debug_macro   0x00027077       0xf9 ./Generated_Code/BitIoLdd3.o
 .debug_macro   0x00027170       0x46 ./Generated_Code/BitIoLdd3.o
 .debug_macro   0x000271b6       0xf9 ./Generated_Code/BitIoLdd4.o
 .debug_macro   0x000272af       0x46 ./Generated_Code/BitIoLdd4.o
 .debug_macro   0x000272f5       0xf9 ./Generated_Code/BitIoLdd5.o
 .debug_macro   0x000273ee       0x40 ./Generated_Code/BitIoLdd5.o
 .debug_macro   0x0002742e       0xf9 ./Generated_Code/BitIoLdd6.o
 .debug_macro   0x00027527       0xf9 ./Generated_Code/BitIoLdd7.o
 .debug_macro   0x00027620       0x46 ./Generated_Code/BitIoLdd7.o
 .debug_macro   0x00027666       0xf9 ./Generated_Code/BitIoLdd8.o
 .debug_macro   0x0002775f       0x40 ./Generated_Code/BitIoLdd8.o
 .debug_macro   0x0002779f       0xf9 ./Generated_Code/BitIoLdd9.o
 .debug_macro   0x00027898       0x40 ./Generated_Code/BitIoLdd9.o
 .debug_macro   0x000278d8      0x3ed ./Generated_Code/Cpu.o
 .debug_macro   0x00027cc5      0x112 ./Generated_Code/ExtIntLdd1.o
 .debug_macro   0x00027dd7      0x112 ./Generated_Code/ExtIntLdd2.o
 .debug_macro   0x00027ee9       0x2e ./Generated_Code/ExtIntLdd2.o
 .debug_macro   0x00027f17      0x112 ./Generated_Code/ExtIntLdd3.o
 .debug_macro   0x00028029       0x2e ./Generated_Code/ExtIntLdd3.o
 .debug_macro   0x00028057      0x112 ./Generated_Code/ExtIntLdd4.o
 .debug_macro   0x00028169       0x2e ./Generated_Code/ExtIntLdd4.o
 .debug_macro   0x00028197      0x112 ./Generated_Code/ExtIntLdd5.o
 .debug_macro   0x000282a9       0x2e ./Generated_Code/ExtIntLdd5.o
 .debug_macro   0x000282d7      0x16f ./Generated_Code/FX1.o
 .debug_macro   0x00028446       0x37 ./Generated_Code/FX1.o
 .debug_macro   0x0002847d      0x148 ./Generated_Code/GI2C1.o
 .debug_macro   0x000285c5      0x199 ./Generated_Code/I2C1.o
 .debug_macro   0x0002875e      0x199 ./Generated_Code/I2C2.o
 .debug_macro   0x000288f7      0x3d9 ./Generated_Code/IR0_detect.o
 .debug_macro   0x00028cd0      0x3d9 ./Generated_Code/IR1_detect.o
 .debug_macro   0x000290a9      0x3d9 ./Generated_Code/IR2_detect.o
 .debug_macro   0x00029482      0x3d9 ./Generated_Code/Int1accel.o
 .debug_macro   0x0002985b      0x33e ./Generated_Code/PE_LDD.o
 .debug_macro   0x00029b99      0x148 ./Generated_Code/SW_I2C_PWM.o
 .debug_macro   0x00029ce1      0x3d9 ./Generated_Code/TI1.o
 .debug_macro   0x0002a0ba      0x3d9 ./Generated_Code/TI2.o
 .debug_macro   0x0002a493      0x3d9 ./Generated_Code/TI3.o
 .debug_macro   0x0002a86c      0x10f ./Generated_Code/TU1.o
 .debug_macro   0x0002a97b      0x6a0 ./Generated_Code/TU1.o
 .debug_macro   0x0002b01b      0x10f ./Generated_Code/TU2.o
 .debug_macro   0x0002b12a       0x70 ./Generated_Code/TU2.o
 .debug_macro   0x0002b19a      0x10f ./Generated_Code/TU3.o
 .debug_macro   0x0002b2a9       0x70 ./Generated_Code/TU3.o
 .debug_macro   0x0002b319      0x118 ./Generated_Code/TimerIntLdd1.o
 .debug_macro   0x0002b431      0x118 ./Generated_Code/TimerIntLdd2.o
 .debug_macro   0x0002b549      0x118 ./Generated_Code/TimerIntLdd3.o
 .debug_macro   0x0002b661      0x460 ./Generated_Code/UART0.o
 .debug_macro   0x0002bac1      0x3d9 ./Generated_Code/UsonicPWM.o
 .debug_macro   0x0002be9a       0xe1 ./Generated_Code/WAIT1.o

.debug_line     0x00000000    0x1128d
 .debug_line    0x00000000      0x4f7 ./Sources/DCFcom.o
 .debug_line    0x000004f7      0x9f6 ./Sources/Events.o
 .debug_line    0x00000eed      0x5ce ./Sources/hw_pwm.o
 .debug_line    0x000014bb      0xa61 ./Sources/main.o
 .debug_line    0x00001f1c      0x782 ./Sources/sensors.o
 .debug_line    0x0000269e      0x48c ./Project_Settings/Startup_Code/startup.o
 .debug_line    0x00002b2a      0x8da ./Generated_Code/System/CPU_Init.o
 .debug_line    0x00003404      0xe03 ./Generated_Code/System/Vectors.o
 .debug_line    0x00004207      0x58f ./Generated_Code/ASerialLdd1.o
 .debug_line    0x00004796      0x455 ./Generated_Code/BitIoLdd1.o
 .debug_line    0x00004beb      0x455 ./Generated_Code/BitIoLdd2.o
 .debug_line    0x00005040      0x455 ./Generated_Code/BitIoLdd3.o
 .debug_line    0x00005495      0x455 ./Generated_Code/BitIoLdd4.o
 .debug_line    0x000058ea      0x43f ./Generated_Code/BitIoLdd5.o
 .debug_line    0x00005d29      0x43f ./Generated_Code/BitIoLdd6.o
 .debug_line    0x00006168      0x455 ./Generated_Code/BitIoLdd7.o
 .debug_line    0x000065bd      0x43f ./Generated_Code/BitIoLdd8.o
 .debug_line    0x000069fc      0x43f ./Generated_Code/BitIoLdd9.o
 .debug_line    0x00006e3b      0x78d ./Generated_Code/Cpu.o
 .debug_line    0x000075c8      0x43e ./Generated_Code/ExtIntLdd1.o
 .debug_line    0x00007a06      0x440 ./Generated_Code/ExtIntLdd2.o
 .debug_line    0x00007e46      0x440 ./Generated_Code/ExtIntLdd3.o
 .debug_line    0x00008286      0x43f ./Generated_Code/ExtIntLdd4.o
 .debug_line    0x000086c5      0x43e ./Generated_Code/ExtIntLdd5.o
 .debug_line    0x00008b03      0x72f ./Generated_Code/FX1.o
 .debug_line    0x00009232      0x598 ./Generated_Code/GI2C1.o
 .debug_line    0x000097ca      0x735 ./Generated_Code/I2C1.o
 .debug_line    0x00009eff      0x735 ./Generated_Code/I2C2.o
 .debug_line    0x0000a634      0x6f3 ./Generated_Code/IR0_detect.o
 .debug_line    0x0000ad27      0x6f3 ./Generated_Code/IR1_detect.o
 .debug_line    0x0000b41a      0x6f3 ./Generated_Code/IR2_detect.o
 .debug_line    0x0000bb0d      0x6f1 ./Generated_Code/Int1accel.o
 .debug_line    0x0000c1fe      0x6e7 ./Generated_Code/PE_LDD.o
 .debug_line    0x0000c8e5      0x5a2 ./Generated_Code/SW_I2C_PWM.o
 .debug_line    0x0000ce87      0x6e5 ./Generated_Code/TI1.o
 .debug_line    0x0000d56c      0x6e5 ./Generated_Code/TI2.o
 .debug_line    0x0000dc51      0x6e5 ./Generated_Code/TI3.o
 .debug_line    0x0000e336      0x4d3 ./Generated_Code/TU1.o
 .debug_line    0x0000e809      0x4cd ./Generated_Code/TU2.o
 .debug_line    0x0000ecd6      0x4cd ./Generated_Code/TU3.o
 .debug_line    0x0000f1a3      0x438 ./Generated_Code/TimerIntLdd1.o
 .debug_line    0x0000f5db      0x438 ./Generated_Code/TimerIntLdd2.o
 .debug_line    0x0000fa13      0x438 ./Generated_Code/TimerIntLdd3.o
 .debug_line    0x0000fe4b      0x984 ./Generated_Code/UART0.o
 .debug_line    0x000107cf      0x6f1 ./Generated_Code/UsonicPWM.o
 .debug_line    0x00010ec0      0x3cd ./Generated_Code/WAIT1.o

.debug_str      0x00000000    0xc353f
 .debug_str     0x00000000    0x5076f ./Sources/DCFcom.o
                              0x5096d (size before relaxing)
 .debug_str     0x0005076f    0x6dd43 ./Sources/Events.o
                              0xbbc19 (size before relaxing)
 .debug_str     0x000be4b2      0x1cd ./Sources/hw_pwm.o
                              0x4f922 (size before relaxing)
 .debug_str     0x000be67f      0x7d6 ./Sources/main.o
                              0xbd48e (size before relaxing)
 .debug_str     0x000bee55      0x31a ./Sources/sensors.o
                              0x5f115 (size before relaxing)
 .debug_str     0x000bf16f      0x2fd ./Project_Settings/Startup_Code/startup.o
                              0x45c66 (size before relaxing)
 .debug_str     0x000bf46c     0x1554 ./Generated_Code/System/CPU_Init.o
                              0x5ec3a (size before relaxing)
 .debug_str     0x000c09c0      0x983 ./Generated_Code/System/Vectors.o
                              0x5efd4 (size before relaxing)
 .debug_str     0x000c1343      0x33d ./Generated_Code/ASerialLdd1.o
                              0x59ca6 (size before relaxing)
 .debug_str     0x000c1680       0xf3 ./Generated_Code/BitIoLdd1.o
                              0x4e507 (size before relaxing)
 .debug_str     0x000c1773       0xb1 ./Generated_Code/BitIoLdd2.o
                              0x4e507 (size before relaxing)
 .debug_str     0x000c1824       0xb1 ./Generated_Code/BitIoLdd3.o
                              0x4e507 (size before relaxing)
 .debug_str     0x000c18d5       0xb1 ./Generated_Code/BitIoLdd4.o
                              0x4e507 (size before relaxing)
 .debug_str     0x000c1986       0xa0 ./Generated_Code/BitIoLdd5.o
                              0x4e4d5 (size before relaxing)
 .debug_str     0x000c1a26       0xa0 ./Generated_Code/BitIoLdd6.o
                              0x4e4d5 (size before relaxing)
 .debug_str     0x000c1ac6       0xb1 ./Generated_Code/BitIoLdd7.o
                              0x4e507 (size before relaxing)
 .debug_str     0x000c1b77       0xa0 ./Generated_Code/BitIoLdd8.o
                              0x4e4d5 (size before relaxing)
 .debug_str     0x000c1c17       0xa0 ./Generated_Code/BitIoLdd9.o
                              0x4e4d5 (size before relaxing)
 .debug_str     0x000c1cb7       0x34 ./Generated_Code/Cpu.o
                              0x5d77b (size before relaxing)
 .debug_str     0x000c1ceb       0x93 ./Generated_Code/ExtIntLdd1.o
                              0x519e3 (size before relaxing)
 .debug_str     0x000c1d7e       0xa8 ./Generated_Code/ExtIntLdd2.o
                              0x519e5 (size before relaxing)
 .debug_str     0x000c1e26       0x87 ./Generated_Code/ExtIntLdd3.o
                              0x519e5 (size before relaxing)
 .debug_str     0x000c1ead       0x93 ./Generated_Code/ExtIntLdd4.o
                              0x519eb (size before relaxing)
 .debug_str     0x000c1f40       0x93 ./Generated_Code/ExtIntLdd5.o
                              0x519e5 (size before relaxing)
 .debug_str     0x000c1fd3      0x2b0 ./Generated_Code/FX1.o
                              0x4efe2 (size before relaxing)
 .debug_str     0x000c2283      0x1d4 ./Generated_Code/GI2C1.o
                              0x4ec52 (size before relaxing)
 .debug_str     0x000c2457      0x206 ./Generated_Code/I2C1.o
                              0x4eca2 (size before relaxing)
 .debug_str     0x000c265d      0x1a0 ./Generated_Code/I2C2.o
                              0x4eca2 (size before relaxing)
 .debug_str     0x000c27fd       0x36 ./Generated_Code/IR0_detect.o
                              0x5d645 (size before relaxing)
 .debug_str     0x000c2833       0x36 ./Generated_Code/IR1_detect.o
                              0x5d645 (size before relaxing)
 .debug_str     0x000c2869       0x36 ./Generated_Code/IR2_detect.o
                              0x5d645 (size before relaxing)
 .debug_str     0x000c289f       0x35 ./Generated_Code/Int1accel.o
                              0x5d644 (size before relaxing)
 .debug_str     0x000c28d4      0x166 ./Generated_Code/PE_LDD.o
                              0x5d7cb (size before relaxing)
 .debug_str     0x000c2a3a      0x1ee ./Generated_Code/SW_I2C_PWM.o