Archive member included because of file (symbol)

c:/freescale/kds_3.0.0/toolchain/bin/../lib/gcc/arm-none-eabi/4.8.4/../../../../arm-none-eabi/lib/armv7e-m/fpu\libm.a(lib_a-w_atan2.o)
                              ./Sources/sensors.o (atan2)
c:/freescale/kds_3.0.0/toolchain/bin/../lib/gcc/arm-none-eabi/4.8.4/../../../../arm-none-eabi/lib/armv7e-m/fpu\libm.a(lib_a-e_atan2.o)
                              c:/freescale/kds_3.0.0/toolchain/bin/../lib/gcc/arm-none-eabi/4.8.4/../../../../arm-none-eabi/lib/armv7e-m/fpu\libm.a(lib_a-w_atan2.o) (__ieee754_atan2)
c:/freescale/kds_3.0.0/toolchain/bin/../lib/gcc/arm-none-eabi/4.8.4/../../../../arm-none-eabi/lib/armv7e-m/fpu\libm.a(lib_a-s_atan.o)
                              c:/freescale/kds_3.0.0/toolchain/bin/../lib/gcc/arm-none-eabi/4.8.4/../../../../arm-none-eabi/lib/armv7e-m/fpu\libm.a(lib_a-e_atan2.o) (atan)
c:/freescale/kds_3.0.0/toolchain/bin/../lib/gcc/arm-none-eabi/4.8.4/../../../../arm-none-eabi/lib/armv7e-m/fpu\libm.a(lib_a-s_fabs.o)
                              c:/freescale/kds_3.0.0/toolchain/bin/../lib/gcc/arm-none-eabi/4.8.4/../../../../arm-none-eabi/lib/armv7e-m/fpu\libm.a(lib_a-e_atan2.o) (fabs)
c:/freescale/kds_3.0.0/toolchain/bin/../lib/gcc/arm-none-eabi/4.8.4/armv7e-m/fpu\libgcc.a(_arm_addsubdf3.o)
                              c:/freescale/kds_3.0.0/toolchain/bin/../lib/gcc/arm-none-eabi/4.8.4/../../../../arm-none-eabi/lib/armv7e-m/fpu\libm.a(lib_a-e_atan2.o) (__aeabi_dsub)
c:/freescale/kds_3.0.0/toolchain/bin/../lib/gcc/arm-none-eabi/4.8.4/armv7e-m/fpu\libgcc.a(_arm_muldivdf3.o)
                              ./Sources/sensors.o (__aeabi_dmul)
c:/freescale/kds_3.0.0/toolchain/bin/../lib/gcc/arm-none-eabi/4.8.4/armv7e-m/fpu\libgcc.a(_arm_cmpdf2.o)
                              c:/freescale/kds_3.0.0/toolchain/bin/../lib/gcc/arm-none-eabi/4.8.4/../../../../arm-none-eabi/lib/armv7e-m/fpu\libm.a(lib_a-s_atan.o) (__aeabi_dcmpgt)
c:/freescale/kds_3.0.0/toolchain/bin/../lib/gcc/arm-none-eabi/4.8.4/armv7e-m/fpu\libgcc.a(_arm_truncdfsf2.o)
                              ./Sources/sensors.o (__aeabi_d2f)
c:/freescale/kds_3.0.0/toolchain/bin/../lib/gcc/arm-none-eabi/4.8.4/../../../../arm-none-eabi/lib/armv7e-m/fpu\libg_s.a(lib_a-exit.o)
                              c:/freescale/kds_3.0.0/toolchain/bin/../lib/gcc/arm-none-eabi/4.8.4/../../../../arm-none-eabi/lib/armv7e-m/fpu/crt0.o (exit)
c:/freescale/kds_3.0.0/toolchain/bin/../lib/gcc/arm-none-eabi/4.8.4/../../../../arm-none-eabi/lib/armv7e-m/fpu\libg_s.a(lib_a-impure.o)
                              c:/freescale/kds_3.0.0/toolchain/bin/../lib/gcc/arm-none-eabi/4.8.4/../../../../arm-none-eabi/lib/armv7e-m/fpu\libg_s.a(lib_a-exit.o) (_global_impure_ptr)
c:/freescale/kds_3.0.0/toolchain/bin/../lib/gcc/arm-none-eabi/4.8.4/../../../../arm-none-eabi/lib/armv7e-m/fpu\libg_s.a(lib_a-init.o)
                              c:/freescale/kds_3.0.0/toolchain/bin/../lib/gcc/arm-none-eabi/4.8.4/../../../../arm-none-eabi/lib/armv7e-m/fpu/crt0.o (__libc_init_array)
c:/freescale/kds_3.0.0/toolchain/bin/../lib/gcc/arm-none-eabi/4.8.4/../../../../arm-none-eabi/lib/armv7e-m/fpu\libg_s.a(lib_a-memset.o)
                              c:/freescale/kds_3.0.0/toolchain/bin/../lib/gcc/arm-none-eabi/4.8.4/../../../../arm-none-eabi/lib/armv7e-m/fpu/crt0.o (memset)
c:/freescale/kds_3.0.0/toolchain/bin/../lib/gcc/arm-none-eabi/4.8.4/../../../../arm-none-eabi/lib/armv7e-m/fpu\libnosys.a(_exit.o)
                              c:/freescale/kds_3.0.0/toolchain/bin/../lib/gcc/arm-none-eabi/4.8.4/../../../../arm-none-eabi/lib/armv7e-m/fpu\libg_s.a(lib_a-exit.o) (_exit)

Allocating common symbols
Common symbol       size              file

buffRcvDcfData      0x32              ./Sources/DCFcom.o
compassInterruptSended
                    0x1               ./Sources/Events.o
SM_ActualValue      0x14              ./Sources/sw_pwm.o
ASerialLdd1_DeviceDataPtr
                    0x4               ./Generated_Code/UART0.o
X_Accel_offset      0x1               ./Sources/sensors.o
NbActivMotors       0x1               ./Sources/sw_pwm.o
myHeading           0x4               ./Sources/main.o
Yout_Mag_16_bit_avg
                    0x2               ./Sources/sensors.o
Xout_Mag_16_bit_max
                    0x2               ./Sources/sensors.o
TimPWM_gr2          0x4               ./Sources/sw_pwm.o
StartUltrasonicTrig
                    0x1               ./Sources/sw_pwm.o
buffSndDcfData      0x32              ./Sources/DCFcom.o
UltrasonicWaitEcho  0x1               ./Sources/sw_pwm.o
Zout_Mag_16_bit_avg
                    0x2               ./Sources/sensors.o
Xout_Mag_16_bit     0x2               ./Sources/sensors.o
TimPWM_gr4          0x4               ./Sources/sw_pwm.o
compassInterruptMin
                    0x4               ./Sources/main.o
sm_smoothIncrement  0x1               ./Sources/sw_pwm.o
compassDataValid    0x1               ./Sources/main.o
[...]
Memory Configuration

Name             Origin             Length             Attributes
m_interrupts     0x00000000         0x00000198         xr
m_text           0x00000410         0x0007fbf0         xr
m_data           0x1fff0000         0x00010000         rw
m_data_20000000  0x20000000         0x00010000         rw
m_cfmprotrom     0x00000400         0x00000010         xr
*default*        0x00000000         0xffffffff

Linker script and memory map

LOAD c:/freescale/kds_3.0.0/toolchain/bin/../lib/gcc/arm-none-eabi/4.8.4/armv7e-m/fpu/crti.o
LOAD c:/freescale/kds_3.0.0/toolchain/bin/../lib/gcc/arm-none-eabi/4.8.4/armv7e-m/fpu/crtbegin.o
LOAD c:/freescale/kds_3.0.0/toolchain/bin/../lib/gcc/arm-none-eabi/4.8.4/../../../../arm-none-eabi/lib/armv7e-m/fpu/crt0.o
LOAD ./Static_Code/System/CPU_Init.o
LOAD ./Static_Code/System/Peripherals_Init.o
LOAD ./Static_Code/System/Vectors.o
LOAD ./Sources/DCFcom.o
LOAD ./Sources/Events.o
LOAD ./Sources/main.o
LOAD ./Sources/sensors.o
LOAD ./Sources/sw_pwm.o
LOAD ./Project_Settings/Startup_Code/startup.o
LOAD ./Generated_Code/ASerialLdd1.o
LOAD ./Generated_Code/BitIoLdd1.o
LOAD ./Generated_Code/BitIoLdd10.o
LOAD ./Generated_Code/BitIoLdd11.o
LOAD ./Generated_Code/BitIoLdd12.o
LOAD ./Generated_Code/BitIoLdd13.o
LOAD ./Generated_Code/BitIoLdd14.o
LOAD ./Generated_Code/BitIoLdd15.o
LOAD ./Generated_Code/BitIoLdd16.o
LOAD ./Generated_Code/BitIoLdd17.o
LOAD ./Generated_Code/BitIoLdd18.o
LOAD ./Generated_Code/BitIoLdd19.o
LOAD ./Generated_Code/BitIoLdd2.o
LOAD ./Generated_Code/BitIoLdd20.o
LOAD ./Generated_Code/BitIoLdd21.o
LOAD ./Generated_Code/BitIoLdd22.o
LOAD ./Generated_Code/BitIoLdd3.o
LOAD ./Generated_Code/BitIoLdd4.o
LOAD ./Generated_Code/BitIoLdd5.o
LOAD ./Generated_Code/BitIoLdd6.o
LOAD ./Generated_Code/BitIoLdd7.o
LOAD ./Generated_Code/BitIoLdd8.o
LOAD ./Generated_Code/BitIoLdd9.o
LOAD ./Generated_Code/Cpu.o
LOAD ./Generated_Code/ExtIntLdd1.o
LOAD ./Generated_Code/ExtIntLdd2.o
LOAD ./Generated_Code/ExtIntLdd3.o
LOAD ./Generated_Code/ExtIntLdd4.o
LOAD ./Generated_Code/ExtIntLdd5.o
LOAD ./Generated_Code/FX1.o
LOAD ./Generated_Code/GI2C1.o
LOAD ./Generated_Code/I2C1.o
LOAD ./Generated_Code/IR0_detect.o
LOAD ./Generated_Code/IR1_detect.o
LOAD ./Generated_Code/IR2_detect.o
LOAD ./Generated_Code/Int1accel.o
LOAD ./Generated_Code/PE_LDD.o
LOAD ./Generated_Code/Pins1.o
LOAD ./Generated_Code/SCL1.o
LOAD ./Generated_Code/SDA1.o
LOAD ./Generated_Code/SM_HEAD.o
LOAD ./Generated_Code/SM_LEG_A1.o
LOAD ./Generated_Code/SM_LEG_A2.o
LOAD ./Generated_Code/SM_LEG_A3.o
LOAD ./Generated_Code/SM_LEG_B1.o
LOAD ./Generated_Code/SM_LEG_B2.o
LOAD ./Generated_Code/SM_LEG_B3.o
LOAD ./Generated_Code/SM_LEG_C1.o
LOAD ./Generated_Code/SM_LEG_C2.o
LOAD ./Generated_Code/SM_LEG_C3.o
LOAD ./Generated_Code/SM_LEG_D1.o
LOAD ./Generated_Code/SM_LEG_D2.o
LOAD ./Generated_Code/SM_LEG_D3.o
LOAD ./Generated_Code/SM_LEG_E1.o
LOAD ./Generated_Code/SM_LEG_E2.o
LOAD ./Generated_Code/SM_LEG_E3.o
LOAD ./Generated_Code/SM_LEG_F1.o
LOAD ./Generated_Code/SM_LEG_F2.o
LOAD ./Generated_Code/SM_LEG_F3.o
LOAD ./Generated_Code/TI1.o
LOAD ./Generated_Code/TI2.o
LOAD ./Generated_Code/TI3.o
LOAD ./Generated_Code/TU1.o
LOAD ./Generated_Code/TU2.o
LOAD ./Generated_Code/TU3.o
LOAD ./Generated_Code/TimerIntLdd1.o
LOAD ./Generated_Code/TimerIntLdd2.o
LOAD ./Generated_Code/TimerIntLdd3.o
LOAD ./Generated_Code/UART0.o
LOAD ./Generated_Code/UsonicPWM.o
LOAD ./Generated_Code/UsonicTrig.o
LOAD ./Generated_Code/WAIT1.o
LOAD c:/freescale/kds_3.0.0/toolchain/bin/../lib/gcc/arm-none-eabi/4.8.4/../../../../arm-none-eabi/lib/armv7e-m/fpu\libstdc++_s.a
LOAD c:/freescale/kds_3.0.0/toolchain/bin/../lib/gcc/arm-none-eabi/4.8.4/../../../../arm-none-eabi/lib/armv7e-m/fpu\libm.a
START GROUP
LOAD c:/freescale/kds_3.0.0/toolchain/bin/../lib/gcc/arm-none-eabi/4.8.4/armv7e-m/fpu\libgcc.a
LOAD c:/freescale/kds_3.0.0/toolchain/bin/../lib/gcc/arm-none-eabi/4.8.4/../../../../arm-none-eabi/lib/armv7e-m/fpu\libg_s.a
LOAD c:/freescale/kds_3.0.0/toolchain/bin/../lib/gcc/arm-none-eabi/4.8.4/../../../../arm-none-eabi/lib/armv7e-m/fpu\libc_s.a
END GROUP
START GROUP
LOAD c:/freescale/kds_3.0.0/toolchain/bin/../lib/gcc/arm-none-eabi/4.8.4/armv7e-m/fpu\libgcc.a
LOAD c:/freescale/kds_3.0.0/toolchain/bin/../lib/gcc/arm-none-eabi/4.8.4/../../../../arm-none-eabi/lib/armv7e-m/fpu\libc_s.a
LOAD c:/freescale/kds_3.0.0/toolchain/bin/../lib/gcc/arm-none-eabi/4.8.4/../../../../arm-none-eabi/lib/armv7e-m/fpu\libnosys.a
END GROUP
START GROUP
LOAD c:/freescale/kds_3.0.0/toolchain/bin/../lib/gcc/arm-none-eabi/4.8.4/armv7e-m/fpu\libgcc.a
LOAD c:/freescale/kds_3.0.0/toolchain/bin/../lib/gcc/arm-none-eabi/4.8.4/../../../../arm-none-eabi/lib/armv7e-m/fpu\libc_s.a
LOAD c:/freescale/kds_3.0.0/toolchain/bin/../lib/gcc/arm-none-eabi/4.8.4/../../../../arm-none-eabi/lib/armv7e-m/fpu\libnosys.a
END GROUP
LOAD c:/freescale/kds_3.0.0/toolchain/bin/../lib/gcc/arm-none-eabi/4.8.4/armv7e-m/fpu/crtend.o
LOAD c:/freescale/kds_3.0.0/toolchain/bin/../lib/gcc/arm-none-eabi/4.8.4/armv7e-m/fpu/crtn.o
                0x20000000                _estack = 0x20000000
                0x20000000                __SP_INIT = _estack
                0x20000000                __stack = _estack
                0x00000000                __heap_size = 0x0
                0x00000400                __stack_size = 0x400

.interrupts     0x00000000      0x198
                0x00000000                __vector_table = .
                0x00000000                . = ALIGN (0x4)
 *(.vectortable)
 .vectortable   0x00000000      0x198 ./Static_Code/System/Vectors.o
                0x00000000                __vect_table
                0x00000198                . = ALIGN (0x4)

.cfmprotect     0x00000400       0x10
                0x00000400                . = ALIGN (0x4)
 *(.cfmconfig)
 .cfmconfig     0x00000400       0x10 ./Static_Code/System/CPU_Init.o
                0x00000400                _cfm
                0x00000410                . = ALIGN (0x4)

.text           0x00000410     0x65a8
                0x00000410                . = ALIGN (0x4)
 *(.text)
 .text          0x00000410       0x54 c:/freescale/kds_3.0.0/toolchain/bin/../lib/gcc/arm-none-eabi/4.8.4/armv7e-m/fpu/crtbegin.o
 .text          0x00000464      0x370 c:/freescale/kds_3.0.0/toolchain/bin/../lib/gcc/arm-none-eabi/4.8.4/armv7e-m/fpu\libgcc.a(_arm_addsubdf3.o)
                0x00000464                __aeabi_drsub
                0x0000046c                __aeabi_dsub
                0x0000046c                __subdf3
                0x00000470                __aeabi_dadd
                0x00000470                __adddf3
                0x000006e8                __floatunsidf
                0x000006e8                __aeabi_ui2d
                0x00000708                __floatsidf
                0x00000708                __aeabi_i2d
                0x0000072c                __aeabi_f2d
                0x0000072c                __extendsfdf2
                0x00000768                __floatundidf
                0x00000768                __aeabi_ul2d
                0x00000778                __floatdidf
                0x00000778                __aeabi_l2d
 .text          0x000007d4      0x424 c:/freescale/kds_3.0.0/toolchain/bin/../lib/gcc/arm-none-eabi/4.8.4/armv7e-m/fpu\libgcc.a(_arm_muldivdf3.o)
                0x000007d4                __aeabi_dmul
                0x000007d4                __muldf3
                0x00000a28                __divdf3
                0x00000a28                __aeabi_ddiv
 .text          0x00000bf8      0x110 c:/freescale/kds_3.0.0/toolchain/bin/../lib/gcc/arm-none-eabi/4.8.4/armv7e-m/fpu\libgcc.a(_arm_cmpdf2.o)
                0x00000bf8                __gtdf2
                0x00000bf8                __gedf2
                0x00000c00                __ltdf2
                0x00000c00                __ledf2
                0x00000c08                __nedf2
                0x00000c08                __eqdf2
                0x00000c08                __cmpdf2
                0x00000c84                __aeabi_cdrcmple
                0x00000c94                __aeabi_cdcmpeq
                0x00000c94                __aeabi_cdcmple
                0x00000ca4                __aeabi_dcmpeq
                0x00000cb8                __aeabi_dcmplt
                0x00000ccc                __aeabi_dcmple
                0x00000ce0                __aeabi_dcmpge
                0x00000cf4                __aeabi_dcmpgt
 .text          0x00000d08       0xa0 c:/freescale/kds_3.0.0/toolchain/bin/../lib/gcc/arm-none-eabi/4.8.4/armv7e-m/fpu\libgcc.a(_arm_truncdfsf2.o)
                0x00000d08                __truncdfsf2
                0x00000d08                __aeabi_d2f
 *(.text*)
 .text.CPU_SetBASEPRI
                0x00000da8       0x18 ./Static_Code/System/CPU_Init.o
                0x00000da8                CPU_SetBASEPRI
 .text.__init_hardware
                0x00000dc0       0xb8 ./Static_Code/System/CPU_Init.o
                0x00000dc0                __init_hardware
 .text.PE_low_level_init
                0x00000e78       0x48 ./Static_Code/System/CPU_Init.o
                0x00000e78                PE_low_level_init
 .text.CPU_GetClockGenMode
                0x00000ec0       0x90 ./Static_Code/System/CPU_Init.o
                0x00000ec0                CPU_GetClockGenMode
 .text.CPU_SetClockConfigGenMode
                0x00000f50      0x54c ./Static_Code/System/CPU_Init.o
                0x00000f50                CPU_SetClockConfigGenMode
 .text.UnhandledInterrupt
                0x0000149c       0x18 ./Static_Code/System/Vectors.o
                0x0000149c                UnhandledInterrupt
 .text.ProcessUartRxData
                0x000014b4       0xdc ./Sources/DCFcom.o
                0x000014b4                ProcessUartRxData
 .text.ProcessUartTxData
                0x00001590       0x6c ./Sources/DCFcom.o
                0x00001590                ProcessUartTxData
 .text.ResetReception
                0x000015fc       0x48 ./Sources/DCFcom.o
                0x000015fc                ResetReception
 .text.Cpu_OnNMI
                0x00001644        0xc ./Sources/Events.o
                0x00001644                Cpu_OnNMI
 .text.UART0_OnError
                0x00001650        0xc ./Sources/Events.o
                0x00001650                UART0_OnError
 .text.UART0_OnRxChar
                0x0000165c       0x28 ./Sources/Events.o
                0x0000165c                UART0_OnRxChar
 .text.UART0_OnTxChar
                0x00001684        0xc ./Sources/Events.o
                0x00001684                UART0_OnTxChar
 .text.UART0_OnFullRxBuf
                0x00001690        0xc ./Sources/Events.o
                0x00001690                UART0_OnFullRxBuf
 .text.UART0_OnFreeTxBuf
                0x0000169c        0xc ./Sources/Events.o
                0x0000169c                UART0_OnFreeTxBuf
 .text.TI1_OnInterrupt
                0x000016a8       0x54 ./Sources/Events.o
                0x000016a8                TI1_OnInterrupt
 .text.Int1accel_OnInterrupt
                0x000016fc       0x18 ./Sources/Events.o
                0x000016fc                Int1accel_OnInterrupt
 .text.TI3_OnInterrupt
                0x00001714        0xc ./Sources/Events.o
                0x00001714                TI3_OnInterrupt
 .text.TI2_OnInterrupt
                0x00001720       0xbc ./Sources/Events.o
                0x00001720                TI2_OnInterrupt
 .text.UsonicPWM_OnInterrupt
                0x000017dc       0x5c ./Sources/Events.o
                0x000017dc                UsonicPWM_OnInterrupt
 .text.IR2_detect_OnInterrupt
                0x00001838       0x6c ./Sources/Events.o
                0x00001838                IR2_detect_OnInterrupt
 .text.IR1_detect_OnInterrupt
                0x000018a4       0x6c ./Sources/Events.o
                0x000018a4                IR1_detect_OnInterrupt
 .text.IR0_detect_OnInterrupt
                0x00001910       0x6c ./Sources/Events.o
                0x00001910                IR0_detect_OnInterrupt
 .text.main     0x0000197c      0x250 ./Sources/main.o
                0x0000197c                main
 .text.replyToRemote
                0x00001bcc       0x40 ./Sources/main.o
                0x00001bcc                replyToRemote
 .text.processCommand
                0x00001c0c      0x3ac ./Sources/main.o
                0x00001c0c                processCommand
 .text.CompassInit
                0x00001fb8       0x60 ./Sources/sensors.o
                0x00001fb8                CompassInit
 .text.CompassCalibrate
                0x00002018      0x340 ./Sources/sensors.o
                0x00002018                CompassCalibrate
 .text.CompassCheck
                0x00002358      0x148 ./Sources/sensors.o
                0x00002358                CompassCheck
 .text.CompassGetHeading
                0x000024a0       0x5c ./Sources/sensors.o
                0x000024a0                CompassGetHeading
 .text.updateMotorsValues
                0x000024fc      0x4b8 ./Sources/sw_pwm.o
                0x000024fc                updateMotorsValues
 .text.changeGroupSeq
                0x000029b4      0x378 ./Sources/sw_pwm.o
                0x000029b4                changeGroupSeq
 .text.smoothUpdateMotors
                0x00002d2c      0x124 ./Sources/sw_pwm.o
                0x00002d2c                smoothUpdateMotors
 .text.__flush_cache
                0x00002e50       0x14 ./Project_Settings/Startup_Code/startup.o
                0x00002e50                __flush_cache
 .text.__copy_rom_section
                0x00002e64       0xe4 ./Project_Settings/Startup_Code/startup.o
                0x00002e64                __copy_rom_section
 .text.__copy_rom_sections_to_ram
                0x00002f48       0xc4 ./Project_Settings/Startup_Code/startup.o
                0x00002f48                __copy_rom_sections_to_ram
 .text.zero_fill_bss
                0x0000300c       0xb4 ./Project_Settings/Startup_Code/startup.o
 .text.__init_registers
                0x000030c0       0x20 ./Project_Settings/Startup_Code/startup.o
                0x000030c0                __init_registers
 .text.__init_user
                0x000030e0        0xc ./Project_Settings/Startup_Code/startup.o
                0x000030e0                __init_user
 .text.__thumb_startup
                0x000030ec       0x4c ./Project_Settings/Startup_Code/startup.o
                0x000030ec                __thumb_startup
 .text.ASerialLdd1_Init
                0x00003138      0x190 ./Generated_Code/ASerialLdd1.o
                0x00003138                ASerialLdd1_Init
 .text.ASerialLdd1_ReceiveBlock
                0x000032c8       0x90 ./Generated_Code/ASerialLdd1.o
                0x000032c8                ASerialLdd1_ReceiveBlock
 .text.ASerialLdd1_SendBlock
                0x00003358       0xac ./Generated_Code/ASerialLdd1.o
                0x00003358                ASerialLdd1_SendBlock
 .text.InterruptRx
                0x00003404       0x58 ./Generated_Code/ASerialLdd1.o
 .text.InterruptTx
                0x0000345c       0x7c ./Generated_Code/ASerialLdd1.o
 .text.ASerialLdd1_Interrupt
                0x000034d8       0xf8 ./Generated_Code/ASerialLdd1.o
                0x000034d8                ASerialLdd1_Interrupt
 .text.ASerialLdd1_GetError
                0x000035d0       0x70 ./Generated_Code/ASerialLdd1.o
                0x000035d0                ASerialLdd1_GetError
 .text.BitIoLdd1_Init
                0x00003640       0x80 ./Generated_Code/BitIoLdd1.o
                0x00003640                BitIoLdd1_Init
 .text.BitIoLdd1_ClrVal
                0x000036c0       0x1c ./Generated_Code/BitIoLdd1.o
                0x000036c0                BitIoLdd1_ClrVal
 .text.BitIoLdd1_SetVal
                0x000036dc       0x1c ./Generated_Code/BitIoLdd1.o
                0x000036dc                BitIoLdd1_SetVal
 .text.BitIoLdd10_Init
                0x000036f8       0x80 ./Generated_Code/BitIoLdd10.o
                0x000036f8                BitIoLdd10_Init
 .text.BitIoLdd10_ClrVal
                0x00003778       0x20 ./Generated_Code/BitIoLdd10.o
                0x00003778                BitIoLdd10_ClrVal
 .text.BitIoLdd10_SetVal
                0x00003798       0x20 ./Generated_Code/BitIoLdd10.o
                0x00003798                BitIoLdd10_SetVal
 .text.BitIoLdd11_Init
                0x000037b8       0x80 ./Generated_Code/BitIoLdd11.o
                0x000037b8                BitIoLdd11_Init
 .text.BitIoLdd11_ClrVal
                0x00003838       0x1c ./Generated_Code/BitIoLdd11.o
                0x00003838                BitIoLdd11_ClrVal
 .text.BitIoLdd11_SetVal
                0x00003854       0x1c ./Generated_Code/BitIoLdd11.o
                0x00003854                BitIoLdd11_SetVal
 .text.BitIoLdd12_Init
                0x00003870       0x80 ./Generated_Code/BitIoLdd12.o
                0x00003870                BitIoLdd12_Init
 .text.BitIoLdd12_ClrVal
                0x000038f0       0x20 ./Generated_Code/BitIoLdd12.o
                0x000038f0                BitIoLdd12_ClrVal
 .text.BitIoLdd12_SetVal
                0x00003910       0x20 ./Generated_Code/BitIoLdd12.o
                0x00003910                BitIoLdd12_SetVal
 .text.BitIoLdd13_Init
                0x00003930       0x80 ./Generated_Code/BitIoLdd13.o
                0x00003930                BitIoLdd13_Init
 .text.BitIoLdd13_ClrVal
                0x000039b0       0x20 ./Generated_Code/BitIoLdd13.o
                0x000039b0                BitIoLdd13_ClrVal
 .text.BitIoLdd13_SetVal
                0x000039d0       0x20 ./Generated_Code/BitIoLdd13.o
                0x000039d0                BitIoLdd13_SetVal
 .text.BitIoLdd14_Init
                0x000039f0       0x80 ./Generated_Code/BitIoLdd14.o
                0x000039f0                BitIoLdd14_Init
 .text.BitIoLdd14_ClrVal
                0x00003a70       0x20 ./Generated_Code/BitIoLdd14.o
                0x00003a70                BitIoLdd14_ClrVal
 .text.BitIoLdd14_SetVal
                0x00003a90       0x20 ./Generated_Code/BitIoLdd14.o
                0x00003a90                BitIoLdd14_SetVal
 .text.BitIoLdd15_Init
                0x00003ab0       0x80 ./Generated_Code/BitIoLdd15.o
                0x00003ab0                BitIoLdd15_Init
 .text.BitIoLdd15_ClrVal
                0x00003b30       0x1c ./Generated_Code/BitIoLdd15.o
                0x00003b30                BitIoLdd15_ClrVal
 .text.BitIoLdd15_SetVal
                0x00003b4c       0x1c ./Generated_Code/BitIoLdd15.o
                0x00003b4c                BitIoLdd15_SetVal
 .text.BitIoLdd16_Init
                0x00003b68       0x80 ./Generated_Code/BitIoLdd16.o
                0x00003b68                BitIoLdd16_Init
 .text.BitIoLdd16_ClrVal
                0x00003be8       0x1c ./Generated_Code/BitIoLdd16.o
                0x00003be8                BitIoLdd16_ClrVal
 .text.BitIoLdd16_SetVal
                0x00003c04       0x1c ./Generated_Code/BitIoLdd16.o
                0x00003c04                BitIoLdd16_SetVal
 .text.BitIoLdd17_Init
                0x00003c20       0x80 ./Generated_Code/BitIoLdd17.o
                0x00003c20                BitIoLdd17_Init
 .text.BitIoLdd17_ClrVal
                0x00003ca0       0x1c ./Generated_Code/BitIoLdd17.o
                0x00003ca0                BitIoLdd17_ClrVal
 .text.BitIoLdd17_SetVal
                0x00003cbc       0x1c ./Generated_Code/BitIoLdd17.o
                0x00003cbc                BitIoLdd17_SetVal
 .text.BitIoLdd18_Init
                0x00003cd8       0x80 ./Generated_Code/BitIoLdd18.o
                0x00003cd8                BitIoLdd18_Init
 .text.BitIoLdd18_ClrVal
                0x00003d58       0x1c ./Generated_Code/BitIoLdd18.o
                0x00003d58                BitIoLdd18_ClrVal
 .text.BitIoLdd18_SetVal
                0x00003d74       0x1c ./Generated_Code/BitIoLdd18.o
                0x00003d74                BitIoLdd18_SetVal
 .text.BitIoLdd19_Init
                0x00003d90       0x80 ./Generated_Code/BitIoLdd19.o
                0x00003d90                BitIoLdd19_Init
 .text.BitIoLdd19_ClrVal
                0x00003e10       0x1c ./Generated_Code/BitIoLdd19.o
                0x00003e10                BitIoLdd19_ClrVal
 .text.BitIoLdd19_SetVal
                0x00003e2c       0x1c ./Generated_Code/BitIoLdd19.o
                0x00003e2c                BitIoLdd19_SetVal
 .text.BitIoLdd2_Init
                0x00003e48       0x80 ./Generated_Code/BitIoLdd2.o
                0x00003e48                BitIoLdd2_Init
 .text.BitIoLdd2_SetDir
                0x00003ec8       0x3c ./Generated_Code/BitIoLdd2.o
                0x00003ec8                BitIoLdd2_SetDir
 .text.BitIoLdd2_GetVal
                0x00003f04       0x48 ./Generated_Code/BitIoLdd2.o
                0x00003f04                BitIoLdd2_GetVal
 .text.BitIoLdd2_ClrVal
                0x00003f4c       0x1c ./Generated_Code/BitIoLdd2.o
                0x00003f4c                BitIoLdd2_ClrVal
 .text.BitIoLdd20_Init
                0x00003f68       0x80 ./Generated_Code/BitIoLdd20.o
                0x00003f68                BitIoLdd20_Init
 .text.BitIoLdd20_ClrVal
                0x00003fe8       0x1c ./Generated_Code/BitIoLdd20.o
                0x00003fe8                BitIoLdd20_ClrVal
 .text.BitIoLdd20_SetVal
                0x00004004       0x1c ./Generated_Code/BitIoLdd20.o
                0x00004004                BitIoLdd20_SetVal
 .text.BitIoLdd21_Init
                0x00004020       0x80 ./Generated_Code/BitIoLdd21.o
                0x00004020                BitIoLdd21_Init
 .text.BitIoLdd21_ClrVal
                0x000040a0       0x1c ./Generated_Code/BitIoLdd21.o
                0x000040a0                BitIoLdd21_ClrVal
 .text.BitIoLdd21_SetVal
                0x000040bc       0x1c ./Generated_Code/BitIoLdd21.o
                0x000040bc                BitIoLdd21_SetVal
 .text.BitIoLdd22_Init
                0x000040d8       0x80 ./Generated_Code/BitIoLdd22.o
                0x000040d8                BitIoLdd22_Init
 .text.BitIoLdd22_ClrVal
                0x00004158       0x20 ./Generated_Code/BitIoLdd22.o
                0x00004158                BitIoLdd22_ClrVal
 .text.BitIoLdd22_SetVal
                0x00004178       0x20 ./Generated_Code/BitIoLdd22.o
                0x00004178                BitIoLdd22_SetVal
 .text.BitIoLdd3_Init
                0x00004198       0x80 ./Generated_Code/BitIoLdd3.o
                0x00004198                BitIoLdd3_Init
 .text.BitIoLdd3_SetDir
                0x00004218       0x3c ./Generated_Code/BitIoLdd3.o
                0x00004218                BitIoLdd3_SetDir
 .text.BitIoLdd3_GetVal
                0x00004254       0x48 ./Generated_Code/BitIoLdd3.o
                0x00004254                BitIoLdd3_GetVal
 .text.BitIoLdd3_ClrVal
                0x0000429c       0x1c ./Generated_Code/BitIoLdd3.o
                0x0000429c                BitIoLdd3_ClrVal
 .text.BitIoLdd4_Init
                0x000042b8       0x80 ./Generated_Code/BitIoLdd4.o
                0x000042b8                BitIoLdd4_Init
 .text.BitIoLdd4_ClrVal
                0x00004338       0x1c ./Generated_Code/BitIoLdd4.o
                0x00004338                BitIoLdd4_ClrVal
 .text.BitIoLdd4_SetVal
                0x00004354       0x1c ./Generated_Code/BitIoLdd4.o
                0x00004354                BitIoLdd4_SetVal
 .text.BitIoLdd5_Init
                0x00004370       0x80 ./Generated_Code/BitIoLdd5.o
                0x00004370                BitIoLdd5_Init
 .text.BitIoLdd5_ClrVal
                0x000043f0       0x20 ./Generated_Code/BitIoLdd5.o
                0x000043f0                BitIoLdd5_ClrVal
 .text.BitIoLdd5_SetVal
                0x00004410       0x20 ./Generated_Code/BitIoLdd5.o
                0x00004410                BitIoLdd5_SetVal
 .text.BitIoLdd6_Init
                0x00004430       0x80 ./Generated_Code/BitIoLdd6.o
                0x00004430                BitIoLdd6_Init
 .text.BitIoLdd6_ClrVal
                0x000044b0       0x1c ./Generated_Code/BitIoLdd6.o
                0x000044b0                BitIoLdd6_ClrVal
 .text.BitIoLdd6_SetVal
                0x000044cc       0x1c ./Generated_Code/BitIoLdd6.o
                0x000044cc                BitIoLdd6_SetVal
 .text.BitIoLdd7_Init
                0x000044e8       0x80 ./Generated_Code/BitIoLdd7.o
                0x000044e8                BitIoLdd7_Init
 .text.BitIoLdd7_ClrVal
                0x00004568       0x1c ./Generated_Code/BitIoLdd7.o
                0x00004568                BitIoLdd7_ClrVal
 .text.BitIoLdd7_SetVal
                0x00004584       0x1c ./Generated_Code/BitIoLdd7.o
                0x00004584                BitIoLdd7_SetVal
 .text.BitIoLdd8_Init
                0x000045a0       0x80 ./Generated_Code/BitIoLdd8.o
                0x000045a0                BitIoLdd8_Init
 .text.BitIoLdd8_ClrVal
                0x00004620       0x1c ./Generated_Code/BitIoLdd8.o
                0x00004620                BitIoLdd8_ClrVal
 .text.BitIoLdd8_SetVal
                0x0000463c       0x1c ./Generated_Code/BitIoLdd8.o
                0x0000463c                BitIoLdd8_SetVal
 .text.BitIoLdd9_Init
                0x00004658       0x80 ./Generated_Code/BitIoLdd9.o
                0x00004658                BitIoLdd9_Init
 .text.BitIoLdd9_ClrVal
                0x000046d8       0x1c ./Generated_Code/BitIoLdd9.o
                0x000046d8                BitIoLdd9_ClrVal
 .text.BitIoLdd9_SetVal
                0x000046f4       0x1c ./Generated_Code/BitIoLdd9.o
                0x000046f4                BitIoLdd9_SetVal
 .text.Common_Init
                0x00004710       0x70 ./Generated_Code/Cpu.o
                0x00004710                Common_Init
 .text.Components_Init
                0x00004780       0xc8 ./Generated_Code/Cpu.o
                0x00004780                Components_Init
 .text.Cpu_ivINT_PORTC
                0x00004848       0x20 ./Generated_Code/Cpu.o
                0x00004848                Cpu_ivINT_PORTC
 .text.Cpu_INT_NMIInterrupt
                0x00004868       0x1c ./Generated_Code/Cpu.o
                0x00004868                Cpu_INT_NMIInterrupt
 .text.ExtIntLdd1_Init
                0x00004884       0x98 ./Generated_Code/ExtIntLdd1.o
                0x00004884                ExtIntLdd1_Init
 .text.ExtIntLdd1_Interrupt
                0x0000491c       0x40 ./Generated_Code/ExtIntLdd1.o
                0x0000491c                ExtIntLdd1_Interrupt
 .text.ExtIntLdd2_Init
                0x0000495c       0x9c ./Generated_Code/ExtIntLdd2.o
                0x0000495c                ExtIntLdd2_Init
 .text.ExtIntLdd2_Interrupt
                0x000049f8       0x3c ./Generated_Code/ExtIntLdd2.o
                0x000049f8                ExtIntLdd2_Interrupt
 .text.ExtIntLdd2_GetVal
                0x00004a34       0x2c ./Generated_Code/ExtIntLdd2.o
                0x00004a34                ExtIntLdd2_GetVal
 .text.ExtIntLdd3_Init
                0x00004a60       0x9c ./Generated_Code/ExtIntLdd3.o
                0x00004a60                ExtIntLdd3_Init
 .text.ExtIntLdd3_Interrupt
                0x00004afc       0x3c ./Generated_Code/ExtIntLdd3.o
                0x00004afc                ExtIntLdd3_Interrupt
 .text.ExtIntLdd3_GetVal
                0x00004b38       0x2c ./Generated_Code/ExtIntLdd3.o
                0x00004b38                ExtIntLdd3_GetVal
 .text.ExtIntLdd4_Init
                0x00004b64       0x9c ./Generated_Code/ExtIntLdd4.o
                0x00004b64                ExtIntLdd4_Init
 .text.ExtIntLdd4_Interrupt
                0x00004c00       0x40 ./Generated_Code/ExtIntLdd4.o
                0x00004c00                ExtIntLdd4_Interrupt
 .text.ExtIntLdd4_GetVal
                0x00004c40       0x2c ./Generated_Code/ExtIntLdd4.o
                0x00004c40                ExtIntLdd4_GetVal
 .text.ExtIntLdd5_Init
                0x00004c6c       0xa0 ./Generated_Code/ExtIntLdd5.o
                0x00004c6c                ExtIntLdd5_Init
 .text.ExtIntLdd5_Interrupt
                0x00004d0c       0x40 ./Generated_Code/ExtIntLdd5.o
                0x00004d0c                ExtIntLdd5_Interrupt
 .text.ExtIntLdd5_GetVal
                0x00004d4c       0x2c ./Generated_Code/ExtIntLdd5.o
                0x00004d4c                ExtIntLdd5_GetVal
 .text.FX1_MeasureGetRawX
                0x00004d78       0x3c ./Generated_Code/FX1.o
                0x00004d78                FX1_MeasureGetRawX
 .text.FX1_MeasureGetRawY
                0x00004db4       0x3c ./Generated_Code/FX1.o
                0x00004db4                FX1_MeasureGetRawY
 .text.FX1_MeasureGetRawZ
                0x00004df0       0x3c ./Generated_Code/FX1.o
                0x00004df0                FX1_MeasureGetRawZ
 .text.FX1_GetX
                0x00004e2c       0x34 ./Generated_Code/FX1.o
                0x00004e2c                FX1_GetX
 .text.FX1_GetY
                0x00004e60       0x34 ./Generated_Code/FX1.o
                0x00004e60                FX1_GetY
 .text.FX1_GetZ
                0x00004e94       0x34 ./Generated_Code/FX1.o
                0x00004e94                FX1_GetZ
 .text.FX1_GetMagX
                0x00004ec8       0x44 ./Generated_Code/FX1.o
                0x00004ec8                FX1_GetMagX
 .text.FX1_GetMagY
                0x00004f0c       0x44 ./Generated_Code/FX1.o
                0x00004f0c                FX1_GetMagY
 .text.FX1_GetMagZ
                0x00004f50       0x44 ./Generated_Code/FX1.o
                0x00004f50                FX1_GetMagZ
 .text.FX1_WriteReg8
                0x00004f94       0x28 ./Generated_Code/FX1.o
                0x00004f94                FX1_WriteReg8
 .text.GI2C1_SelectSlave
                0x00004fbc       0x28 ./Generated_Code/GI2C1.o
                0x00004fbc                GI2C1_SelectSlave
 .text.GI2C1_UnselectSlave
                0x00004fe4       0x10 ./Generated_Code/GI2C1.o
                0x00004fe4                GI2C1_UnselectSlave
 .text.GI2C1_ReadAddress
                0x00004ff4       0x94 ./Generated_Code/GI2C1.o
                0x00004ff4                GI2C1_ReadAddress
 .text.GI2C1_WriteAddress
                0x00005088       0xe0 ./Generated_Code/GI2C1.o
                0x00005088                GI2C1_WriteAddress
 .text.GI2C1_Init
                0x00005168        0xc ./Generated_Code/GI2C1.o
                0x00005168                GI2C1_Init
 .text.GI2C1_WriteByteAddress8
                0x00005174       0x30 ./Generated_Code/GI2C1.o
                0x00005174                GI2C1_WriteByteAddress8
 .text.Delay    0x000051a4       0x14 ./Generated_Code/I2C1.o
 .text.I2C1_Init
                0x000051b8       0x18 ./Generated_Code/I2C1.o
                0x000051b8                I2C1_Init
 .text.Write    0x000051d0       0xb8 ./Generated_Code/I2C1.o
 .text.Read     0x00005288       0xa8 ./Generated_Code/I2C1.o
 .text.GetAck   0x00005330       0x64 ./Generated_Code/I2C1.o
 .text.SetAck   0x00005394       0xa8 ./Generated_Code/I2C1.o
 .text.InternalStop
                0x0000543c       0x44 ./Generated_Code/I2C1.o
 .text.I2C1_SendBlock
                0x00005480      0x194 ./Generated_Code/I2C1.o
                0x00005480                I2C1_SendBlock
 .text.I2C1_RecvBlock
                0x00005614      0x16c ./Generated_Code/I2C1.o
                0x00005614                I2C1_RecvBlock
 .text.I2C1_SendStop
                0x00005780       0x4c ./Generated_Code/I2C1.o
                0x00005780                I2C1_SendStop
 .text.I2C1_SelectSlave
                0x000057cc       0x28 ./Generated_Code/I2C1.o
                0x000057cc                I2C1_SelectSlave
 .text.ExtIntLdd2_OnInterrupt
                0x000057f4       0x14 ./Generated_Code/IR0_detect.o
                0x000057f4                ExtIntLdd2_OnInterrupt
 .text.ExtIntLdd3_OnInterrupt
                0x00005808       0x14 ./Generated_Code/IR1_detect.o
                0x00005808                ExtIntLdd3_OnInterrupt
 .text.ExtIntLdd4_OnInterrupt
                0x0000581c       0x14 ./Generated_Code/IR2_detect.o
                0x0000581c                ExtIntLdd4_OnInterrupt
 .text.ExtIntLdd1_OnInterrupt
                0x00005830       0x14 ./Generated_Code/Int1accel.o
                0x00005830                ExtIntLdd1_OnInterrupt
 .text.TimerIntLdd1_OnInterrupt
                0x00005844       0x14 ./Generated_Code/TI1.o
                0x00005844                TimerIntLdd1_OnInterrupt
 .text.TimerIntLdd2_OnInterrupt
                0x00005858       0x14 ./Generated_Code/TI2.o
                0x00005858                TimerIntLdd2_OnInterrupt
 .text.TimerIntLdd3_OnInterrupt
                0x0000586c       0x14 ./Generated_Code/TI3.o
                0x0000586c                TimerIntLdd3_OnInterrupt
 .text.TU1_Init
                0x00005880       0x9c ./Generated_Code/TU1.o
                0x00005880                TU1_Init
 .text.TU1_Interrupt
                0x0000591c       0x40 ./Generated_Code/TU1.o
                0x0000591c                TU1_Interrupt
 .text.TU2_Init
                0x0000595c       0xf8 ./Generated_Code/TU2.o
                0x0000595c                TU2_Init
 .text.TU2_Interrupt
                0x00005a54       0x6c ./Generated_Code/TU2.o
                0x00005a54                TU2_Interrupt
 .text.TU3_Init
                0x00005ac0       0xd4 ./Generated_Code/TU3.o
                0x00005ac0                TU3_Init
 .text.TU3_Interrupt
                0x00005b94       0x6c ./Generated_Code/TU3.o
                0x00005b94                TU3_Interrupt
 .text.TimerIntLdd1_Init
                0x00005c00       0x50 ./Generated_Code/TimerIntLdd1.o
                0x00005c00                TimerIntLdd1_Init
 .text.TU1_OnCounterRestart
                0x00005c50       0x24 ./Generated_Code/TimerIntLdd1.o
                0x00005c50                TU1_OnCounterRestart
 .text.TimerIntLdd2_Init
                0x00005c74       0x50 ./Generated_Code/TimerIntLdd2.o
                0x00005c74                TimerIntLdd2_Init
 .text.TU2_OnCounterRestart
                0x00005cc4       0x24 ./Generated_Code/TimerIntLdd2.o
                0x00005cc4                TU2_OnCounterRestart
 .text.TimerIntLdd3_Init
                0x00005ce8       0x50 ./Generated_Code/TimerIntLdd3.o
                0x00005ce8                TimerIntLdd3_Init
 .text.TU3_OnCounterRestart
                0x00005d38       0x24 ./Generated_Code/TimerIntLdd3.o
                0x00005d38                TU3_OnCounterRestart
 .text.HWEnDi   0x00005d5c       0x1c ./Generated_Code/UART0.o
 .text.UART0_RecvChar
                0x00005d78       0xd8 ./Generated_Code/UART0.o
                0x00005d78                UART0_RecvChar
 .text.UART0_SendChar
                0x00005e50       0xdc ./Generated_Code/UART0.o
                0x00005e50                UART0_SendChar
 .text.UART0_Init
                0x00005f2c       0x60 ./Generated_Code/UART0.o
                0x00005f2c                UART0_Init
 .text.ASerialLdd1_OnBlockReceived
                0x00005f8c       0xc4 ./Generated_Code/UART0.o
                0x00005f8c                ASerialLdd1_OnBlockReceived
 .text.ASerialLdd1_OnBlockSent
                0x00006050       0xd0 ./Generated_Code/UART0.o
                0x00006050                ASerialLdd1_OnBlockSent
 .text.ASerialLdd1_OnError
                0x00006120       0x9c ./Generated_Code/UART0.o
                0x00006120                ASerialLdd1_OnError
 .text.ASerialLdd1_OnBreak
                0x000061bc       0x24 ./Generated_Code/UART0.o
                0x000061bc                ASerialLdd1_OnBreak
 .text.ExtIntLdd5_OnInterrupt
                0x000061e0       0x14 ./Generated_Code/UsonicPWM.o
                0x000061e0                ExtIntLdd5_OnInterrupt
 .text.WAIT1_Wait10Cycles
                0x000061f4        0x8 ./Generated_Code/WAIT1.o
                0x000061f4                WAIT1_Wait10Cycles
 .text.WAIT1_Wait100Cycles
                0x000061fc       0x1c ./Generated_Code/WAIT1.o
                0x000061fc                WAIT1_Wait100Cycles
 .text.WAIT1_WaitCycles
                0x00006218       0x34 ./Generated_Code/WAIT1.o
                0x00006218                WAIT1_WaitCycles
 .text.WAIT1_WaitLongCycles
                0x0000624c       0x38 ./Generated_Code/WAIT1.o
                0x0000624c                WAIT1_WaitLongCycles
 .text.WAIT1_Waitms
                0x00006284       0x2c ./Generated_Code/WAIT1.o
                0x00006284                WAIT1_Waitms
 .text.atan2    0x000062b0        0x4 c:/freescale/kds_3.0.0/toolchain/bin/../lib/gcc/arm-none-eabi/4.8.4/../../../../arm-none-eabi/lib/armv7e-m/fpu\libm.a(lib_a-w_atan2.o)
                0x000062b0                atan2
 *fill*         0x000062b4        0x4 
 .text.__ieee754_atan2
                0x000062b8      0x1e8 c:/freescale/kds_3.0.0/toolchain/bin/../lib/gcc/arm-none-eabi/4.8.4/../../../../arm-none-eabi/lib/armv7e-m/fpu\libm.a(lib_a-e_atan2.o)
                0x000062b8                __ieee754_atan2
 .text.atan     0x000064a0      0x378 c:/freescale/kds_3.0.0/toolchain/bin/../lib/gcc/arm-none-eabi/4.8.4/../../../../arm-none-eabi/lib/armv7e-m/fpu\libm.a(lib_a-s_atan.o)
                0x000064a0                atan
 .text.fabs     0x00006818       0x14 c:/freescale/kds_3.0.0/toolchain/bin/../lib/gcc/arm-none-eabi/4.8.4/../../../../arm-none-eabi/lib/armv7e-m/fpu\libm.a(lib_a-s_fabs.o)
                0x00006818                fabs
 *(.rodata)
 *(.rodata*)
 .rodata.ClockGenModeMatrix
                0x0000682c       0x80 ./Static_Code/System/CPU_Init.o
 .rodata.CPU_ClockConfigDescriptors
                0x000068ac       0x1c ./Static_Code/System/CPU_Init.o
 .rodata.CPU_DefaultFEI
                0x000068c8        0x8 ./Static_Code/System/CPU_Init.o
 .rodata.CPU_DefaultFBI
                0x000068d0        0x8 ./Static_Code/System/CPU_Init.o
 .rodata.CPU_DefaultBLPI
                0x000068d8        0x8 ./Static_Code/System/CPU_Init.o
 .rodata.CPU_DefaultFEE
                0x000068e0        0x8 ./Static_Code/System/CPU_Init.o
 .rodata.CPU_DefaultFBE
                0x000068e8        0x8 ./Static_Code/System/CPU_Init.o
 .rodata.CPU_DefaultBLPE
                0x000068f0        0x8 ./Static_Code/System/CPU_Init.o
 .rodata.CPU_DefaultPBE
                0x000068f8        0x8 ./Static_Code/System/CPU_Init.o
 .rodata.CPU_DefaultPEE
                0x00006900        0x8 ./Static_Code/System/CPU_Init.o
 .rodata.CPU_ClockGenModeRegs
                0x00006908       0x20 ./Static_Code/System/CPU_Init.o
 .rodata.HeartBitMsg
                0x00006928       0x2c ./Sources/main.o
                0x00006928                HeartBitMsg
 .rodata.addr.6224
                0x00006954        0x1 ./Generated_Code/FX1.o
 .rodata.addr.6232
                0x00006955        0x1 ./Generated_Code/FX1.o
 .rodata.addr.6240
                0x00006956        0x1 ./Generated_Code/FX1.o
 .rodata.addr.6305
                0x00006957        0x1 ./Generated_Code/FX1.o
 .rodata.addr.6313
                0x00006958        0x1 ./Generated_Code/FX1.o
 .rodata.addr.6321
                0x00006959        0x1 ./Generated_Code/FX1.o
 *fill*         0x0000695a        0x6 
 .rodata.atanlo
                0x00006960       0x20 c:/freescale/kds_3.0.0/toolchain/bin/../lib/gcc/arm-none-eabi/4.8.4/../../../../arm-none-eabi/lib/armv7e-m/fpu\libm.a(lib_a-s_atan.o)
 .rodata.atanhi
                0x00006980       0x20 c:/freescale/kds_3.0.0/toolchain/bin/../lib/gcc/arm-none-eabi/4.8.4/../../../../arm-none-eabi/lib/armv7e-m/fpu\libm.a(lib_a-s_atan.o)
 *(.glue_7)
 .glue_7        0x00000000        0x0 linker stubs
 *(.glue_7t)
 .glue_7t       0x00000000        0x0 linker stubs
 *(.eh_frame)
 .eh_frame      0x000069a0        0x0 c:/freescale/kds_3.0.0/toolchain/bin/../lib/gcc/arm-none-eabi/4.8.4/armv7e-m/fpu/crtbegin.o
 *(.init)
 .init          0x000069a0        0x4 c:/freescale/kds_3.0.0/toolchain/bin/../lib/gcc/arm-none-eabi/4.8.4/armv7e-m/fpu/crti.o
                0x000069a0                _init
 .init          0x000069a4        0x8 c:/freescale/kds_3.0.0/toolchain/bin/../lib/gcc/arm-none-eabi/4.8.4/armv7e-m/fpu/crtn.o
 *(.fini)
 .fini          0x000069ac        0x4 c:/freescale/kds_3.0.0/toolchain/bin/../lib/gcc/arm-none-eabi/4.8.4/armv7e-m/fpu/crti.o
                0x000069ac                _fini
 .fini          0x000069b0        0x8 c:/freescale/kds_3.0.0/toolchain/bin/../lib/gcc/arm-none-eabi/4.8.4/armv7e-m/fpu/crtn.o
                0x000069b8                . = ALIGN (0x4)
                0x000069b8                _etext = .

.vfp11_veneer   0x000069b8        0x0
 .vfp11_veneer  0x00000000        0x0 linker stubs

.v4_bx          0x000069b8        0x0
 .v4_bx         0x00000000        0x0 linker stubs

.iplt           0x000069b8        0x0
 .iplt          0x00000000        0x0 c:/freescale/kds_3.0.0/toolchain/bin/../lib/gcc/arm-none-eabi/4.8.4/armv7e-m/fpu/crtbegin.o

.rel.dyn        0x000069b8        0x0
 .rel.iplt      0x00000000        0x0 c:/freescale/kds_3.0.0/toolchain/bin/../lib/gcc/arm-none-eabi/4.8.4/armv7e-m/fpu/crtbegin.o

.ARM.extab
 *(.ARM.extab* .gnu.linkonce.armextab.*)

.ARM            0x000069b8        0x0
                0x000069b8                __exidx_start = .
 *(.ARM.exidx*)
                0x000069b8                __exidx_end = .

.ctors          0x000069b8        0x0
                0x000069b8                __CTOR_LIST__ = .
 *crtbegin.o(.ctors)
 *(EXCLUDE_FILE(*crtend.o) .ctors)
 *(SORT(.ctors.*))
 *(.ctors)
                0x000069b8                __CTOR_END__ = .

.dtors          0x000069b8        0x0
                0x000069b8                __DTOR_LIST__ = .
 *crtbegin.o(.dtors)
 *(EXCLUDE_FILE(*crtend.o) .dtors)
 *(SORT(.dtors.*))
 *(.dtors)
                0x000069b8                __DTOR_END__ = .

.preinit_array  0x000069b8        0x0
                0x000069b8                PROVIDE (__preinit_array_start, .)
 *(.preinit_array*)
                0x000069b8                PROVIDE (__preinit_array_end, .)

.init_array     0x000069b8        0x4
                0x000069b8                PROVIDE (__init_array_start, .)
 *(SORT(.init_array.*))
 *(.init_array*)
 .init_array    0x000069b8        0x4 c:/freescale/kds_3.0.0/toolchain/bin/../lib/gcc/arm-none-eabi/4.8.4/armv7e-m/fpu/crtbegin.o
                0x000069bc                PROVIDE (__init_array_end, .)

.fini_array     0x000069bc        0x4
                0x000069bc                PROVIDE (__fini_array_start, .)
 *(SORT(.fini_array.*))
 *(.fini_array*)
 .fini_array    0x000069bc        0x4 c:/freescale/kds_3.0.0/toolchain/bin/../lib/gcc/arm-none-eabi/4.8.4/armv7e-m/fpu/crtbegin.o
                0x000069c0                PROVIDE (__fini_array_end, .)
                0x000069c0                ___ROM_AT = .

.data           0x1fff0000        0x4 load address 0x000069c0
                0x1fff0000                . = ALIGN (0x4)
                0x1fff0000                _sdata = .
 *(.data)
 *(.data*)
 .data.sm_smoothTime
                0x1fff0000        0x1 ./Sources/sw_pwm.o
                0x1fff0000                sm_smoothTime
                0x1fff0004                . = ALIGN (0x4)
 *fill*         0x1fff0001        0x3 
                0x1fff0004                _edata = .
                0x00000004                ___data_size = (_edata - _sdata)
                0x000069c4                ___m_data_20000000_ROMStart = (___ROM_AT + SIZEOF (.data))

.jcr            0x1fff0004        0x0 load address 0x000069c4
 .jcr           0x1fff0004        0x0 c:/freescale/kds_3.0.0/toolchain/bin/../lib/gcc/arm-none-eabi/4.8.4/armv7e-m/fpu/crtbegin.o

.igot.plt       0x1fff0004        0x0 load address 0x000069c4
 .igot.plt      0x00000000        0x0 c:/freescale/kds_3.0.0/toolchain/bin/../lib/gcc/arm-none-eabi/4.8.4/armv7e-m/fpu/crtbegin.o

.m_data_20000000
                0x20000000        0x0 load address 0x000069c4
                0x20000000                . = ALIGN (0x4)
                0x20000000                ___m_data_20000000_RAMStart = .
 *(.m_data_20000000)
                0x20000000                ___m_data_20000000_RAMEnd = .
                0x20000000                . = ALIGN (0x4)
                0x00000000                ___m_data_20000000_ROMSize = (___m_data_20000000_RAMEnd - ___m_data_20000000_RAMStart)
                0x20000000                . = ALIGN (0x4)

.bss            0x1fff0004      0x42c load address 0x000069c4
                0x1fff0004                __START_BSS = .
                0x1fff0004                PROVIDE (__bss_start__, __START_BSS)
 *(.bss)
 .bss           0x1fff0004       0x1c c:/freescale/kds_3.0.0/toolchain/bin/../lib/gcc/arm-none-eabi/4.8.4/armv7e-m/fpu/crtbegin.o
 *(.bss*)
 .bss.SR_lock   0x1fff0020        0x1 ./Static_Code/System/CPU_Init.o
                0x1fff0020                SR_lock
 .bss.UARTDataReady
                0x1fff0021        0x1 ./Sources/DCFcom.o
                0x1fff0021                UARTDataReady
 .bss.DataLength
                0x1fff0022        0x1 ./Sources/DCFcom.o
                0x1fff0022                DataLength
 *fill*         0x1fff0023        0x1 
 .bss.ptrRcvChar
                0x1fff0024        0x4 ./Sources/DCFcom.o
                0x1fff0024                ptrRcvChar
 .bss.receiveSof
                0x1fff0028        0x1 ./Sources/DCFcom.o
                0x1fff0028                receiveSof
 .bss.receiveHeader
                0x1fff0029        0x1 ./Sources/DCFcom.o
                0x1fff0029                receiveHeader
 .bss.Rec.6627  0x1fff002a        0x1 ./Sources/Events.o
 .bss.i.6640    0x1fff002b        0x1 ./Sources/Events.o
 .bss.j.6641    0x1fff002c        0x1 ./Sources/Events.o
 .bss.compassEnable
                0x1fff002d        0x1 ./Sources/main.o
                0x1fff002d                compassEnable
 .bss.accelConfigOk.7200
                0x1fff002e        0x1 ./Sources/sensors.o
 .bss.i.7201    0x1fff002f        0x1 ./Sources/sensors.o
 .bss.timeSMRefresh40ms.6264
                0x1fff0030        0x1 ./Sources/sw_pwm.o
 *fill*         0x1fff0031        0x3 
 .bss.argv      0x1fff0034       0x28 ./Project_Settings/Startup_Code/startup.o
 .bss.DeviceDataPrv__DEFAULT_RTOS_ALLOC
                0x1fff005c       0x20 ./Generated_Code/ASerialLdd1.o
 .bss.INT_LPUART0__DEFAULT_RTOS_ISRPARAM
                0x1fff007c        0x4 ./Generated_Code/ASerialLdd1.o
 .bss.DeviceDataPrv__DEFAULT_RTOS_ALLOC
                0x1fff0080        0x4 ./Generated_Code/BitIoLdd1.o
 .bss.DeviceDataPrv__DEFAULT_RTOS_ALLOC
                0x1fff0084        0x4 ./Generated_Code/BitIoLdd10.o
 .bss.DeviceDataPrv__DEFAULT_RTOS_ALLOC
                0x1fff0088        0x4 ./Generated_Code/BitIoLdd11.o
 .bss.DeviceDataPrv__DEFAULT_RTOS_ALLOC
                0x1fff008c        0x4 ./Generated_Code/BitIoLdd12.o
 .bss.DeviceDataPrv__DEFAULT_RTOS_ALLOC
                0x1fff0090        0x4 ./Generated_Code/BitIoLdd13.o
 .bss.DeviceDataPrv__DEFAULT_RTOS_ALLOC
                0x1fff0094        0x4 ./Generated_Code/BitIoLdd14.o
 .bss.DeviceDataPrv__DEFAULT_RTOS_ALLOC
                0x1fff0098        0x4 ./Generated_Code/BitIoLdd15.o
 .bss.DeviceDataPrv__DEFAULT_RTOS_ALLOC
                0x1fff009c        0x4 ./Generated_Code/BitIoLdd16.o
 .bss.DeviceDataPrv__DEFAULT_RTOS_ALLOC
                0x1fff00a0        0x4 ./Generated_Code/BitIoLdd17.o
 .bss.DeviceDataPrv__DEFAULT_RTOS_ALLOC
                0x1fff00a4        0x4 ./Generated_Code/BitIoLdd18.o
 .bss.DeviceDataPrv__DEFAULT_RTOS_ALLOC
                0x1fff00a8        0x4 ./Generated_Code/BitIoLdd19.o
 .bss.DeviceDataPrv__DEFAULT_RTOS_ALLOC
                0x1fff00ac        0x4 ./Generated_Code/BitIoLdd2.o
 .bss.DeviceDataPrv__DEFAULT_RTOS_ALLOC
                0x1fff00b0        0x4 ./Generated_Code/BitIoLdd20.o
 .bss.DeviceDataPrv__DEFAULT_RTOS_ALLOC
                0x1fff00b4        0x4 ./Generated_Code/BitIoLdd21.o
 .bss.DeviceDataPrv__DEFAULT_RTOS_ALLOC
                0x1fff00b8        0x4 ./Generated_Code/BitIoLdd22.o
 .bss.DeviceDataPrv__DEFAULT_RTOS_ALLOC
                0x1fff00bc        0x4 ./Generated_Code/BitIoLdd3.o
 .bss.DeviceDataPrv__DEFAULT_RTOS_ALLOC
                0x1fff00c0        0x4 ./Generated_Code/BitIoLdd4.o
 .bss.DeviceDataPrv__DEFAULT_RTOS_ALLOC
                0x1fff00c4        0x4 ./Generated_Code/BitIoLdd5.o
 .bss.DeviceDataPrv__DEFAULT_RTOS_ALLOC
                0x1fff00c8        0x4 ./Generated_Code/BitIoLdd6.o
 .bss.DeviceDataPrv__DEFAULT_RTOS_ALLOC
                0x1fff00cc        0x4 ./Generated_Code/BitIoLdd7.o
 .bss.DeviceDataPrv__DEFAULT_RTOS_ALLOC
                0x1fff00d0        0x4 ./Generated_Code/BitIoLdd8.o
 .bss.DeviceDataPrv__DEFAULT_RTOS_ALLOC
                0x1fff00d4        0x4 ./Generated_Code/BitIoLdd9.o
 .bss.DeviceDataPrv__DEFAULT_RTOS_ALLOC
                0x1fff00d8        0x4 ./Generated_Code/ExtIntLdd1.o
 .bss.INT_PORTD__DEFAULT_RTOS_ISRPARAM
                0x1fff00dc        0x4 ./Generated_Code/ExtIntLdd1.o
 .bss.DeviceDataPrv__DEFAULT_RTOS_ALLOC
                0x1fff00e0        0x4 ./Generated_Code/ExtIntLdd2.o
 .bss.INT_PORTC__DEFAULT_RTOS_ISRPARAM
                0x1fff00e4        0x4 ./Generated_Code/ExtIntLdd2.o
 .bss.DeviceDataPrv__DEFAULT_RTOS_ALLOC
                0x1fff00e8        0x4 ./Generated_Code/ExtIntLdd3.o
 .bss.INT_PORTC__DEFAULT_RTOS_ISRPARAM
                0x1fff00ec        0x4 ./Generated_Code/ExtIntLdd3.o
 .bss.DeviceDataPrv__DEFAULT_RTOS_ALLOC
                0x1fff00f0        0x4 ./Generated_Code/ExtIntLdd4.o
 .bss.INT_PORTB__DEFAULT_RTOS_ISRPARAM
                0x1fff00f4        0x4 ./Generated_Code/ExtIntLdd4.o
 .bss.DeviceDataPrv__DEFAULT_RTOS_ALLOC
                0x1fff00f8        0x4 ./Generated_Code/ExtIntLdd5.o
 .bss.INT_PORTA__DEFAULT_RTOS_ISRPARAM
                0x1fff00fc        0x4 ./Generated_Code/ExtIntLdd5.o
 .bss.sCalValues
                0x1fff0100        0x8 ./Generated_Code/FX1.o
 .bss.writeBuf.6139
                0x1fff0108       0x10 ./Generated_Code/GI2C1.o
 .bss.SlaveAddr
                0x1fff0118        0x1 ./Generated_Code/I2C1.o
 *fill*         0x1fff0119        0x3 
 .bss.PE_LDD_DeviceDataList
                0x1fff011c       0x88 ./Generated_Code/PE_LDD.o
                0x1fff011c                PE_LDD_DeviceDataList
 .bss.DeviceDataPrv__DEFAULT_RTOS_ALLOC
                0x1fff01a4        0x8 ./Generated_Code/TU1.o
 .bss.INT_SysTick__DEFAULT_RTOS_ISRPARAM
                0x1fff01ac        0x4 ./Generated_Code/TU1.o
 .bss.DeviceDataPrv__DEFAULT_RTOS_ALLOC
                0x1fff01b0        0xc ./Generated_Code/TU2.o
 .bss.INT_FTM0__DEFAULT_RTOS_ISRPARAM
                0x1fff01bc        0x4 ./Generated_Code/TU2.o
 .bss.DeviceDataPrv__DEFAULT_RTOS_ALLOC
                0x1fff01c0        0xc ./Generated_Code/TU3.o
 .bss.INT_FTM1__DEFAULT_RTOS_ISRPARAM
                0x1fff01cc        0x4 ./Generated_Code/TU3.o
 .bss.DeviceDataPrv__DEFAULT_RTOS_ALLOC
                0x1fff01d0        0xc ./Generated_Code/TimerIntLdd1.o
 .bss.DeviceDataPrv__DEFAULT_RTOS_ALLOC
                0x1fff01dc        0xc ./Generated_Code/TimerIntLdd2.o
 .bss.DeviceDataPrv__DEFAULT_RTOS_ALLOC
                0x1fff01e8        0xc ./Generated_Code/TimerIntLdd3.o
 .bss.SerFlag   0x1fff01f4        0x2 ./Generated_Code/UART0.o
 .bss.UART0_InpLen
                0x1fff01f6        0x2 ./Generated_Code/UART0.o
 .bss.InpIndexR
                0x1fff01f8        0x2 ./Generated_Code/UART0.o
 .bss.InpIndexW
                0x1fff01fa        0x2 ./Generated_Code/UART0.o
 .bss.InpBuffer
                0x1fff01fc       0x50 ./Generated_Code/UART0.o
 .bss.BufferRead
                0x1fff024c        0x1 ./Generated_Code/UART0.o
 *fill*         0x1fff024d        0x1 
 .bss.UART0_OutLen
                0x1fff024e        0x2 ./Generated_Code/UART0.o
 .bss.OutIndexR
                0x1fff0250        0x2 ./Generated_Code/UART0.o
 .bss.OutIndexW
                0x1fff0252        0x2 ./Generated_Code/UART0.o
 .bss.OutBuffer
                0x1fff0254       0x50 ./Generated_Code/UART0.o
 .bss.OnFreeTxBufSemaphore
                0x1fff02a4        0x1 ./Generated_Code/UART0.o
 *(COMMON)
 COMMON         0x1fff02a5        0x1 ./Static_Code/System/CPU_Init.o
                0x1fff02a5                SR_reg
 *fill*         0x1fff02a6        0x2 
 COMMON         0x1fff02a8       0x7f ./Sources/DCFcom.o
                0x1fff02a8                buffRcvDcfData
                0x1fff02dc                buffSndDcfData
                0x1fff0310                buffSndDcfHeader
                0x1fff0312                receiveData
                0x1fff0313                processBuffRcv
                0x1fff0314                dataCount
                0x1fff0318                TimeOutCount
                0x1fff0319                buffSndDCFbusy
                0x1fff031c                dataOffset
                0x1fff0320                TXbyteDelay
                0x1fff0324                buffRcvDcfHeader
                0x1fff0326                buffRcvDCFbusy
 *fill*         0x1fff0327        0x1 
 COMMON         0x1fff0328        0xd ./Sources/Events.o
                0x1fff0328                compassInterruptSended
                0x1fff0329                UltrasonicCounterTime
                0x1fff032a                trigCompassRead
                0x1fff032c                UltrasonicEchoTime
                0x1fff0330                UltrasonicDataReady
                0x1fff0331                IrInterruptEnable
                0x1fff0332                CompassDataReady
                0x1fff0333                IrInterruptFlag
                0x1fff0334                compassInterruptEnable
 *fill*         0x1fff0335        0x3 
 COMMON         0x1fff0338       0x1d ./Sources/main.o
                0x1fff0338                myHeading
                0x1fff033c                compassInterruptMin
                0x1fff0340                compassDataValid
                0x1fff0341                compassInterruptFlag
                0x1fff0342                SM_Data_count
                0x1fff0343                IRInterruptSended
                0x1fff0344                SM_Data_offset
                0x1fff0348                compassInterruptMax
                0x1fff034c                uSonicDataValid
                0x1fff034d                SMInterruptSended
                0x1fff0350                UltrasonicDistance_mm
                0x1fff0354                IRdetectionStatus
 *fill*         0x1fff0355        0x3 
 COMMON         0x1fff0358       0x46 ./Sources/sensors.o
                0x1fff0358                X_Accel_offset
                0x1fff035a                Yout_Mag_16_bit_avg
                0x1fff035c                Xout_Mag_16_bit_max
                0x1fff035e                Zout_Mag_16_bit_avg
                0x1fff0360                Xout_Mag_16_bit
                0x1fff0362                Xout_Accel_14_bit
                0x1fff0364                Zout_g
                0x1fff0368                Zout_Mag_16_bit_min
                0x1fff036c                Yout_uT
                0x1fff0370                Zout_Mag_16_bit_max
                0x1fff0372                Yout_Accel_14_bit
                0x1fff0374                Zout_Accel_14_bit
                0x1fff0376                Yout_Mag_16_bit_max
                0x1fff0378                Xout_Mag_16_bit_min
                0x1fff037a                Yout_Mag_16_bit
                0x1fff037c                Yout_g
                0x1fff0380                HeadingDec
                0x1fff0384                compassCalibrationReady
                0x1fff0386                Xout_Mag_16_bit_avg
                0x1fff0388                Xout_g
                0x1fff038c                Zout_uT
                0x1fff0390                Y_Accel_offset
                0x1fff0391                Z_Accel_offset
                0x1fff0392                Zout_Mag_16_bit
                0x1fff0394                Heading
                0x1fff0398                Xout_uT
                0x1fff039c                Yout_Mag_16_bit_min
 *fill*         0x1fff039e        0x2 
 COMMON         0x1fff03a0       0x8a ./Sources/sw_pwm.o
                0x1fff03a0                SM_ActualValue
                0x1fff03b4                NbActivMotors
                0x1fff03b8                TimPWM_gr2
                0x1fff03bc                StartUltrasonicTrig
                0x1fff03bd                UltrasonicWaitEcho
                0x1fff03c0                TimPWM_gr4
                0x1fff03c4                sm_smoothIncrement
                0x1fff03c8                SM_CountValue
                0x1fff03dc                SMInterruptEnable
                0x1fff03e0                TimPWM_gr7
                0x1fff03e4                TimPWM_gr5
                0x1fff03e8                UsonicRefreshTimeCnt
                0x1fff03ec                TimPWM_gr6
                0x1fff03f0                TimPWM_gr1
                0x1fff03f4                SMInterruptFlag
                0x1fff03f8                TimPWM_gr3
                0x1fff03fc                SM_TargetValue
                0x1fff0410                SMnewCommand
                0x1fff0414                SM_Enable
                0x1fff0428                flag_uSonicEnable
                0x1fff0429                SM_GroupeSelect
 *fill*         0x1fff042a        0x2 
 COMMON         0x1fff042c        0x4 ./Generated_Code/UART0.o
                0x1fff042c                ASerialLdd1_DeviceDataPtr
                0x1fff0430                . = ALIGN (0x4)
                0x1fff0430                __END_BSS = .
                0x1fff0430                PROVIDE (__bss_end__, __END_BSS)
                0x000069c4                _romp_at = ((___ROM_AT + SIZEOF (.data)) + SIZEOF (.m_data_20000000))

.romp           0x1fff0430       0x24 load address 0x000069c4
                0x000069c4                __S_romp = _romp_at
                0x1fff0430        0x4 LONG 0x69c0 ___ROM_AT
                0x1fff0434        0x4 LONG 0x1fff0000 _sdata
                0x1fff0438        0x4 LONG 0x4 ___data_size
                0x1fff043c        0x4 LONG 0x69c4 ___m_data_20000000_ROMStart
                0x1fff0440        0x4 LONG 0x20000000 ___m_data_20000000_RAMStart
                0x1fff0444        0x4 LONG 0x0 ___m_data_20000000_ROMSize
                0x1fff0448        0x4 LONG 0x0
                0x1fff044c        0x4 LONG 0x0
                0x1fff0450        0x4 LONG 0x0
                0x00080000                text_end = (ORIGIN (m_text) + 0x7fbf0)
                0x000069e8                data_init_end = ((___m_data_20000000_ROMStart + SIZEOF (.m_data_20000000)) + SIZEOF (.romp))
                0x00000001                ASSERT ((data_init_end <= text_end), region m_text overflowed with text and data)

._user_heap_stack
                0x1fff0454      0x400 load address 0x000069e8
                0x1fff0454                . = ALIGN (0x4)
                0x1fff0454                PROVIDE (end, .)
                0x1fff0454                PROVIDE (_end, .)
                0x1fff0454                PROVIDE (__end__, .)
                0x1fff0454                __heap_addr = .
                0x1fff0454                __HeapBase = .
                0x1fff0454                . = (. + __heap_size)
                0x1fff0454                __HeapLimit = .
                0x1fff0854                . = (. + __stack_size)
 *fill*         0x1fff0454      0x400 
                0x1fff0854                . = ALIGN (0x4)

.ARM.attributes
                0x00000000       0x30
 *(.ARM.attributes)
 .ARM.attributes
                0x00000000       0x22 c:/freescale/kds_3.0.0/toolchain/bin/../lib/gcc/arm-none-eabi/4.8.4/armv7e-m/fpu/crti.o
 .ARM.attributes
                0x00000022       0x34 c:/freescale/kds_3.0.0/toolchain/bin/../lib/gcc/arm-none-eabi/4.8.4/armv7e-m/fpu/crtbegin.o
 .ARM.attributes
                0x00000056       0x39 ./Static_Code/System/CPU_Init.o
 .ARM.attributes
                0x0000008f       0x39 ./Static_Code/System/Vectors.o
 .ARM.attributes
                0x000000c8       0x39 ./Sources/DCFcom.o
 .ARM.attributes
                0x00000101       0x39 ./Sources/Events.o
 .ARM.attributes
                0x0000013a       0x39 ./Sources/main.o
 .ARM.attributes
                0x00000173       0x39 ./Sources/sensors.o
 .ARM.attributes
                0x000001ac       0x39 ./Sources/sw_pwm.o
 .ARM.attributes
                0x000001e5       0x39 ./Project_Settings/Startup_Code/startup.o
 .ARM.attributes
                0x0000021e       0x39 ./Generated_Code/ASerialLdd1.o
 .ARM.attributes
                0x00000257       0x39 ./Generated_Code/BitIoLdd1.o
 .ARM.attributes
                0x00000290       0x39 ./Generated_Code/BitIoLdd10.o
 .ARM.attributes
                0x000002c9       0x39 ./Generated_Code/BitIoLdd11.o
 .ARM.attributes
                0x00000302       0x39 ./Generated_Code/BitIoLdd12.o
 .ARM.attributes
                0x0000033b       0x39 ./Generated_Code/BitIoLdd13.o
 .ARM.attributes
                0x00000374       0x39 ./Generated_Code/BitIoLdd14.o
 .ARM.attributes
                0x000003ad       0x39 ./Generated_Code/BitIoLdd15.o
 .ARM.attributes
                0x000003e6       0x39 ./Generated_Code/BitIoLdd16.o
 .ARM.attributes
                0x0000041f       0x39 ./Generated_Code/BitIoLdd17.o
 .ARM.attributes
                0x00000458       0x39 ./Generated_Code/BitIoLdd18.o
 .ARM.attributes
                0x00000491       0x39 ./Generated_Code/BitIoLdd19.o
 .ARM.attributes
                0x000004ca       0x39 ./Generated_Code/BitIoLdd2.o
 .ARM.attributes
                0x00000503       0x39 ./Generated_Code/BitIoLdd20.o
 .ARM.attributes
                0x0000053c       0x39 ./Generated_Code/BitIoLdd21.o
 .ARM.attributes
                0x00000575       0x39 ./Generated_Code/BitIoLdd22.o
 .ARM.attributes
                0x000005ae       0x39 ./Generated_Code/BitIoLdd3.o
 .ARM.attributes
                0x000005e7       0x39 ./Generated_Code/BitIoLdd4.o
 .ARM.attributes
                0x00000620       0x39 ./Generated_Code/BitIoLdd5.o
 .ARM.attributes
                0x00000659       0x39 ./Generated_Code/BitIoLdd6.o
 .ARM.attributes
                0x00000692       0x39 ./Generated_Code/BitIoLdd7.o
 .ARM.attributes
                0x000006cb       0x39 ./Generated_Code/BitIoLdd8.o
 .ARM.attributes
                0x00000704       0x39 ./Generated_Code/BitIoLdd9.o
 .ARM.attributes
                0x0000073d       0x39 ./Generated_Code/Cpu.o
 .ARM.attributes
                0x00000776       0x39 ./Generated_Code/ExtIntLdd1.o
 .ARM.attributes
                0x000007af       0x39 ./Generated_Code/ExtIntLdd2.o
 .ARM.attributes
                0x000007e8       0x39 ./Generated_Code/ExtIntLdd3.o
 .ARM.attributes
                0x00000821       0x39 ./Generated_Code/ExtIntLdd4.o
 .ARM.attributes
                0x0000085a       0x39 ./Generated_Code/ExtIntLdd5.o
 .ARM.attributes
                0x00000893       0x39 ./Generated_Code/FX1.o
 .ARM.attributes
                0x000008cc       0x39 ./Generated_Code/GI2C1.o
 .ARM.attributes
                0x00000905       0x39 ./Generated_Code/I2C1.o
 .ARM.attributes
                0x0000093e       0x39 ./Generated_Code/IR0_detect.o
 .ARM.attributes
                0x00000977       0x39 ./Generated_Code/IR1_detect.o
 .ARM.attributes
                0x000009b0       0x39 ./Generated_Code/IR2_detect.o
 .ARM.attributes
                0x000009e9       0x39 ./Generated_Code/Int1accel.o
 .ARM.attributes
                0x00000a22       0x39 ./Generated_Code/PE_LDD.o
 .ARM.attributes
                0x00000a5b       0x39 ./Generated_Code/TI1.o
 .ARM.attributes
                0x00000a94       0x39 ./Generated_Code/TI2.o
 .ARM.attributes
                0x00000acd       0x39 ./Generated_Code/TI3.o
 .ARM.attributes
                0x00000b06       0x39 ./Generated_Code/TU1.o
 .ARM.attributes
                0x00000b3f       0x39 ./Generated_Code/TU2.o
 .ARM.attributes
                0x00000b78       0x39 ./Generated_Code/TU3.o
 .ARM.attributes
                0x00000bb1       0x39 ./Generated_Code/TimerIntLdd1.o
 .ARM.attributes
                0x00000bea       0x39 ./Generated_Code/TimerIntLdd2.o
 .ARM.attributes
                0x00000c23       0x39 ./Generated_Code/TimerIntLdd3.o
 .ARM.attributes
                0x00000c5c       0x39 ./Generated_Code/UART0.o
 .ARM.attributes
                0x00000c95       0x39 ./Generated_Code/UsonicPWM.o
 .ARM.attributes
                0x00000cce       0x39 ./Generated_Code/WAIT1.o
 .ARM.attributes
                0x00000d07       0x34 c:/freescale/kds_3.0.0/toolchain/bin/../lib/gcc/arm-none-eabi/4.8.4/../../../../arm-none-eabi/lib/armv7e-m/fpu\libm.a(lib_a-w_atan2.o)
 .ARM.attributes
                0x00000d3b       0x34 c:/freescale/kds_3.0.0/toolchain/bin/../lib/gcc/arm-none-eabi/4.8.4/../../../../arm-none-eabi/lib/armv7e-m/fpu\libm.a(lib_a-e_atan2.o)
 .ARM.attributes
                0x00000d6f       0x34 c:/freescale/kds_3.0.0/toolchain/bin/../lib/gcc/arm-none-eabi/4.8.4/../../../../arm-none-eabi/lib/armv7e-m/fpu\libm.a(lib_a-s_atan.o)
 .ARM.attributes
                0x00000da3       0x34 c:/freescale/kds_3.0.0/toolchain/bin/../lib/gcc/arm-none-eabi/4.8.4/../../../../arm-none-eabi/lib/armv7e-m/fpu\libm.a(lib_a-s_fabs.o)
 .ARM.attributes
                0x00000dd7       0x22 c:/freescale/kds_3.0.0/toolchain/bin/../lib/gcc/arm-none-eabi/4.8.4/armv7e-m/fpu\libgcc.a(_arm_addsubdf3.o)
 .ARM.attributes
                0x00000df9       0x22 c:/freescale/kds_3.0.0/toolchain/bin/../lib/gcc/arm-none-eabi/4.8.4/armv7e-m/fpu\libgcc.a(_arm_muldivdf3.o)
 .ARM.attributes
                0x00000e1b       0x22 c:/freescale/kds_3.0.0/toolchain/bin/../lib/gcc/arm-none-eabi/4.8.4/armv7e-m/fpu\libgcc.a(_arm_cmpdf2.o)
 .ARM.attributes
                0x00000e3d       0x22 c:/freescale/kds_3.0.0/toolchain/bin/../lib/gcc/arm-none-eabi/4.8.4/armv7e-m/fpu\libgcc.a(_arm_truncdfsf2.o)
 .ARM.attributes
                0x00000e5f       0x22 c:/freescale/kds_3.0.0/toolchain/bin/../lib/gcc/arm-none-eabi/4.8.4/armv7e-m/fpu/crtn.o
OUTPUT(hexapod_k22f.elf elf32-littlearm)

.debug_info     0x00000000     0xf352
 .debug_info    0x00000000      0xab9 ./Static_Code/System/CPU_Init.o
 .debug_info    0x00000ab9      0x826 ./Static_Code/System/Vectors.o
 .debug_info    0x000012df      0x2b1 ./Sources/DCFcom.o
 .debug_info    0x00001590      0x358 ./Sources/Events.o
 .debug_info    0x000018e8      0x345 ./Sources/main.o
 .debug_info    0x00001c2d      0x2e0 ./Sources/sensors.o
 .debug_info    0x00001f0d      0x2cf ./Sources/sw_pwm.o
 .debug_info    0x000021dc      0x4ae ./Project_Settings/Startup_Code/startup.o
 .debug_info    0x0000268a      0x84c ./Generated_Code/ASerialLdd1.o
 .debug_info    0x00002ed6      0x504 ./Generated_Code/BitIoLdd1.o
 .debug_info    0x000033da      0x504 ./Generated_Code/BitIoLdd10.o
 .debug_info    0x000038de      0x504 ./Generated_Code/BitIoLdd11.o
 .debug_info    0x00003de2      0x504 ./Generated_Code/BitIoLdd12.o
 .debug_info    0x000042e6      0x504 ./Generated_Code/BitIoLdd13.o
 .debug_info    0x000047ea      0x504 ./Generated_Code/BitIoLdd14.o
 .debug_info    0x00004cee      0x504 ./Generated_Code/BitIoLdd15.o
 .debug_info    0x000051f2      0x504 ./Generated_Code/BitIoLdd16.o
 .debug_info    0x000056f6      0x504 ./Generated_Code/BitIoLdd17.o
 .debug_info    0x00005bfa      0x504 ./Generated_Code/BitIoLdd18.o
 .debug_info    0x000060fe      0x504 ./Generated_Code/BitIoLdd19.o
 .debug_info    0x00006602      0x53a ./Generated_Code/BitIoLdd2.o
 .debug_info    0x00006b3c      0x504 ./Generated_Code/BitIoLdd20.o
 .debug_info    0x00007040      0x504 ./Generated_Code/BitIoLdd21.o
 .debug_info    0x00007544      0x504 ./Generated_Code/BitIoLdd22.o
 .debug_info    0x00007a48      0x53a ./Generated_Code/BitIoLdd3.o
 .debug_info    0x00007f82      0x504 ./Generated_Code/BitIoLdd4.o
 .debug_info    0x00008486      0x504 ./Generated_Code/BitIoLdd5.o
 .debug_info    0x0000898a      0x504 ./Generated_Code/BitIoLdd6.o
 .debug_info    0x00008e8e      0x504 ./Generated_Code/BitIoLdd7.o
 .debug_info    0x00009392      0x504 ./Generated_Code/BitIoLdd8.o
 .debug_info    0x00009896      0x504 ./Generated_Code/BitIoLdd9.o
 .debug_info    0x00009d9a      0x371 ./Generated_Code/Cpu.o
 .debug_info    0x0000a10b      0x5ef ./Generated_Code/ExtIntLdd1.o
 .debug_info    0x0000a6fa      0x5ef ./Generated_Code/ExtIntLdd2.o
 .debug_info    0x0000ace9      0x5ef ./Generated_Code/ExtIntLdd3.o
 .debug_info    0x0000b2d8      0x5ef ./Generated_Code/ExtIntLdd4.o
 .debug_info    0x0000b8c7      0x5ef ./Generated_Code/ExtIntLdd5.o
 .debug_info    0x0000beb6      0x897 ./Generated_Code/FX1.o
 .debug_info    0x0000c74d      0x4ba ./Generated_Code/GI2C1.o
 .debug_info    0x0000cc07      0x4cf ./Generated_Code/I2C1.o
 .debug_info    0x0000d0d6       0xb2 ./Generated_Code/IR0_detect.o
 .debug_info    0x0000d188       0xb2 ./Generated_Code/IR1_detect.o
 .debug_info    0x0000d23a       0xb2 ./Generated_Code/IR2_detect.o
 .debug_info    0x0000d2ec       0xb2 ./Generated_Code/Int1accel.o
 .debug_info    0x0000d39e      0x251 ./Generated_Code/PE_LDD.o
 .debug_info    0x0000d5ef       0xb2 ./Generated_Code/TI1.o
 .debug_info    0x0000d6a1       0xb2 ./Generated_Code/TI2.o
 .debug_info    0x0000d753       0xb2 ./Generated_Code/TI3.o
 .debug_info    0x0000d805      0x36e ./Generated_Code/TU1.o
 .debug_info    0x0000db73      0x63a ./Generated_Code/TU2.o
 .debug_info    0x0000e1ad      0x63a ./Generated_Code/TU3.o
 .debug_info    0x0000e7e7      0x178 ./Generated_Code/TimerIntLdd1.o
 .debug_info    0x0000e95f      0x178 ./Generated_Code/TimerIntLdd2.o
 .debug_info    0x0000ead7      0x178 ./Generated_Code/TimerIntLdd3.o
 .debug_info    0x0000ec4f      0x509 ./Generated_Code/UART0.o
 .debug_info    0x0000f158       0xb2 ./Generated_Code/UsonicPWM.o
 .debug_info    0x0000f20a      0x148 ./Generated_Code/WAIT1.o

.debug_abbrev   0x00000000     0x4314
 .debug_abbrev  0x00000000      0x1bf ./Static_Code/System/CPU_Init.o
 .debug_abbrev  0x000001bf       0xd8 ./Static_Code/System/Vectors.o
 .debug_abbrev  0x00000297       0xc1 ./Sources/DCFcom.o
 .debug_abbrev  0x00000358      0x143 ./Sources/Events.o
 .debug_abbrev  0x0000049b       0xd8 ./Sources/main.o
 .debug_abbrev  0x00000573       0xc2 ./Sources/sensors.o
 .debug_abbrev  0x00000635       0xfc ./Sources/sw_pwm.o
 .debug_abbrev  0x00000731      0x1a1 ./Project_Settings/Startup_Code/startup.o
 .debug_abbrev  0x000008d2      0x1c9 ./Generated_Code/ASerialLdd1.o
 .debug_abbrev  0x00000a9b      0x15d ./Generated_Code/BitIoLdd1.o
 .debug_abbrev  0x00000bf8      0x15d ./Generated_Code/BitIoLdd10.o
 .debug_abbrev  0x00000d55      0x15d ./Generated_Code/BitIoLdd11.o
 .debug_abbrev  0x00000eb2      0x15d ./Generated_Code/BitIoLdd12.o
 .debug_abbrev  0x0000100f      0x15d ./Generated_Code/BitIoLdd13.o
 .debug_abbrev  0x0000116c      0x15d ./Generated_Code/BitIoLdd14.o
 .debug_abbrev  0x000012c9      0x15d ./Generated_Code/BitIoLdd15.o
 .debug_abbrev  0x00001426      0x15d ./Generated_Code/BitIoLdd16.o
 .debug_abbrev  0x00001583      0x15d ./Generated_Code/BitIoLdd17.o
 .debug_abbrev  0x000016e0      0x15d ./Generated_Code/BitIoLdd18.o
 .debug_abbrev  0x0000183d      0x15d ./Generated_Code/BitIoLdd19.o
 .debug_abbrev  0x0000199a      0x186 ./Generated_Code/BitIoLdd2.o
 .debug_abbrev  0x00001b20      0x15d ./Generated_Code/BitIoLdd20.o
 .debug_abbrev  0x00001c7d      0x15d ./Generated_Code/BitIoLdd21.o
 .debug_abbrev  0x00001dda      0x15d ./Generated_Code/BitIoLdd22.o
 .debug_abbrev  0x00001f37      0x186 ./Generated_Code/BitIoLdd3.o
 .debug_abbrev  0x000020bd      0x15d ./Generated_Code/BitIoLdd4.o
 .debug_abbrev  0x0000221a      0x15d ./Generated_Code/BitIoLdd5.o
 .debug_abbrev  0x00002377      0x15d ./Generated_Code/BitIoLdd6.o
 .debug_abbrev  0x000024d4      0x15d ./Generated_Code/BitIoLdd7.o
 .debug_abbrev  0x00002631      0x15d ./Generated_Code/BitIoLdd8.o
 .debug_abbrev  0x0000278e      0x15d ./Generated_Code/BitIoLdd9.o
 .debug_abbrev  0x000028eb       0xed ./Generated_Code/Cpu.o
 .debug_abbrev  0x000029d8      0x15d ./Generated_Code/ExtIntLdd1.o
 .debug_abbrev  0x00002b35      0x15d ./Generated_Code/ExtIntLdd2.o
 .debug_abbrev  0x00002c92      0x15d ./Generated_Code/ExtIntLdd3.o
 .debug_abbrev  0x00002def      0x15d ./Generated_Code/ExtIntLdd4.o
 .debug_abbrev  0x00002f4c      0x15d ./Generated_Code/ExtIntLdd5.o
 .debug_abbrev  0x000030a9      0x1b5 ./Generated_Code/FX1.o
 .debug_abbrev  0x0000325e      0x175 ./Generated_Code/GI2C1.o
 .debug_abbrev  0x000033d3      0x1a5 ./Generated_Code/I2C1.o
 .debug_abbrev  0x00003578       0x68 ./Generated_Code/IR0_detect.o
 .debug_abbrev  0x000035e0       0x68 ./Generated_Code/IR1_detect.o
 .debug_abbrev  0x00003648       0x68 ./Generated_Code/IR2_detect.o
 .debug_abbrev  0x000036b0       0x68 ./Generated_Code/Int1accel.o
 .debug_abbrev  0x00003718      0x10d ./Generated_Code/PE_LDD.o
 .debug_abbrev  0x00003825       0x68 ./Generated_Code/TI1.o
 .debug_abbrev  0x0000388d       0x68 ./Generated_Code/TI2.o
 .debug_abbrev  0x000038f5       0x68 ./Generated_Code/TI3.o
 .debug_abbrev  0x0000395d      0x15d ./Generated_Code/TU1.o
 .debug_abbrev  0x00003aba      0x16a ./Generated_Code/TU2.o
 .debug_abbrev  0x00003c24      0x16a ./Generated_Code/TU3.o
 .debug_abbrev  0x00003d8e       0xdd ./Generated_Code/TimerIntLdd1.o
 .debug_abbrev  0x00003e6b       0xdd ./Generated_Code/TimerIntLdd2.o
 .debug_abbrev  0x00003f48       0xdd ./Generated_Code/TimerIntLdd3.o
 .debug_abbrev  0x00004025      0x1d6 ./Generated_Code/UART0.o
 .debug_abbrev  0x000041fb       0x68 ./Generated_Code/UsonicPWM.o
 .debug_abbrev  0x00004263       0xb1 ./Generated_Code/WAIT1.o

.debug_aranges  0x00000000     0x1180
 .debug_aranges
                0x00000000       0x40 ./Static_Code/System/CPU_Init.o
 .debug_aranges
                0x00000040      0x340 ./Static_Code/System/Vectors.o
 .debug_aranges
                0x00000380       0x40 ./Sources/DCFcom.o
 .debug_aranges
                0x000003c0       0x88 ./Sources/Events.o
 .debug_aranges
                0x00000448       0x30 ./Sources/main.o
 .debug_aranges
                0x00000478       0x38 ./Sources/sensors.o
 .debug_aranges
                0x000004b0       0x30 ./Sources/sw_pwm.o
 .debug_aranges
                0x000004e0       0x60 ./Project_Settings/Startup_Code/startup.o
 .debug_aranges
                0x00000540       0x50 ./Generated_Code/ASerialLdd1.o
 .debug_aranges
                0x00000590       0x40 ./Generated_Code/BitIoLdd1.o
 .debug_aranges
                0x000005d0       0x40 ./Generated_Code/BitIoLdd10.o
 .debug_aranges
                0x00000610       0x40 ./Generated_Code/BitIoLdd11.o
 .debug_aranges
                0x00000650       0x40 ./Generated_Code/BitIoLdd12.o
 .debug_aranges
                0x00000690       0x40 ./Generated_Code/BitIoLdd13.o
 .debug_aranges
                0x000006d0       0x40 ./Generated_Code/BitIoLdd14.o
 .debug_aranges
                0x00000710       0x40 ./Generated_Code/BitIoLdd15.o
 .debug_aranges
                0x00000750       0x40 ./Generated_Code/BitIoLdd16.o
 .debug_aranges
                0x00000790       0x40 ./Generated_Code/BitIoLdd17.o
 .debug_aranges
                0x000007d0       0x40 ./Generated_Code/BitIoLdd18.o
 .debug_aranges
                0x00000810       0x40 ./Generated_Code/BitIoLdd19.o
 .debug_aranges
                0x00000850       0x48 ./Generated_Code/BitIoLdd2.o
 .debug_aranges
                0x00000898       0x40 ./Generated_Code/BitIoLdd20.o
 .debug_aranges
                0x000008d8       0x40 ./Generated_Code/BitIoLdd21.o
 .debug_aranges
                0x00000918       0x40 ./Generated_Code/BitIoLdd22.o
 .debug_aranges
                0x00000958       0x48 ./Generated_Code/BitIoLdd3.o
 .debug_aranges
                0x000009a0       0x40 ./Generated_Code/BitIoLdd4.o
 .debug_aranges
                0x000009e0       0x40 ./Generated_Code/BitIoLdd5.o
 .debug_aranges
                0x00000a20       0x40 ./Generated_Code/BitIoLdd6.o
 .debug_aranges
                0x00000a60       0x40 ./Generated_Code/BitIoLdd7.o
 .debug_aranges
                0x00000aa0       0x40 ./Generated_Code/BitIoLdd8.o
 .debug_aranges
                0x00000ae0       0x40 ./Generated_Code/BitIoLdd9.o
 .debug_aranges
                0x00000b20       0x38 ./Generated_Code/Cpu.o
 .debug_aranges
                0x00000b58       0x30 ./Generated_Code/ExtIntLdd1.o
 .debug_aranges
                0x00000b88       0x30 ./Generated_Code/ExtIntLdd2.o
 .debug_aranges
                0x00000bb8       0x30 ./Generated_Code/ExtIntLdd3.o
 .debug_aranges
                0x00000be8       0x30 ./Generated_Code/ExtIntLdd4.o
 .debug_aranges
                0x00000c18       0x30 ./Generated_Code/ExtIntLdd5.o
 .debug_aranges
                0x00000c48      0x128 ./Generated_Code/FX1.o
 .debug_aranges
                0x00000d70       0x90 ./Generated_Code/GI2C1.o
 .debug_aranges
                0x00000e00       0x98 ./Generated_Code/I2C1.o
 .debug_aranges
                0x00000e98       0x20 ./Generated_Code/IR0_detect.o
 .debug_aranges
                0x00000eb8       0x20 ./Generated_Code/IR1_detect.o
 .debug_aranges
                0x00000ed8       0x20 ./Generated_Code/IR2_detect.o
 .debug_aranges
                0x00000ef8       0x20 ./Generated_Code/Int1accel.o
 .debug_aranges
                0x00000f18       0x30 ./Generated_Code/PE_LDD.o
 .debug_aranges
                0x00000f48       0x20 ./Generated_Code/TI1.o
 .debug_aranges
                0x00000f68       0x20 ./Generated_Code/TI2.o
 .debug_aranges
                0x00000f88       0x20 ./Generated_Code/TI3.o
 .debug_aranges
                0x00000fa8       0x28 ./Generated_Code/TU1.o
 .debug_aranges
                0x00000fd0       0x28 ./Generated_Code/TU2.o
 .debug_aranges
                0x00000ff8       0x28 ./Generated_Code/TU3.o
 .debug_aranges
                0x00001020       0x28 ./Generated_Code/TimerIntLdd1.o
 .debug_aranges
                0x00001048       0x28 ./Generated_Code/TimerIntLdd2.o
 .debug_aranges
                0x00001070       0x28 ./Generated_Code/TimerIntLdd3.o
 .debug_aranges
                0x00001098       0x88 ./Generated_Code/UART0.o
 .debug_aranges
                0x00001120       0x20 ./Generated_Code/UsonicPWM.o
 .debug_aranges
                0x00001140       0x40 ./Generated_Code/WAIT1.o

.debug_ranges   0x00000000      0xdf0
 .debug_ranges  0x00000000       0x30 ./Static_Code/System/CPU_Init.o
 .debug_ranges  0x00000030      0x330 ./Static_Code/System/Vectors.o
 .debug_ranges  0x00000360       0x30 ./Sources/DCFcom.o
 .debug_ranges  0x00000390       0x78 ./Sources/Events.o
 .debug_ranges  0x00000408       0x20 ./Sources/main.o
 .debug_ranges  0x00000428       0x28 ./Sources/sensors.o
 .debug_ranges  0x00000450       0x20 ./Sources/sw_pwm.o
 .debug_ranges  0x00000470       0x50 ./Project_Settings/Startup_Code/startup.o
 .debug_ranges  0x000004c0       0x40 ./Generated_Code/ASerialLdd1.o
 .debug_ranges  0x00000500       0x30 ./Generated_Code/BitIoLdd1.o
 .debug_ranges  0x00000530       0x30 ./Generated_Code/BitIoLdd10.o
 .debug_ranges  0x00000560       0x30 ./Generated_Code/BitIoLdd11.o
 .debug_ranges  0x00000590       0x30 ./Generated_Code/BitIoLdd12.o
 .debug_ranges  0x000005c0       0x30 ./Generated_Code/BitIoLdd13.o
 .debug_ranges  0x000005f0       0x30 ./Generated_Code/BitIoLdd14.o
 .debug_ranges  0x00000620       0x30 ./Generated_Code/BitIoLdd15.o
 .debug_ranges  0x00000650       0x30 ./Generated_Code/BitIoLdd16.o
 .debug_ranges  0x00000680       0x30 ./Generated_Code/BitIoLdd17.o
 .debug_ranges  0x000006b0       0x30 ./Generated_Code/BitIoLdd18.o
 .debug_ranges  0x000006e0       0x30 ./Generated_Code/BitIoLdd19.o
 .debug_ranges  0x00000710       0x38 ./Generated_Code/BitIoLdd2.o
 .debug_ranges  0x00000748       0x30 ./Generated_Code/BitIoLdd20.o
 .debug_ranges  0x00000778       0x30 ./Generated_Code/BitIoLdd21.o
 .debug_ranges  0x000007a8       0x30 ./Generated_Code/BitIoLdd22.o
 .debug_ranges  0x000007d8       0x38 ./Generated_Code/BitIoLdd3.o
 .debug_ranges  0x00000810       0x30 ./Generated_Code/BitIoLdd4.o
 .debug_ranges  0x00000840       0x30 ./Generated_Code/BitIoLdd5.o
 .debug_ranges  0x00000870       0x30 ./Generated_Code/BitIoLdd6.o
 .debug_ranges  0x000008a0       0x30 ./Generated_Code/BitIoLdd7.o
 .debug_ranges  0x000008d0       0x30 ./Generated_Code/BitIoLdd8.o
 .debug_ranges  0x00000900       0x30 ./Generated_Code/BitIoLdd9.o
 .debug_ranges  0x00000930       0x28 ./Generated_Code/Cpu.o
 .debug_ranges  0x00000958       0x20 ./Generated_Code/ExtIntLdd1.o
 .debug_ranges  0x00000978       0x20 ./Generated_Code/ExtIntLdd2.o
 .debug_ranges  0x00000998       0x20 ./Generated_Code/ExtIntLdd3.o
 .debug_ranges  0x000009b8       0x20 ./Generated_Code/ExtIntLdd4.o
 .debug_ranges  0x000009d8       0x20 ./Generated_Code/ExtIntLdd5.o
 .debug_ranges  0x000009f8      0x118 ./Generated_Code/FX1.o
 .debug_ranges  0x00000b10       0x80 ./Generated_Code/GI2C1.o
 .debug_ranges  0x00000b90       0x88 ./Generated_Code/I2C1.o
 .debug_ranges  0x00000c18       0x10 ./Generated_Code/IR0_detect.o
 .debug_ranges  0x00000c28       0x10 ./Generated_Code/IR1_detect.o
 .debug_ranges  0x00000c38       0x10 ./Generated_Code/IR2_detect.o
 .debug_ranges  0x00000c48       0x10 ./Generated_Code/Int1accel.o
 .debug_ranges  0x00000c58       0x20 ./Generated_Code/PE_LDD.o
 .debug_ranges  0x00000c78       0x10 ./Generated_Code/TI1.o
 .debug_ranges  0x00000c88       0x10 ./Generated_Code/TI2.o
 .debug_ranges  0x00000c98       0x10 ./Generated_Code/TI3.o
 .debug_ranges  0x00000ca8       0x18 ./Generated_Code/TU1.o
 .debug_ranges  0x00000cc0       0x18 ./Generated_Code/TU2.o
 .debug_ranges  0x00000cd8       0x18 ./Generated_Code/TU3.o
 .debug_ranges  0x00000cf0       0x18 ./Generated_Code/TimerIntLdd1.o
 .debug_ranges  0x00000d08       0x18 ./Generated_Code/TimerIntLdd2.o
 .debug_ranges  0x00000d20       0x18 ./Generated_Code/TimerIntLdd3.o
 .debug_ranges  0x00000d38       0x78 ./Generated_Code/UART0.o
 .debug_ranges  0x00000db0       0x10 ./Generated_Code/UsonicPWM.o
 .debug_ranges  0x00000dc0       0x30 ./Generated_Code/WAIT1.o

.debug_macro    0x00000000    0x2ce26
 .debug_macro   0x00000000      0x5b7 ./Static_Code/System/CPU_Init.o
 .debug_macro   0x000005b7      0x850 ./Static_Code/System/CPU_Init.o
 .debug_macro   0x00000e07       0x16 ./Static_Code/System/CPU_Init.o
 .debug_macro   0x00000e1d       0x44 ./Static_Code/System/CPU_Init.o
 .debug_macro   0x00000e61      0x209 ./Static_Code/System/CPU_Init.o
 .debug_macro   0x0000106a     0x185c ./Static_Code/System/CPU_Init.o
 .debug_macro   0x000028c6     0xbca7 ./Static_Code/System/CPU_Init.o
 .debug_macro   0x0000e56d      0x4cc ./Static_Code/System/CPU_Init.o
 .debug_macro   0x0000ea39      0x14e ./Static_Code/System/CPU_Init.o
 .debug_macro   0x0000eb87       0x6a ./Static_Code/System/CPU_Init.o
 .debug_macro   0x0000ebf1       0x58 ./Static_Code/System/CPU_Init.o
 .debug_macro   0x0000ec49       0x35 ./Static_Code/System/CPU_Init.o
 .debug_macro   0x0000ec7e       0xa3 ./Static_Code/System/CPU_Init.o
 .debug_macro   0x0000ed21       0x16 ./Static_Code/System/CPU_Init.o
 .debug_macro   0x0000ed37       0x37 ./Static_Code/System/CPU_Init.o
 .debug_macro   0x0000ed6e       0x94 ./Static_Code/System/CPU_Init.o
 .debug_macro   0x0000ee02      0x12c ./Static_Code/System/CPU_Init.o
 .debug_macro   0x0000ef2e       0x46 ./Static_Code/System/CPU_Init.o
 .debug_macro   0x0000ef74       0x26 ./Static_Code/System/CPU_Init.o
 .debug_macro   0x0000ef9a       0x4c ./Static_Code/System/CPU_Init.o
 .debug_macro   0x0000efe6       0x26 ./Static_Code/System/CPU_Init.o
 .debug_macro   0x0000f00c       0x16 ./Static_Code/System/CPU_Init.o
 .debug_macro   0x0000f022       0x81 ./Static_Code/System/CPU_Init.o
 .debug_macro   0x0000f0a3       0x4a ./Static_Code/System/CPU_Init.o
 .debug_macro   0x0000f0ed      0x6a6 ./Static_Code/System/CPU_Init.o
 .debug_macro   0x0000f793       0x4a ./Static_Code/System/CPU_Init.o
 .debug_macro   0x0000f7dd       0x50 ./Static_Code/System/CPU_Init.o
 .debug_macro   0x0000f82d       0xb5 ./Static_Code/System/CPU_Init.o
 .debug_macro   0x0000f8e2       0x65 ./Static_Code/System/CPU_Init.o
 .debug_macro   0x0000f947       0x20 ./Static_Code/System/CPU_Init.o
 .debug_macro   0x0000f967       0x22 ./Static_Code/System/CPU_Init.o
 .debug_macro   0x0000f989      0x4ea ./Static_Code/System/CPU_Init.o
 .debug_macro   0x0000fe73       0x2e ./Static_Code/System/CPU_Init.o
 .debug_macro   0x0000fea1       0x46 ./Static_Code/System/CPU_Init.o
 .debug_macro   0x0000fee7       0x1f ./Static_Code/System/CPU_Init.o
 .debug_macro   0x0000ff06       0x46 ./Static_Code/System/CPU_Init.o
 .debug_macro   0x0000ff4c       0x1f ./Static_Code/System/CPU_Init.o
 .debug_macro   0x0000ff6b       0x46 ./Static_Code/System/CPU_Init.o
 .debug_macro   0x0000ffb1       0x1f ./Static_Code/System/CPU_Init.o
 .debug_macro   0x0000ffd0       0x22 ./Static_Code/System/CPU_Init.o
 .debug_macro   0x0000fff2       0x22 ./Static_Code/System/CPU_Init.o
 .debug_macro   0x00010014       0x46 ./Static_Code/System/CPU_Init.o
 .debug_macro   0x0001005a       0x1f ./Static_Code/System/CPU_Init.o
 .debug_macro   0x00010079       0x46 ./Static_Code/System/CPU_Init.o
 .debug_macro   0x000100bf       0x1f ./Static_Code/System/CPU_Init.o
 .debug_macro   0x000100de       0x46 ./Static_Code/System/CPU_Init.o
 .debug_macro   0x00010124       0x1f ./Static_Code/System/CPU_Init.o
 .debug_macro   0x00010143       0x46 ./Static_Code/System/CPU_Init.o
 .debug_macro   0x00010189       0x1f ./Static_Code/System/CPU_Init.o
 .debug_macro   0x000101a8       0x46 ./Static_Code/System/CPU_Init.o
 .debug_macro   0x000101ee       0x1f ./Static_Code/System/CPU_Init.o
 .debug_macro   0x0001020d       0x46 ./Static_Code/System/CPU_Init.o
 .debug_macro   0x00010253       0x1f ./Static_Code/System/CPU_Init.o
 .debug_macro   0x00010272       0x46 ./Static_Code/System/CPU_Init.o
 .debug_macro   0x000102b8       0x1f ./Static_Code/System/CPU_Init.o
 .debug_macro   0x000102d7       0x46 ./Static_Code/System/CPU_Init.o
 .debug_macro   0x0001031d       0x1f ./Static_Code/System/CPU_Init.o
 .debug_macro   0x0001033c       0x46 ./Static_Code/System/CPU_Init.o
 .debug_macro   0x00010382       0x1f ./Static_Code/System/CPU_Init.o
 .debug_macro   0x000103a1       0x46 ./Static_Code/System/CPU_Init.o
 .debug_macro   0x000103e7       0x1f ./Static_Code/System/CPU_Init.o
 .debug_macro   0x00010406       0x46 ./Static_Code/System/CPU_Init.o
 .debug_macro   0x0001044c       0x1f ./Static_Code/System/CPU_Init.o
 .debug_macro   0x0001046b       0x46 ./Static_Code/System/CPU_Init.o
 .debug_macro   0x000104b1       0x1f ./Static_Code/System/CPU_Init.o
 .debug_macro   0x000104d0       0x46 ./Static_Code/System/CPU_Init.o
 .debug_macro   0x00010516       0x1f ./Static_Code/System/CPU_Init.o
 .debug_macro   0x00010535       0x46 ./Static_Code/System/CPU_Init.o
 .debug_macro   0x0001057b       0x1f ./Static_Code/System/CPU_Init.o
 .debug_macro   0x0001059a       0x46 ./Static_Code/System/CPU_Init.o
 .debug_macro   0x000105e0       0x1f ./Static_Code/System/CPU_Init.o
 .debug_macro   0x000105ff       0x46 ./Static_Code/System/CPU_Init.o
 .debug_macro   0x00010645       0x1f ./Static_Code/System/CPU_Init.o
 .debug_macro   0x00010664       0x34 ./Static_Code/System/CPU_Init.o
 .debug_macro   0x00010698       0x34 ./Static_Code/System/CPU_Init.o
 .debug_macro   0x000106cc       0x34 ./Static_Code/System/CPU_Init.o
 .debug_macro   0x00010700       0x46 ./Static_Code/System/CPU_Init.o
 .debug_macro   0x00010746       0x1f ./Static_Code/System/CPU_Init.o
 .debug_macro   0x00010765       0x34 ./Static_Code/System/CPU_Init.o
 .debug_macro   0x00010799      0x2d5 ./Static_Code/System/CPU_Init.o
 .debug_macro   0x00010a6e      0x5a5 ./Static_Code/System/Vectors.o
 .debug_macro   0x00011013      0x1cd ./Sources/DCFcom.o
 .debug_macro   0x000111e0      0x100 ./Sources/DCFcom.o
 .debug_macro   0x000112e0       0x31 ./Sources/DCFcom.o
 .debug_macro   0x00011311       0x1c ./Sources/DCFcom.o
 .debug_macro   0x0001132d       0x97 ./Sources/DCFcom.o
 .debug_macro   0x000113c4       0x10 ./Sources/DCFcom.o
 .debug_macro   0x000113d4       0xef ./Sources/DCFcom.o
 .debug_macro   0x000114c3       0x52 ./Sources/DCFcom.o
 .debug_macro   0x00011515       0x16 ./Sources/DCFcom.o
 .debug_macro   0x0001152b       0x43 ./Sources/DCFcom.o
 .debug_macro   0x0001156e      0x180 ./Sources/DCFcom.o
 .debug_macro   0x000116ee       0x10 ./Sources/DCFcom.o
 .debug_macro   0x000116fe       0x22 ./Sources/DCFcom.o
 .debug_macro   0x00011720       0xbd ./Sources/DCFcom.o
 .debug_macro   0x000117dd       0x16 ./Sources/DCFcom.o
 .debug_macro   0x000117f3      0x14a ./Sources/DCFcom.o
 .debug_macro   0x0001193d      0x2a6 ./Sources/DCFcom.o
 .debug_macro   0x00011be3       0x10 ./Sources/DCFcom.o
 .debug_macro   0x00011bf3       0x35 ./Sources/DCFcom.o
 .debug_macro   0x00011c28       0x52 ./Sources/DCFcom.o
 .debug_macro   0x00011c7a      0x689 ./Sources/Events.o
 .debug_macro   0x00012303       0xaf ./Sources/Events.o
 .debug_macro   0x000123b2       0x1c ./Sources/Events.o
 .debug_macro   0x000123ce       0x1c ./Sources/Events.o
 .debug_macro   0x000123ea       0x1c ./Sources/Events.o
 .debug_macro   0x00012406      0x61c ./Sources/Events.o
 .debug_macro   0x00012a22      0x328 ./Sources/Events.o
 .debug_macro   0x00012d4a      0x109 ./Sources/Events.o
 .debug_macro   0x00012e53      0x17f ./Sources/Events.o
 .debug_macro   0x00012fd2      0x202 ./Sources/Events.o
 .debug_macro   0x000131d4      0x91e ./Sources/Events.o
 .debug_macro   0x00013af2       0x9e ./Sources/Events.o
 .debug_macro   0x00013b90      0x1f9 ./Sources/Events.o
 .debug_macro   0x00013d89      0x39c ./Sources/Events.o
 .debug_macro   0x00014125      0x29c ./Sources/Events.o
 .debug_macro   0x000143c1      0x264 ./Sources/Events.o
 .debug_macro   0x00014625      0x25b ./Sources/Events.o
 .debug_macro   0x00014880      0x399 ./Sources/Events.o
 .debug_macro   0x00014c19      0x4eb ./Sources/Events.o
 .debug_macro   0x00015104      0x13f ./Sources/Events.o
 .debug_macro   0x00015243       0x6c ./Sources/Events.o
 .debug_macro   0x000152af      0x30d ./Sources/Events.o
 .debug_macro   0x000155bc       0xbb ./Sources/Events.o
 .debug_macro   0x00015677       0xe9 ./Sources/Events.o
 .debug_macro   0x00015760      0x18f ./Sources/Events.o
 .debug_macro   0x000158ef       0xea ./Sources/Events.o
 .debug_macro   0x000159d9      0x344 ./Sources/Events.o
 .debug_macro   0x00015d1d      0x824 ./Sources/Events.o
 .debug_macro   0x00016541      0x179 ./Sources/Events.o
 .debug_macro   0x000166ba      0x9e2 ./Sources/Events.o
 .debug_macro   0x0001709c      0x129 ./Sources/Events.o
 .debug_macro   0x000171c5      0x648 ./Sources/Events.o
 .debug_macro   0x0001780d      0x7bf ./Sources/Events.o
 .debug_macro   0x00017fcc      0x66f ./Sources/Events.o
 .debug_macro   0x0001863b       0x7b ./Sources/Events.o
 .debug_macro   0x000186b6      0x182 ./Sources/Events.o
 .debug_macro   0x00018838       0x1c ./Sources/Events.o
 .debug_macro   0x00018854       0x82 ./Sources/Events.o
 .debug_macro   0x000188d6      0x6f5 ./Sources/main.o
 .debug_macro   0x00018fcb      0x166 ./Sources/main.o
 .debug_macro   0x00019131       0xde ./Sources/main.o
 .debug_macro   0x0001920f      0x5ff ./Sources/sensors.o
 .debug_macro   0x0001980e      0x333 ./Sources/sw_pwm.o
 .debug_macro   0x00019b41       0x40 ./Sources/sw_pwm.o
 .debug_macro   0x00019b81      0x12d ./Project_Settings/Startup_Code/startup.o
 .debug_macro   0x00019cae       0x4a ./Project_Settings/Startup_Code/startup.o
 .debug_macro   0x00019cf8       0x16 ./Project_Settings/Startup_Code/startup.o
 .debug_macro   0x00019d0e       0x22 ./Project_Settings/Startup_Code/startup.o
 .debug_macro   0x00019d30       0x10 ./Project_Settings/Startup_Code/startup.o
 .debug_macro   0x00019d40      0x20f ./Project_Settings/Startup_Code/startup.o
 .debug_macro   0x00019f4f     0xbc9b ./Project_Settings/Startup_Code/startup.o
 .debug_macro   0x00025bea      0x113 ./Generated_Code/ASerialLdd1.o
 .debug_macro   0x00025cfd       0x5f ./Generated_Code/ASerialLdd1.o
 .debug_macro   0x00025d5c       0x26 ./Generated_Code/ASerialLdd1.o
 .debug_macro   0x00025d82      0x393 ./Generated_Code/ASerialLdd1.o
 .debug_macro   0x00026115       0xfa ./Generated_Code/BitIoLdd1.o
 .debug_macro   0x0002620f       0x40 ./Generated_Code/BitIoLdd1.o
 .debug_macro   0x0002624f       0xfa ./Generated_Code/BitIoLdd10.o
 .debug_macro   0x00026349       0x40 ./Generated_Code/BitIoLdd10.o
 .debug_macro   0x00026389       0xfa ./Generated_Code/BitIoLdd11.o
 .debug_macro   0x00026483       0x40 ./Generated_Code/BitIoLdd11.o
 .debug_macro   0x000264c3       0xfa ./Generated_Code/BitIoLdd12.o