Archive member included because of file (symbol)

c:/freescale/kds_2.0.0/toolchain/bin/../lib/gcc/arm-none-eabi/4.8.0/../../../../arm-none-eabi/lib/m4/fp/v4-sp-d16\libm.a(lib_a-w_atan2.o)
                              ./Sources/sensors.o (atan2)
c:/freescale/kds_2.0.0/toolchain/bin/../lib/gcc/arm-none-eabi/4.8.0/../../../../arm-none-eabi/lib/m4/fp/v4-sp-d16\libm.a(lib_a-e_atan2.o)
                              c:/freescale/kds_2.0.0/toolchain/bin/../lib/gcc/arm-none-eabi/4.8.0/../../../../arm-none-eabi/lib/m4/fp/v4-sp-d16\libm.a(lib_a-w_atan2.o) (__ieee754_atan2)
c:/freescale/kds_2.0.0/toolchain/bin/../lib/gcc/arm-none-eabi/4.8.0/../../../../arm-none-eabi/lib/m4/fp/v4-sp-d16\libm.a(lib_a-s_atan.o)
                              c:/freescale/kds_2.0.0/toolchain/bin/../lib/gcc/arm-none-eabi/4.8.0/../../../../arm-none-eabi/lib/m4/fp/v4-sp-d16\libm.a(lib_a-e_atan2.o) (atan)
c:/freescale/kds_2.0.0/toolchain/bin/../lib/gcc/arm-none-eabi/4.8.0/../../../../arm-none-eabi/lib/m4/fp/v4-sp-d16\libm.a(lib_a-s_fabs.o)
                              c:/freescale/kds_2.0.0/toolchain/bin/../lib/gcc/arm-none-eabi/4.8.0/../../../../arm-none-eabi/lib/m4/fp/v4-sp-d16\libm.a(lib_a-e_atan2.o) (fabs)
c:/freescale/kds_2.0.0/toolchain/bin/../lib/gcc/arm-none-eabi/4.8.0/m4/fp/v4-sp-d16\libgcc.a(_arm_addsubdf3.o)
                              c:/freescale/kds_2.0.0/toolchain/bin/../lib/gcc/arm-none-eabi/4.8.0/../../../../arm-none-eabi/lib/m4/fp/v4-sp-d16\libm.a(lib_a-e_atan2.o) (__aeabi_dsub)
c:/freescale/kds_2.0.0/toolchain/bin/../lib/gcc/arm-none-eabi/4.8.0/m4/fp/v4-sp-d16\libgcc.a(_arm_muldivdf3.o)
                              ./Sources/sensors.o (__aeabi_dmul)
c:/freescale/kds_2.0.0/toolchain/bin/../lib/gcc/arm-none-eabi/4.8.0/m4/fp/v4-sp-d16\libgcc.a(_arm_cmpdf2.o)
                              c:/freescale/kds_2.0.0/toolchain/bin/../lib/gcc/arm-none-eabi/4.8.0/../../../../arm-none-eabi/lib/m4/fp/v4-sp-d16\libm.a(lib_a-s_atan.o) (__aeabi_dcmpgt)
c:/freescale/kds_2.0.0/toolchain/bin/../lib/gcc/arm-none-eabi/4.8.0/m4/fp/v4-sp-d16\libgcc.a(_arm_truncdfsf2.o)
                              ./Sources/sensors.o (__aeabi_d2f)
c:/freescale/kds_2.0.0/toolchain/bin/../lib/gcc/arm-none-eabi/4.8.0/../../../../arm-none-eabi/lib/m4/fp/v4-sp-d16\libg_s.a(lib_a-atexit.o)
                              c:/freescale/kds_2.0.0/toolchain/bin/../lib/gcc/arm-none-eabi/4.8.0/../../../../arm-none-eabi/lib/m4/fp/v4-sp-d16/crt0.o (atexit)
c:/freescale/kds_2.0.0/toolchain/bin/../lib/gcc/arm-none-eabi/4.8.0/../../../../arm-none-eabi/lib/m4/fp/v4-sp-d16\libg_s.a(lib_a-exit.o)
                              c:/freescale/kds_2.0.0/toolchain/bin/../lib/gcc/arm-none-eabi/4.8.0/../../../../arm-none-eabi/lib/m4/fp/v4-sp-d16/crt0.o (exit)
c:/freescale/kds_2.0.0/toolchain/bin/../lib/gcc/arm-none-eabi/4.8.0/../../../../arm-none-eabi/lib/m4/fp/v4-sp-d16\libg_s.a(lib_a-fini.o)
                              c:/freescale/kds_2.0.0/toolchain/bin/../lib/gcc/arm-none-eabi/4.8.0/../../../../arm-none-eabi/lib/m4/fp/v4-sp-d16\libg_s.a(lib_a-exit.o) (__libc_fini_array)
c:/freescale/kds_2.0.0/toolchain/bin/../lib/gcc/arm-none-eabi/4.8.0/../../../../arm-none-eabi/lib/m4/fp/v4-sp-d16\libg_s.a(lib_a-impure.o)
                              c:/freescale/kds_2.0.0/toolchain/bin/../lib/gcc/arm-none-eabi/4.8.0/../../../../arm-none-eabi/lib/m4/fp/v4-sp-d16\libg_s.a(lib_a-exit.o) (_global_impure_ptr)
c:/freescale/kds_2.0.0/toolchain/bin/../lib/gcc/arm-none-eabi/4.8.0/../../../../arm-none-eabi/lib/m4/fp/v4-sp-d16\libg_s.a(lib_a-memset.o)
                              c:/freescale/kds_2.0.0/toolchain/bin/../lib/gcc/arm-none-eabi/4.8.0/../../../../arm-none-eabi/lib/m4/fp/v4-sp-d16/crt0.o (memset)
c:/freescale/kds_2.0.0/toolchain/bin/../lib/gcc/arm-none-eabi/4.8.0/../../../../arm-none-eabi/lib/m4/fp/v4-sp-d16\libg_s.a(lib_a-syscalls.o)
                              c:/freescale/kds_2.0.0/toolchain/bin/../lib/gcc/arm-none-eabi/4.8.0/../../../../arm-none-eabi/lib/m4/fp/v4-sp-d16\libg_s.a(lib_a-exit.o) (_exit)
c:/freescale/kds_2.0.0/toolchain/bin/../lib/gcc/arm-none-eabi/4.8.0/../../../../arm-none-eabi/lib/m4/fp/v4-sp-d16\libg_s.a(lib_a-__atexit.o)
                              c:/freescale/kds_2.0.0/toolchain/bin/../lib/gcc/arm-none-eabi/4.8.0/../../../../arm-none-eabi/lib/m4/fp/v4-sp-d16\libg_s.a(lib_a-atexit.o) (__do_register_exitproc)
c:/freescale/kds_2.0.0/toolchain/bin/../lib/gcc/arm-none-eabi/4.8.0/../../../../arm-none-eabi/lib/m4/fp/v4-sp-d16\libg_s.a(lib_a-__call_atexit.o)
                              c:/freescale/kds_2.0.0/toolchain/bin/../lib/gcc/arm-none-eabi/4.8.0/../../../../arm-none-eabi/lib/m4/fp/v4-sp-d16\libg_s.a(lib_a-__atexit.o) (__call_exitprocs)
c:/freescale/kds_2.0.0/toolchain/bin/../lib/gcc/arm-none-eabi/4.8.0/../../../../arm-none-eabi/lib/m4/fp/v4-sp-d16\libg_s.a(lib_a-errno.o)
[...]
Memory Configuration

Name             Origin             Length             Attributes
m_interrupts     0x00000000         0x00000198         xr
m_text           0x00000410         0x0007fbf0         xr
m_data           0x1fff0000         0x00010000         rw
m_data_20000000  0x20000000         0x00010000         rw
m_cfmprotrom     0x00000400         0x00000010         xr
*default*        0x00000000         0xffffffff

Linker script and memory map

LOAD c:/freescale/kds_2.0.0/toolchain/bin/../lib/gcc/arm-none-eabi/4.8.0/m4/fp/v4-sp-d16/crti.o
LOAD c:/freescale/kds_2.0.0/toolchain/bin/../lib/gcc/arm-none-eabi/4.8.0/m4/fp/v4-sp-d16/crtbegin.o
LOAD c:/freescale/kds_2.0.0/toolchain/bin/../lib/gcc/arm-none-eabi/4.8.0/../../../../arm-none-eabi/lib/m4/fp/v4-sp-d16/crt0.o
LOAD ./Static_Code/System/CPU_Init.o
LOAD ./Static_Code/System/Peripherals_Init.o
LOAD ./Static_Code/System/Vectors.o
LOAD ./Sources/DCFcom.o
LOAD ./Sources/Events.o
LOAD ./Sources/main.o
LOAD ./Sources/sensors.o
LOAD ./Sources/sw_pwm.o
LOAD ./Project_Settings/Startup_Code/startup.o
LOAD ./Generated_Code/ASerialLdd1.o
LOAD ./Generated_Code/BitIoLdd1.o
LOAD ./Generated_Code/BitIoLdd10.o
LOAD ./Generated_Code/BitIoLdd11.o
LOAD ./Generated_Code/BitIoLdd12.o
LOAD ./Generated_Code/BitIoLdd13.o
LOAD ./Generated_Code/BitIoLdd14.o
LOAD ./Generated_Code/BitIoLdd15.o
LOAD ./Generated_Code/BitIoLdd16.o
LOAD ./Generated_Code/BitIoLdd17.o
LOAD ./Generated_Code/BitIoLdd18.o
LOAD ./Generated_Code/BitIoLdd19.o
LOAD ./Generated_Code/BitIoLdd2.o
LOAD ./Generated_Code/BitIoLdd20.o
LOAD ./Generated_Code/BitIoLdd21.o
LOAD ./Generated_Code/BitIoLdd22.o
LOAD ./Generated_Code/BitIoLdd3.o
LOAD ./Generated_Code/BitIoLdd4.o
LOAD ./Generated_Code/BitIoLdd5.o
LOAD ./Generated_Code/BitIoLdd6.o
LOAD ./Generated_Code/BitIoLdd7.o
LOAD ./Generated_Code/BitIoLdd8.o
LOAD ./Generated_Code/BitIoLdd9.o
LOAD ./Generated_Code/Cpu.o
LOAD ./Generated_Code/ExtIntLdd1.o
LOAD ./Generated_Code/ExtIntLdd2.o
LOAD ./Generated_Code/ExtIntLdd3.o
LOAD ./Generated_Code/ExtIntLdd4.o
LOAD ./Generated_Code/ExtIntLdd5.o
LOAD ./Generated_Code/FX1.o
LOAD ./Generated_Code/GI2C1.o
LOAD ./Generated_Code/I2C1.o
LOAD ./Generated_Code/IR0_detect.o
LOAD ./Generated_Code/IR1_detect.o
LOAD ./Generated_Code/IR2_detect.o
LOAD ./Generated_Code/Int1accel.o
LOAD ./Generated_Code/PE_LDD.o
LOAD ./Generated_Code/Pins1.o
LOAD ./Generated_Code/SCL1.o
LOAD ./Generated_Code/SDA1.o
LOAD ./Generated_Code/SM_HEAD.o
LOAD ./Generated_Code/SM_LEG_A1.o
LOAD ./Generated_Code/SM_LEG_A2.o
LOAD ./Generated_Code/SM_LEG_A3.o
LOAD ./Generated_Code/SM_LEG_B1.o
LOAD ./Generated_Code/SM_LEG_B2.o
LOAD ./Generated_Code/SM_LEG_B3.o
LOAD ./Generated_Code/SM_LEG_C1.o
LOAD ./Generated_Code/SM_LEG_C2.o
LOAD ./Generated_Code/SM_LEG_C3.o
LOAD ./Generated_Code/SM_LEG_D1.o
LOAD ./Generated_Code/SM_LEG_D2.o
LOAD ./Generated_Code/SM_LEG_D3.o
LOAD ./Generated_Code/SM_LEG_E1.o
LOAD ./Generated_Code/SM_LEG_E2.o
LOAD ./Generated_Code/SM_LEG_E3.o
LOAD ./Generated_Code/SM_LEG_F1.o
LOAD ./Generated_Code/SM_LEG_F2.o
LOAD ./Generated_Code/SM_LEG_F3.o
LOAD ./Generated_Code/TI1.o
LOAD ./Generated_Code/TI2.o
LOAD ./Generated_Code/TI3.o
LOAD ./Generated_Code/TU1.o
LOAD ./Generated_Code/TU2.o
LOAD ./Generated_Code/TU3.o
LOAD ./Generated_Code/TimerIntLdd1.o
LOAD ./Generated_Code/TimerIntLdd2.o
LOAD ./Generated_Code/TimerIntLdd3.o
LOAD ./Generated_Code/UART0.o
LOAD ./Generated_Code/UsonicPWM.o
LOAD ./Generated_Code/UsonicTrig.o
LOAD ./Generated_Code/WAIT1.o
LOAD c:/freescale/kds_2.0.0/toolchain/bin/../lib/gcc/arm-none-eabi/4.8.0/../../../../arm-none-eabi/lib/m4/fp/v4-sp-d16\libstdc++.a
LOAD c:/freescale/kds_2.0.0/toolchain/bin/../lib/gcc/arm-none-eabi/4.8.0/../../../../arm-none-eabi/lib/m4/fp/v4-sp-d16\libm.a
START GROUP
LOAD c:/freescale/kds_2.0.0/toolchain/bin/../lib/gcc/arm-none-eabi/4.8.0/m4/fp/v4-sp-d16\libgcc.a
LOAD c:/freescale/kds_2.0.0/toolchain/bin/../lib/gcc/arm-none-eabi/4.8.0/../../../../arm-none-eabi/lib/m4/fp/v4-sp-d16\libg_s.a
LOAD c:/freescale/kds_2.0.0/toolchain/bin/../lib/gcc/arm-none-eabi/4.8.0/../../../../arm-none-eabi/lib/m4/fp/v4-sp-d16\libc_s.a
END GROUP
LOAD c:/freescale/kds_2.0.0/toolchain/bin/../lib/gcc/arm-none-eabi/4.8.0/m4/fp/v4-sp-d16/crtend.o
LOAD c:/freescale/kds_2.0.0/toolchain/bin/../lib/gcc/arm-none-eabi/4.8.0/m4/fp/v4-sp-d16/crtn.o
                0x20000000                _estack = 0x20000000
                0x20000000                __SP_INIT = _estack
                0x00000000                __heap_size = 0x0
                0x00000400                __stack_size = 0x400

.interrupts     0x00000000      0x198
                0x00000000                __vector_table = .
                0x00000000                . = ALIGN (0x4)
 *(.vectortable)
 .vectortable   0x00000000      0x198 ./Static_Code/System/Vectors.o
                0x00000000                __vect_table
                0x00000198                . = ALIGN (0x4)

.cfmprotect     0x00000400       0x10
                0x00000400                . = ALIGN (0x4)
 *(.cfmconfig)
 .cfmconfig     0x00000400       0x10 ./Static_Code/System/CPU_Init.o
                0x00000400                _cfm
                0x00000410                . = ALIGN (0x4)

.text           0x00000410     0x7ee0
                0x00000410                . = ALIGN (0x4)
 *(.text)
 .text          0x00000410      0x370 c:/freescale/kds_2.0.0/toolchain/bin/../lib/gcc/arm-none-eabi/4.8.0/m4/fp/v4-sp-d16\libgcc.a(_arm_addsubdf3.o)
                0x00000410                __aeabi_drsub
                0x00000418                __aeabi_dsub
                0x00000418                __subdf3
                0x0000041c                __aeabi_dadd
                0x0000041c                __adddf3
                0x00000694                __floatunsidf
                0x00000694                __aeabi_ui2d
                0x000006b4                __floatsidf
                0x000006b4                __aeabi_i2d
                0x000006d8                __aeabi_f2d
                0x000006d8                __extendsfdf2
                0x00000714                __floatundidf
                0x00000714                __aeabi_ul2d
                0x00000724                __floatdidf
                0x00000724                __aeabi_l2d
 .text          0x00000780      0x424 c:/freescale/kds_2.0.0/toolchain/bin/../lib/gcc/arm-none-eabi/4.8.0/m4/fp/v4-sp-d16\libgcc.a(_arm_muldivdf3.o)
                0x00000780                __aeabi_dmul
                0x00000780                __muldf3
                0x000009d4                __divdf3
                0x000009d4                __aeabi_ddiv
 .text          0x00000ba4      0x110 c:/freescale/kds_2.0.0/toolchain/bin/../lib/gcc/arm-none-eabi/4.8.0/m4/fp/v4-sp-d16\libgcc.a(_arm_cmpdf2.o)
                0x00000ba4                __gtdf2
                0x00000ba4                __gedf2
                0x00000bac                __ltdf2
                0x00000bac                __ledf2
                0x00000bb4                __nedf2
                0x00000bb4                __eqdf2
                0x00000bb4                __cmpdf2
                0x00000c30                __aeabi_cdrcmple
                0x00000c40                __aeabi_cdcmpeq
                0x00000c40                __aeabi_cdcmple
                0x00000c50                __aeabi_dcmpeq
                0x00000c64                __aeabi_dcmplt
                0x00000c78                __aeabi_dcmple
                0x00000c8c                __aeabi_dcmpge
                0x00000ca0                __aeabi_dcmpgt
 .text          0x00000cb4       0xa0 c:/freescale/kds_2.0.0/toolchain/bin/../lib/gcc/arm-none-eabi/4.8.0/m4/fp/v4-sp-d16\libgcc.a(_arm_truncdfsf2.o)
                0x00000cb4                __truncdfsf2
                0x00000cb4                __aeabi_d2f
 *(.text*)
 .text.deregister_tm_clones
                0x00000d54       0x20 c:/freescale/kds_2.0.0/toolchain/bin/../lib/gcc/arm-none-eabi/4.8.0/m4/fp/v4-sp-d16/crtbegin.o
 .text.register_tm_clones
                0x00000d74       0x28 c:/freescale/kds_2.0.0/toolchain/bin/../lib/gcc/arm-none-eabi/4.8.0/m4/fp/v4-sp-d16/crtbegin.o
 .text.__do_global_dtors_aux
                0x00000d9c       0x2c c:/freescale/kds_2.0.0/toolchain/bin/../lib/gcc/arm-none-eabi/4.8.0/m4/fp/v4-sp-d16/crtbegin.o
 .text.frame_dummy
                0x00000dc8       0x38 c:/freescale/kds_2.0.0/toolchain/bin/../lib/gcc/arm-none-eabi/4.8.0/m4/fp/v4-sp-d16/crtbegin.o
 .text.CPU_SetBASEPRI
                0x00000e00       0x18 ./Static_Code/System/CPU_Init.o
                0x00000e00                CPU_SetBASEPRI
 .text.__init_hardware
                0x00000e18       0xfc ./Static_Code/System/CPU_Init.o
                0x00000e18                __init_hardware
 .text.PE_low_level_init
                0x00000f14       0x58 ./Static_Code/System/CPU_Init.o
                0x00000f14                PE_low_level_init
 .text.CPU_GetClockGenMode
                0x00000f6c       0xb0 ./Static_Code/System/CPU_Init.o
                0x00000f6c                CPU_GetClockGenMode
 .text.CPU_SetClockConfigGenMode
                0x0000101c      0x738 ./Static_Code/System/CPU_Init.o
                0x0000101c                CPU_SetClockConfigGenMode
 .text.UnhandledInterrupt
                0x00001754       0x18 ./Static_Code/System/Vectors.o
                0x00001754                UnhandledInterrupt
 .text.ProcessUartRxData
                0x0000176c      0x144 ./Sources/DCFcom.o
                0x0000176c                ProcessUartRxData
 .text.ProcessUartTxData
                0x000018b0       0x8c ./Sources/DCFcom.o
                0x000018b0                ProcessUartTxData
 .text.ResetReception
                0x0000193c       0x54 ./Sources/DCFcom.o
                0x0000193c                ResetReception
 .text.Cpu_OnNMI
                0x00001990        0xc ./Sources/Events.o
                0x00001990                Cpu_OnNMI
 .text.UART0_OnError
                0x0000199c        0xc ./Sources/Events.o
                0x0000199c                UART0_OnError
 .text.UART0_OnRxChar
                0x000019a8       0x30 ./Sources/Events.o
                0x000019a8                UART0_OnRxChar
 .text.UART0_OnTxChar
                0x000019d8        0xc ./Sources/Events.o
                0x000019d8                UART0_OnTxChar
 .text.UART0_OnFullRxBuf
                0x000019e4        0xc ./Sources/Events.o
                0x000019e4                UART0_OnFullRxBuf
 .text.UART0_OnFreeTxBuf
                0x000019f0        0xc ./Sources/Events.o
                0x000019f0                UART0_OnFreeTxBuf
 .text.TI1_OnInterrupt
                0x000019fc       0x78 ./Sources/Events.o
                0x000019fc                TI1_OnInterrupt
 .text.Int1accel_OnInterrupt
                0x00001a74       0x18 ./Sources/Events.o
                0x00001a74                Int1accel_OnInterrupt
 .text.TI3_OnInterrupt
                0x00001a8c        0xc ./Sources/Events.o
                0x00001a8c                TI3_OnInterrupt
 .text.TI2_OnInterrupt
                0x00001a98      0x11c ./Sources/Events.o
                0x00001a98                TI2_OnInterrupt
 .text.UsonicPWM_OnInterrupt
                0x00001bb4       0x6c ./Sources/Events.o
                0x00001bb4                UsonicPWM_OnInterrupt
 .text.IR2_detect_OnInterrupt
                0x00001c20       0x88 ./Sources/Events.o
                0x00001c20                IR2_detect_OnInterrupt
 .text.IR1_detect_OnInterrupt
                0x00001ca8       0x88 ./Sources/Events.o
                0x00001ca8                IR1_detect_OnInterrupt
 .text.IR0_detect_OnInterrupt
                0x00001d30       0x88 ./Sources/Events.o
                0x00001d30                IR0_detect_OnInterrupt
 .text.main     0x00001db8      0x360 ./Sources/main.o
                0x00001db8                main
 .text.replyToRemote
                0x00002118       0x48 ./Sources/main.o
                0x00002118                replyToRemote
 .text.processCommand
                0x00002160      0x56c ./Sources/main.o
                0x00002160                processCommand
 .text.CompassInit
                0x000026cc       0x54 ./Sources/sensors.o
                0x000026cc                CompassInit
 .text.CompassCalibrate
                0x00002720      0x4b4 ./Sources/sensors.o
                0x00002720                CompassCalibrate
 *fill*         0x00002bd4        0x4 
 .text.CompassCheck
                0x00002bd8      0x180 ./Sources/sensors.o
                0x00002bd8                CompassCheck
 .text.CompassGetHeading
                0x00002d58       0x78 ./Sources/sensors.o
                0x00002d58                CompassGetHeading
 .text.updateMotorsValues
                0x00002dd0      0x7ac ./Sources/sw_pwm.o
                0x00002dd0                updateMotorsValues
 .text.changeGroupSeq
                0x0000357c      0x530 ./Sources/sw_pwm.o
                0x0000357c                changeGroupSeq
 .text.smoothUpdateMotors
                0x00003aac      0x1cc ./Sources/sw_pwm.o
                0x00003aac                smoothUpdateMotors
 .text.__flush_cache
                0x00003c78       0x14 ./Project_Settings/Startup_Code/startup.o
                0x00003c78                __flush_cache
 .text.__copy_rom_section
                0x00003c8c       0xe4 ./Project_Settings/Startup_Code/startup.o
                0x00003c8c                __copy_rom_section
 .text.__copy_rom_sections_to_ram
                0x00003d70       0xf8 ./Project_Settings/Startup_Code/startup.o
                0x00003d70                __copy_rom_sections_to_ram
 .text.zero_fill_bss
                0x00003e68       0xbc ./Project_Settings/Startup_Code/startup.o
 .text.__init_registers
                0x00003f24       0x20 ./Project_Settings/Startup_Code/startup.o
                0x00003f24                __init_registers
 .text.__init_user
                0x00003f44        0xc ./Project_Settings/Startup_Code/startup.o
                0x00003f44                __init_user
 .text.__thumb_startup
                0x00003f50       0x50 ./Project_Settings/Startup_Code/startup.o
                0x00003f50                __thumb_startup
 .text.ASerialLdd1_Init
                0x00003fa0      0x250 ./Generated_Code/ASerialLdd1.o
                0x00003fa0                ASerialLdd1_Init
 .text.ASerialLdd1_ReceiveBlock
                0x000041f0       0xb0 ./Generated_Code/ASerialLdd1.o
                0x000041f0                ASerialLdd1_ReceiveBlock
 .text.ASerialLdd1_SendBlock
                0x000042a0       0xd4 ./Generated_Code/ASerialLdd1.o
                0x000042a0                ASerialLdd1_SendBlock
 .text.InterruptRx
                0x00004374       0x5c ./Generated_Code/ASerialLdd1.o
 .text.InterruptTx
                0x000043d0       0x90 ./Generated_Code/ASerialLdd1.o
 .text.ASerialLdd1_Interrupt
                0x00004460      0x108 ./Generated_Code/ASerialLdd1.o
                0x00004460                ASerialLdd1_Interrupt
 .text.ASerialLdd1_GetError
                0x00004568       0x90 ./Generated_Code/ASerialLdd1.o
                0x00004568                ASerialLdd1_GetError
 .text.BitIoLdd1_Init
                0x000045f8       0xa8 ./Generated_Code/BitIoLdd1.o
                0x000045f8                BitIoLdd1_Init
 .text.BitIoLdd1_ClrVal
                0x000046a0       0x20 ./Generated_Code/BitIoLdd1.o
                0x000046a0                BitIoLdd1_ClrVal
 .text.BitIoLdd1_SetVal
                0x000046c0       0x20 ./Generated_Code/BitIoLdd1.o
                0x000046c0                BitIoLdd1_SetVal
 .text.BitIoLdd10_Init
                0x000046e0       0xa8 ./Generated_Code/BitIoLdd10.o
                0x000046e0                BitIoLdd10_Init
 .text.BitIoLdd10_ClrVal
                0x00004788       0x20 ./Generated_Code/BitIoLdd10.o
                0x00004788                BitIoLdd10_ClrVal
 .text.BitIoLdd10_SetVal
                0x000047a8       0x20 ./Generated_Code/BitIoLdd10.o
                0x000047a8                BitIoLdd10_SetVal
 .text.BitIoLdd11_Init
                0x000047c8       0xa8 ./Generated_Code/BitIoLdd11.o
                0x000047c8                BitIoLdd11_Init
 .text.BitIoLdd11_ClrVal
                0x00004870       0x20 ./Generated_Code/BitIoLdd11.o
                0x00004870                BitIoLdd11_ClrVal
 .text.BitIoLdd11_SetVal
                0x00004890       0x20 ./Generated_Code/BitIoLdd11.o
                0x00004890                BitIoLdd11_SetVal
 .text.BitIoLdd12_Init
                0x000048b0       0xa8 ./Generated_Code/BitIoLdd12.o
                0x000048b0                BitIoLdd12_Init
 .text.BitIoLdd12_ClrVal
                0x00004958       0x20 ./Generated_Code/BitIoLdd12.o
                0x00004958                BitIoLdd12_ClrVal
 .text.BitIoLdd12_SetVal
                0x00004978       0x20 ./Generated_Code/BitIoLdd12.o
                0x00004978                BitIoLdd12_SetVal
 .text.BitIoLdd13_Init
                0x00004998       0xa8 ./Generated_Code/BitIoLdd13.o
                0x00004998                BitIoLdd13_Init
 .text.BitIoLdd13_ClrVal
                0x00004a40       0x20 ./Generated_Code/BitIoLdd13.o
                0x00004a40                BitIoLdd13_ClrVal
 .text.BitIoLdd13_SetVal
                0x00004a60       0x20 ./Generated_Code/BitIoLdd13.o
                0x00004a60                BitIoLdd13_SetVal
 .text.BitIoLdd14_Init
                0x00004a80       0xa8 ./Generated_Code/BitIoLdd14.o
                0x00004a80                BitIoLdd14_Init
 .text.BitIoLdd14_ClrVal
                0x00004b28       0x20 ./Generated_Code/BitIoLdd14.o
                0x00004b28                BitIoLdd14_ClrVal
 .text.BitIoLdd14_SetVal
                0x00004b48       0x20 ./Generated_Code/BitIoLdd14.o
                0x00004b48                BitIoLdd14_SetVal
 .text.BitIoLdd15_Init
                0x00004b68       0xa8 ./Generated_Code/BitIoLdd15.o
                0x00004b68                BitIoLdd15_Init
 .text.BitIoLdd15_ClrVal
                0x00004c10       0x20 ./Generated_Code/BitIoLdd15.o
                0x00004c10                BitIoLdd15_ClrVal
 .text.BitIoLdd15_SetVal
                0x00004c30       0x20 ./Generated_Code/BitIoLdd15.o
                0x00004c30                BitIoLdd15_SetVal
 .text.BitIoLdd16_Init
                0x00004c50       0xa8 ./Generated_Code/BitIoLdd16.o
                0x00004c50                BitIoLdd16_Init
 .text.BitIoLdd16_ClrVal
                0x00004cf8       0x20 ./Generated_Code/BitIoLdd16.o
                0x00004cf8                BitIoLdd16_ClrVal
 .text.BitIoLdd16_SetVal
                0x00004d18       0x20 ./Generated_Code/BitIoLdd16.o
                0x00004d18                BitIoLdd16_SetVal
 .text.BitIoLdd17_Init
                0x00004d38       0xa8 ./Generated_Code/BitIoLdd17.o
                0x00004d38                BitIoLdd17_Init
 .text.BitIoLdd17_ClrVal
                0x00004de0       0x20 ./Generated_Code/BitIoLdd17.o
                0x00004de0                BitIoLdd17_ClrVal
 .text.BitIoLdd17_SetVal
                0x00004e00       0x20 ./Generated_Code/BitIoLdd17.o
                0x00004e00                BitIoLdd17_SetVal
 .text.BitIoLdd18_Init
                0x00004e20       0xa8 ./Generated_Code/BitIoLdd18.o
                0x00004e20                BitIoLdd18_Init
 .text.BitIoLdd18_ClrVal
                0x00004ec8       0x20 ./Generated_Code/BitIoLdd18.o
                0x00004ec8                BitIoLdd18_ClrVal
 .text.BitIoLdd18_SetVal
                0x00004ee8       0x20 ./Generated_Code/BitIoLdd18.o
                0x00004ee8                BitIoLdd18_SetVal
 .text.BitIoLdd19_Init
                0x00004f08       0xa8 ./Generated_Code/BitIoLdd19.o
                0x00004f08                BitIoLdd19_Init
 .text.BitIoLdd19_ClrVal
                0x00004fb0       0x20 ./Generated_Code/BitIoLdd19.o
                0x00004fb0                BitIoLdd19_ClrVal
 .text.BitIoLdd19_SetVal
                0x00004fd0       0x20 ./Generated_Code/BitIoLdd19.o
                0x00004fd0                BitIoLdd19_SetVal
 .text.BitIoLdd2_Init
                0x00004ff0       0xa8 ./Generated_Code/BitIoLdd2.o
                0x00004ff0                BitIoLdd2_Init
 .text.BitIoLdd2_SetDir
                0x00005098       0x50 ./Generated_Code/BitIoLdd2.o
                0x00005098                BitIoLdd2_SetDir
 .text.BitIoLdd2_GetVal
                0x000050e8       0x54 ./Generated_Code/BitIoLdd2.o
                0x000050e8                BitIoLdd2_GetVal
 .text.BitIoLdd2_ClrVal
                0x0000513c       0x20 ./Generated_Code/BitIoLdd2.o
                0x0000513c                BitIoLdd2_ClrVal
 .text.BitIoLdd20_Init
                0x0000515c       0xa8 ./Generated_Code/BitIoLdd20.o
                0x0000515c                BitIoLdd20_Init
 .text.BitIoLdd20_ClrVal
                0x00005204       0x20 ./Generated_Code/BitIoLdd20.o
                0x00005204                BitIoLdd20_ClrVal
 .text.BitIoLdd20_SetVal
                0x00005224       0x20 ./Generated_Code/BitIoLdd20.o
                0x00005224                BitIoLdd20_SetVal
 .text.BitIoLdd21_Init
                0x00005244       0xa8 ./Generated_Code/BitIoLdd21.o
                0x00005244                BitIoLdd21_Init
 .text.BitIoLdd21_ClrVal
                0x000052ec       0x20 ./Generated_Code/BitIoLdd21.o
                0x000052ec                BitIoLdd21_ClrVal
 .text.BitIoLdd21_SetVal
                0x0000530c       0x20 ./Generated_Code/BitIoLdd21.o
                0x0000530c                BitIoLdd21_SetVal
 .text.BitIoLdd22_Init
                0x0000532c       0xa8 ./Generated_Code/BitIoLdd22.o
                0x0000532c                BitIoLdd22_Init
 .text.BitIoLdd22_ClrVal
                0x000053d4       0x20 ./Generated_Code/BitIoLdd22.o
                0x000053d4                BitIoLdd22_ClrVal
 .text.BitIoLdd22_SetVal
                0x000053f4       0x20 ./Generated_Code/BitIoLdd22.o
                0x000053f4                BitIoLdd22_SetVal
 .text.BitIoLdd3_Init
                0x00005414       0xa8 ./Generated_Code/BitIoLdd3.o
                0x00005414                BitIoLdd3_Init
 .text.BitIoLdd3_SetDir
                0x000054bc       0x50 ./Generated_Code/BitIoLdd3.o
                0x000054bc                BitIoLdd3_SetDir
 .text.BitIoLdd3_GetVal
                0x0000550c       0x54 ./Generated_Code/BitIoLdd3.o
                0x0000550c                BitIoLdd3_GetVal
 .text.BitIoLdd3_ClrVal
                0x00005560       0x20 ./Generated_Code/BitIoLdd3.o
                0x00005560                BitIoLdd3_ClrVal
 .text.BitIoLdd4_Init
                0x00005580       0xa8 ./Generated_Code/BitIoLdd4.o
                0x00005580                BitIoLdd4_Init
 .text.BitIoLdd4_ClrVal
                0x00005628       0x20 ./Generated_Code/BitIoLdd4.o
                0x00005628                BitIoLdd4_ClrVal
 .text.BitIoLdd4_SetVal
                0x00005648       0x20 ./Generated_Code/BitIoLdd4.o
                0x00005648                BitIoLdd4_SetVal
 .text.BitIoLdd5_Init
                0x00005668       0xa8 ./Generated_Code/BitIoLdd5.o
                0x00005668                BitIoLdd5_Init
 .text.BitIoLdd5_ClrVal
                0x00005710       0x20 ./Generated_Code/BitIoLdd5.o
                0x00005710                BitIoLdd5_ClrVal
 .text.BitIoLdd5_SetVal
                0x00005730       0x20 ./Generated_Code/BitIoLdd5.o
                0x00005730                BitIoLdd5_SetVal
 .text.BitIoLdd6_Init
                0x00005750       0xa8 ./Generated_Code/BitIoLdd6.o
                0x00005750                BitIoLdd6_Init
 .text.BitIoLdd6_ClrVal
                0x000057f8       0x20 ./Generated_Code/BitIoLdd6.o
                0x000057f8                BitIoLdd6_ClrVal
 .text.BitIoLdd6_SetVal
                0x00005818       0x20 ./Generated_Code/BitIoLdd6.o
                0x00005818                BitIoLdd6_SetVal
 .text.BitIoLdd7_Init
                0x00005838       0xa8 ./Generated_Code/BitIoLdd7.o
                0x00005838                BitIoLdd7_Init
 .text.BitIoLdd7_ClrVal
                0x000058e0       0x20 ./Generated_Code/BitIoLdd7.o
                0x000058e0                BitIoLdd7_ClrVal
 .text.BitIoLdd7_SetVal
                0x00005900       0x20 ./Generated_Code/BitIoLdd7.o
                0x00005900                BitIoLdd7_SetVal
 .text.BitIoLdd8_Init
                0x00005920       0xa8 ./Generated_Code/BitIoLdd8.o
                0x00005920                BitIoLdd8_Init
 .text.BitIoLdd8_ClrVal
                0x000059c8       0x20 ./Generated_Code/BitIoLdd8.o
                0x000059c8                BitIoLdd8_ClrVal
 .text.BitIoLdd8_SetVal
                0x000059e8       0x20 ./Generated_Code/BitIoLdd8.o
                0x000059e8                BitIoLdd8_SetVal
 .text.BitIoLdd9_Init
                0x00005a08       0xa8 ./Generated_Code/BitIoLdd9.o
                0x00005a08                BitIoLdd9_Init
 .text.BitIoLdd9_ClrVal
                0x00005ab0       0x20 ./Generated_Code/BitIoLdd9.o
                0x00005ab0                BitIoLdd9_ClrVal
 .text.BitIoLdd9_SetVal
                0x00005ad0       0x20 ./Generated_Code/BitIoLdd9.o
                0x00005ad0                BitIoLdd9_SetVal
 .text.Common_Init
                0x00005af0       0x94 ./Generated_Code/Cpu.o
                0x00005af0                Common_Init
 .text.Components_Init
                0x00005b84       0xc8 ./Generated_Code/Cpu.o
                0x00005b84                Components_Init
 .text.Cpu_ivINT_PORTC
                0x00005c4c       0x20 ./Generated_Code/Cpu.o
                0x00005c4c                Cpu_ivINT_PORTC
 .text.Cpu_INT_NMIInterrupt
                0x00005c6c       0x1c ./Generated_Code/Cpu.o
                0x00005c6c                Cpu_INT_NMIInterrupt
 .text.ExtIntLdd1_Init
                0x00005c88       0xc8 ./Generated_Code/ExtIntLdd1.o
                0x00005c88                ExtIntLdd1_Init
 .text.ExtIntLdd1_Interrupt
                0x00005d50       0x48 ./Generated_Code/ExtIntLdd1.o
                0x00005d50                ExtIntLdd1_Interrupt
 .text.ExtIntLdd2_Init
                0x00005d98       0xcc ./Generated_Code/ExtIntLdd2.o
                0x00005d98                ExtIntLdd2_Init
 .text.ExtIntLdd2_Interrupt
                0x00005e64       0x4c ./Generated_Code/ExtIntLdd2.o
                0x00005e64                ExtIntLdd2_Interrupt
 .text.ExtIntLdd2_GetVal
                0x00005eb0       0x2c ./Generated_Code/ExtIntLdd2.o
                0x00005eb0                ExtIntLdd2_GetVal
 .text.ExtIntLdd3_Init
                0x00005edc       0xcc ./Generated_Code/ExtIntLdd3.o
                0x00005edc                ExtIntLdd3_Init
 .text.ExtIntLdd3_Interrupt
                0x00005fa8       0x4c ./Generated_Code/ExtIntLdd3.o
                0x00005fa8                ExtIntLdd3_Interrupt
 .text.ExtIntLdd3_GetVal
                0x00005ff4       0x2c ./Generated_Code/ExtIntLdd3.o
                0x00005ff4                ExtIntLdd3_GetVal
 .text.ExtIntLdd4_Init
                0x00006020       0xcc ./Generated_Code/ExtIntLdd4.o
                0x00006020                ExtIntLdd4_Init
 .text.ExtIntLdd4_Interrupt
                0x000060ec       0x48 ./Generated_Code/ExtIntLdd4.o
                0x000060ec                ExtIntLdd4_Interrupt
 .text.ExtIntLdd4_GetVal
                0x00006134       0x2c ./Generated_Code/ExtIntLdd4.o
                0x00006134                ExtIntLdd4_GetVal
 .text.ExtIntLdd5_Init
                0x00006160       0xd0 ./Generated_Code/ExtIntLdd5.o
                0x00006160                ExtIntLdd5_Init
 .text.ExtIntLdd5_Interrupt
                0x00006230       0x48 ./Generated_Code/ExtIntLdd5.o
                0x00006230                ExtIntLdd5_Interrupt
 .text.ExtIntLdd5_GetVal
                0x00006278       0x2c ./Generated_Code/ExtIntLdd5.o
                0x00006278                ExtIntLdd5_GetVal
 .text.FX1_MeasureGetRawX
                0x000062a4       0x3c ./Generated_Code/FX1.o
                0x000062a4                FX1_MeasureGetRawX
 .text.FX1_MeasureGetRawY
                0x000062e0       0x3c ./Generated_Code/FX1.o
                0x000062e0                FX1_MeasureGetRawY
 .text.FX1_MeasureGetRawZ
                0x0000631c       0x3c ./Generated_Code/FX1.o
                0x0000631c                FX1_MeasureGetRawZ
 .text.FX1_GetX
                0x00006358       0x34 ./Generated_Code/FX1.o
                0x00006358                FX1_GetX
 .text.FX1_GetY
                0x0000638c       0x34 ./Generated_Code/FX1.o
                0x0000638c                FX1_GetY
 .text.FX1_GetZ
                0x000063c0       0x34 ./Generated_Code/FX1.o
                0x000063c0                FX1_GetZ
 .text.FX1_GetMagX
                0x000063f4       0x44 ./Generated_Code/FX1.o
                0x000063f4                FX1_GetMagX
 .text.FX1_GetMagY
                0x00006438       0x44 ./Generated_Code/FX1.o
                0x00006438                FX1_GetMagY
 .text.FX1_GetMagZ
                0x0000647c       0x44 ./Generated_Code/FX1.o
                0x0000647c                FX1_GetMagZ
 .text.FX1_WriteReg8
                0x000064c0       0x28 ./Generated_Code/FX1.o
                0x000064c0                FX1_WriteReg8
 .text.GI2C1_SelectSlave
                0x000064e8       0x28 ./Generated_Code/GI2C1.o
                0x000064e8                GI2C1_SelectSlave
 .text.GI2C1_UnselectSlave
                0x00006510       0x10 ./Generated_Code/GI2C1.o
                0x00006510                GI2C1_UnselectSlave
 .text.GI2C1_ReadAddress
                0x00006520       0x94 ./Generated_Code/GI2C1.o
                0x00006520                GI2C1_ReadAddress
 .text.GI2C1_WriteAddress
                0x000065b4       0xf0 ./Generated_Code/GI2C1.o
                0x000065b4                GI2C1_WriteAddress
 .text.GI2C1_Init
                0x000066a4        0xc ./Generated_Code/GI2C1.o
                0x000066a4                GI2C1_Init
 .text.GI2C1_WriteByteAddress8
                0x000066b0       0x30 ./Generated_Code/GI2C1.o
                0x000066b0                GI2C1_WriteByteAddress8
 .text.Delay    0x000066e0       0x14 ./Generated_Code/I2C1.o
 .text.I2C1_Init
                0x000066f4       0x18 ./Generated_Code/I2C1.o
                0x000066f4                I2C1_Init
 .text.Write    0x0000670c       0xdc ./Generated_Code/I2C1.o
 .text.Read     0x000067e8       0xc8 ./Generated_Code/I2C1.o
 .text.GetAck   0x000068b0       0x78 ./Generated_Code/I2C1.o
 .text.SetAck   0x00006928       0xd4 ./Generated_Code/I2C1.o
 .text.InternalStop
                0x000069fc       0x58 ./Generated_Code/I2C1.o
 .text.I2C1_SendBlock
                0x00006a54      0x1e8 ./Generated_Code/I2C1.o
                0x00006a54                I2C1_SendBlock
 .text.I2C1_RecvBlock
                0x00006c3c      0x1a4 ./Generated_Code/I2C1.o
                0x00006c3c                I2C1_RecvBlock
 .text.I2C1_SendStop
                0x00006de0       0x60 ./Generated_Code/I2C1.o
                0x00006de0                I2C1_SendStop
 .text.I2C1_SelectSlave
                0x00006e40       0x28 ./Generated_Code/I2C1.o
                0x00006e40                I2C1_SelectSlave
 .text.ExtIntLdd2_OnInterrupt
                0x00006e68       0x14 ./Generated_Code/IR0_detect.o
                0x00006e68                ExtIntLdd2_OnInterrupt
 .text.ExtIntLdd3_OnInterrupt
                0x00006e7c       0x14 ./Generated_Code/IR1_detect.o
                0x00006e7c                ExtIntLdd3_OnInterrupt
 .text.ExtIntLdd4_OnInterrupt
                0x00006e90       0x14 ./Generated_Code/IR2_detect.o
                0x00006e90                ExtIntLdd4_OnInterrupt
 .text.ExtIntLdd1_OnInterrupt
                0x00006ea4       0x14 ./Generated_Code/Int1accel.o
                0x00006ea4                ExtIntLdd1_OnInterrupt
 .text.TimerIntLdd1_OnInterrupt
                0x00006eb8       0x14 ./Generated_Code/TI1.o
                0x00006eb8                TimerIntLdd1_OnInterrupt
 .text.TimerIntLdd2_OnInterrupt
                0x00006ecc       0x14 ./Generated_Code/TI2.o
                0x00006ecc                TimerIntLdd2_OnInterrupt
 .text.TimerIntLdd3_OnInterrupt
                0x00006ee0       0x14 ./Generated_Code/TI3.o
                0x00006ee0                TimerIntLdd3_OnInterrupt
 .text.TU1_Init
                0x00006ef4       0xc4 ./Generated_Code/TU1.o
                0x00006ef4                TU1_Init
 .text.TU1_Interrupt
                0x00006fb8       0x48 ./Generated_Code/TU1.o
                0x00006fb8                TU1_Interrupt
 .text.TU2_Init
                0x00007000      0x174 ./Generated_Code/TU2.o
                0x00007000                TU2_Init
 .text.TU2_Interrupt
                0x00007174       0x7c ./Generated_Code/TU2.o
                0x00007174                TU2_Interrupt
 .text.TU3_Init
                0x000071f0      0x128 ./Generated_Code/TU3.o
                0x000071f0                TU3_Init
 .text.TU3_Interrupt
                0x00007318       0x7c ./Generated_Code/TU3.o
                0x00007318                TU3_Interrupt
 .text.TimerIntLdd1_Init
                0x00007394       0x58 ./Generated_Code/TimerIntLdd1.o
                0x00007394                TimerIntLdd1_Init
 .text.TU1_OnCounterRestart
                0x000073ec       0x24 ./Generated_Code/TimerIntLdd1.o
                0x000073ec                TU1_OnCounterRestart
 .text.TimerIntLdd2_Init
                0x00007410       0x58 ./Generated_Code/TimerIntLdd2.o
                0x00007410                TimerIntLdd2_Init
 .text.TU2_OnCounterRestart
                0x00007468       0x24 ./Generated_Code/TimerIntLdd2.o
                0x00007468                TU2_OnCounterRestart
 .text.TimerIntLdd3_Init
                0x0000748c       0x58 ./Generated_Code/TimerIntLdd3.o
                0x0000748c                TimerIntLdd3_Init
 .text.TU3_OnCounterRestart
                0x000074e4       0x24 ./Generated_Code/TimerIntLdd3.o
                0x000074e4                TU3_OnCounterRestart
 .text.HWEnDi   0x00007508       0x20 ./Generated_Code/UART0.o
 .text.UART0_RecvChar
                0x00007528      0x12c ./Generated_Code/UART0.o
                0x00007528                UART0_RecvChar
 .text.UART0_SendChar
                0x00007654      0x13c ./Generated_Code/UART0.o
                0x00007654                UART0_SendChar
 .text.UART0_Init
                0x00007790       0x70 ./Generated_Code/UART0.o
                0x00007790                UART0_Init
 .text.ASerialLdd1_OnBlockReceived
                0x00007800      0x100 ./Generated_Code/UART0.o
                0x00007800                ASerialLdd1_OnBlockReceived
 .text.ASerialLdd1_OnBlockSent
                0x00007900      0x118 ./Generated_Code/UART0.o
                0x00007900                ASerialLdd1_OnBlockSent
 .text.ASerialLdd1_OnError
                0x00007a18       0xc8 ./Generated_Code/UART0.o
                0x00007a18                ASerialLdd1_OnError
 .text.ASerialLdd1_OnBreak
                0x00007ae0       0x2c ./Generated_Code/UART0.o
                0x00007ae0                ASerialLdd1_OnBreak
 .text.ExtIntLdd5_OnInterrupt
                0x00007b0c       0x14 ./Generated_Code/UsonicPWM.o
                0x00007b0c                ExtIntLdd5_OnInterrupt
 .text.WAIT1_Wait10Cycles
                0x00007b20        0x8 ./Generated_Code/WAIT1.o
                0x00007b20                WAIT1_Wait10Cycles
 .text.WAIT1_Wait100Cycles
                0x00007b28       0x1c ./Generated_Code/WAIT1.o
                0x00007b28                WAIT1_Wait100Cycles
 .text.WAIT1_WaitCycles
                0x00007b44       0x34 ./Generated_Code/WAIT1.o
                0x00007b44                WAIT1_WaitCycles
 .text.WAIT1_WaitLongCycles
                0x00007b78       0x38 ./Generated_Code/WAIT1.o
                0x00007b78                WAIT1_WaitLongCycles
 .text.WAIT1_Waitms
                0x00007bb0       0x30 ./Generated_Code/WAIT1.o
                0x00007bb0                WAIT1_Waitms
 .text.atan2    0x00007be0        0x4 c:/freescale/kds_2.0.0/toolchain/bin/../lib/gcc/arm-none-eabi/4.8.0/../../../../arm-none-eabi/lib/m4/fp/v4-sp-d16\libm.a(lib_a-w_atan2.o)
                0x00007be0                atan2
 *fill*         0x00007be4        0x4 
 .text.__ieee754_atan2
                0x00007be8      0x1e8 c:/freescale/kds_2.0.0/toolchain/bin/../lib/gcc/arm-none-eabi/4.8.0/../../../../arm-none-eabi/lib/m4/fp/v4-sp-d16\libm.a(lib_a-e_atan2.o)
                0x00007be8                __ieee754_atan2
 .text.atan     0x00007dd0      0x380 c:/freescale/kds_2.0.0/toolchain/bin/../lib/gcc/arm-none-eabi/4.8.0/../../../../arm-none-eabi/lib/m4/fp/v4-sp-d16\libm.a(lib_a-s_atan.o)
                0x00007dd0                atan
 .text.fabs     0x00008150       0x12 c:/freescale/kds_2.0.0/toolchain/bin/../lib/gcc/arm-none-eabi/4.8.0/../../../../arm-none-eabi/lib/m4/fp/v4-sp-d16\libm.a(lib_a-s_fabs.o)
                0x00008150                fabs
 *(.rodata)
 *(.rodata*)
 *fill*         0x00008162        0x2 
 .rodata.ClockGenModeMatrix
                0x00008164       0x80 ./Static_Code/System/CPU_Init.o
 .rodata.CPU_ClockConfigDescriptors
                0x000081e4       0x1c ./Static_Code/System/CPU_Init.o
 .rodata.CPU_DefaultFEI
                0x00008200        0x8 ./Static_Code/System/CPU_Init.o
 .rodata.CPU_DefaultFBI
                0x00008208        0x8 ./Static_Code/System/CPU_Init.o
 .rodata.CPU_DefaultBLPI
                0x00008210        0x8 ./Static_Code/System/CPU_Init.o
 .rodata.CPU_DefaultFEE
                0x00008218        0x8 ./Static_Code/System/CPU_Init.o
 .rodata.CPU_DefaultFBE
                0x00008220        0x8 ./Static_Code/System/CPU_Init.o
 .rodata.CPU_DefaultBLPE
                0x00008228        0x8 ./Static_Code/System/CPU_Init.o
 .rodata.CPU_DefaultPBE
                0x00008230        0x8 ./Static_Code/System/CPU_Init.o
 .rodata.CPU_DefaultPEE
                0x00008238        0x8 ./Static_Code/System/CPU_Init.o
 .rodata.CPU_ClockGenModeRegs
                0x00008240       0x20 ./Static_Code/System/CPU_Init.o
 .rodata.HeartBitMsg
                0x00008260       0x2c ./Sources/main.o
                0x00008260                HeartBitMsg
 .rodata.addr.6203
                0x0000828c        0x1 ./Generated_Code/FX1.o
 .rodata.addr.6211
                0x0000828d        0x1 ./Generated_Code/FX1.o
 .rodata.addr.6219
                0x0000828e        0x1 ./Generated_Code/FX1.o
 .rodata.addr.6284
                0x0000828f        0x1 ./Generated_Code/FX1.o
 .rodata.addr.6292
                0x00008290        0x1 ./Generated_Code/FX1.o
 .rodata.addr.6300
                0x00008291        0x1 ./Generated_Code/FX1.o
 *fill*         0x00008292        0x6 
 .rodata.atanlo
                0x00008298       0x20 c:/freescale/kds_2.0.0/toolchain/bin/../lib/gcc/arm-none-eabi/4.8.0/../../../../arm-none-eabi/lib/m4/fp/v4-sp-d16\libm.a(lib_a-s_atan.o)
 .rodata.atanhi
                0x000082b8       0x20 c:/freescale/kds_2.0.0/toolchain/bin/../lib/gcc/arm-none-eabi/4.8.0/../../../../arm-none-eabi/lib/m4/fp/v4-sp-d16\libm.a(lib_a-s_atan.o)
 *(.glue_7)
 .glue_7        0x00000000        0x0 linker stubs
 *(.glue_7t)
 .glue_7t       0x00000000        0x0 linker stubs
 *(.eh_frame)
 .eh_frame      0x000082d8        0x0 c:/freescale/kds_2.0.0/toolchain/bin/../lib/gcc/arm-none-eabi/4.8.0/m4/fp/v4-sp-d16/crtbegin.o
 *(.init)
 .init          0x000082d8        0x4 c:/freescale/kds_2.0.0/toolchain/bin/../lib/gcc/arm-none-eabi/4.8.0/m4/fp/v4-sp-d16/crti.o
                0x000082d8                _init
 .init          0x000082dc        0x8 c:/freescale/kds_2.0.0/toolchain/bin/../lib/gcc/arm-none-eabi/4.8.0/m4/fp/v4-sp-d16/crtn.o
 *(.fini)
 .fini          0x000082e4        0x4 c:/freescale/kds_2.0.0/toolchain/bin/../lib/gcc/arm-none-eabi/4.8.0/m4/fp/v4-sp-d16/crti.o
                0x000082e4                _fini
 .fini          0x000082e8        0x8 c:/freescale/kds_2.0.0/toolchain/bin/../lib/gcc/arm-none-eabi/4.8.0/m4/fp/v4-sp-d16/crtn.o
                0x000082f0                . = ALIGN (0x4)
                0x000082f0                _etext = .

.vfp11_veneer   0x000082f0        0x0
 .vfp11_veneer  0x00000000        0x0 linker stubs

.v4_bx          0x000082f0        0x0
 .v4_bx         0x00000000        0x0 linker stubs

.iplt           0x000082f0        0x0
 .iplt          0x00000000        0x0 c:/freescale/kds_2.0.0/toolchain/bin/../lib/gcc/arm-none-eabi/4.8.0/m4/fp/v4-sp-d16/crtbegin.o

.rel.dyn        0x000082f0        0x0
 .rel.iplt      0x00000000        0x0 c:/freescale/kds_2.0.0/toolchain/bin/../lib/gcc/arm-none-eabi/4.8.0/m4/fp/v4-sp-d16/crtbegin.o

.ARM.extab
 *(.ARM.extab* .gnu.linkonce.armextab.*)

.ARM            0x000082f0        0x0
                0x000082f0                __exidx_start = .
 *(.ARM.exidx*)
                0x000082f0                __exidx_end = .

.ctors          0x000082f0        0x0
                0x000082f0                __CTOR_LIST__ = .
 *crtbegin.o(.ctors)
 *(EXCLUDE_FILE(*crtend.o) .ctors)
 *(SORT(.ctors.*))
 *(.ctors)
                0x000082f0                __CTOR_END__ = .

.dtors          0x000082f0        0x0
                0x000082f0                __DTOR_LIST__ = .
 *crtbegin.o(.dtors)
 *(EXCLUDE_FILE(*crtend.o) .dtors)
 *(SORT(.dtors.*))
 *(.dtors)
                0x000082f0                __DTOR_END__ = .

.preinit_array  0x000082f0        0x0
                0x000082f0                PROVIDE (__preinit_array_start, .)
 *(.preinit_array*)
                0x000082f0                PROVIDE (__preinit_array_end, .)

.init_array     0x000082f0        0x4
                0x000082f0                PROVIDE (__init_array_start, .)
 *(SORT(.init_array.*))
 *(.init_array*)
 .init_array    0x000082f0        0x4 c:/freescale/kds_2.0.0/toolchain/bin/../lib/gcc/arm-none-eabi/4.8.0/m4/fp/v4-sp-d16/crtbegin.o
                0x000082f4                PROVIDE (__init_array_end, .)

.fini_array     0x000082f4        0x4
                0x000082f4                PROVIDE (__fini_array_start, .)
 *(SORT(.fini_array.*))
 *(.fini_array*)
 .fini_array    0x000082f4        0x4 c:/freescale/kds_2.0.0/toolchain/bin/../lib/gcc/arm-none-eabi/4.8.0/m4/fp/v4-sp-d16/crtbegin.o
                0x000082f8                PROVIDE (__fini_array_end, .)
                0x000082f8                ___ROM_AT = .

.data           0x1fff0000        0x4 load address 0x000082f8
                0x1fff0000                . = ALIGN (0x4)
                0x1fff0000                _sdata = .
 *(.data)
 *(.data*)
 .data.sm_smoothTime
                0x1fff0000        0x1 ./Sources/sw_pwm.o
                0x1fff0000                sm_smoothTime
                0x1fff0004                . = ALIGN (0x4)
 *fill*         0x1fff0001        0x3 
                0x1fff0004                _edata = .
                0x00000004                ___data_size = (_edata - _sdata)
                0x000082fc                ___m_data_20000000_ROMStart = (___ROM_AT + SIZEOF (.data))

.jcr            0x1fff0004        0x0 load address 0x000082fc
 .jcr           0x1fff0004        0x0 c:/freescale/kds_2.0.0/toolchain/bin/../lib/gcc/arm-none-eabi/4.8.0/m4/fp/v4-sp-d16/crtbegin.o

.tm_clone_table
                0x1fff0004        0x0 load address 0x000082fc
 .tm_clone_table
                0x1fff0004        0x0 c:/freescale/kds_2.0.0/toolchain/bin/../lib/gcc/arm-none-eabi/4.8.0/m4/fp/v4-sp-d16/crtbegin.o
 .tm_clone_table
                0x1fff0004        0x0 c:/freescale/kds_2.0.0/toolchain/bin/../lib/gcc/arm-none-eabi/4.8.0/m4/fp/v4-sp-d16/crtend.o

.igot.plt       0x1fff0004        0x0 load address 0x000082fc
 .igot.plt      0x00000000        0x0 c:/freescale/kds_2.0.0/toolchain/bin/../lib/gcc/arm-none-eabi/4.8.0/m4/fp/v4-sp-d16/crtbegin.o

.m_data_20000000
                0x20000000        0x0 load address 0x000082fc
                0x20000000                . = ALIGN (0x4)
                0x20000000                ___m_data_20000000_RAMStart = .
 *(.m_data_20000000)
                0x20000000                ___m_data_20000000_RAMEnd = .
                0x20000000                . = ALIGN (0x4)
                0x00000000                ___m_data_20000000_ROMSize = (___m_data_20000000_RAMEnd - ___m_data_20000000_RAMStart)
                0x20000000                . = ALIGN (0x4)

.bss            0x1fff0004      0x42c load address 0x000082fc
                0x1fff0004                __START_BSS = .
                0x1fff0004                PROVIDE (__bss_start__, __START_BSS)
 *(.bss)
 *(.bss*)
 .bss.completed.6137
                0x1fff0004        0x1 c:/freescale/kds_2.0.0/toolchain/bin/../lib/gcc/arm-none-eabi/4.8.0/m4/fp/v4-sp-d16/crtbegin.o
 *fill*         0x1fff0005        0x3 
 .bss.object.6142
                0x1fff0008       0x18 c:/freescale/kds_2.0.0/toolchain/bin/../lib/gcc/arm-none-eabi/4.8.0/m4/fp/v4-sp-d16/crtbegin.o
 .bss.SR_lock   0x1fff0020        0x1 ./Static_Code/System/CPU_Init.o
                0x1fff0020                SR_lock
 .bss.UARTDataReady
                0x1fff0021        0x1 ./Sources/DCFcom.o
                0x1fff0021                UARTDataReady
 .bss.DataLength
                0x1fff0022        0x1 ./Sources/DCFcom.o
                0x1fff0022                DataLength
 *fill*         0x1fff0023        0x1 
 .bss.ptrRcvChar
                0x1fff0024        0x4 ./Sources/DCFcom.o
                0x1fff0024                ptrRcvChar
 .bss.receiveSof
                0x1fff0028        0x1 ./Sources/DCFcom.o
                0x1fff0028                receiveSof
 .bss.receiveHeader
                0x1fff0029        0x1 ./Sources/DCFcom.o
                0x1fff0029                receiveHeader
 .bss.Rec.6606  0x1fff002a        0x1 ./Sources/Events.o
 .bss.i.6619    0x1fff002b        0x1 ./Sources/Events.o
 .bss.j.6620    0x1fff002c        0x1 ./Sources/Events.o
 .bss.compassEnable
                0x1fff002d        0x1 ./Sources/main.o
                0x1fff002d                compassEnable
 .bss.accelConfigOk.7188
                0x1fff002e        0x1 ./Sources/sensors.o
 .bss.i.7189    0x1fff002f        0x1 ./Sources/sensors.o
 .bss.timeSMRefresh40ms.6243
                0x1fff0030        0x1 ./Sources/sw_pwm.o
 *fill*         0x1fff0031        0x3 
 .bss.argv      0x1fff0034       0x28 ./Project_Settings/Startup_Code/startup.o
 .bss.DeviceDataPrv__DEFAULT_RTOS_ALLOC
                0x1fff005c       0x20 ./Generated_Code/ASerialLdd1.o
 .bss.INT_LPUART0__DEFAULT_RTOS_ISRPARAM
                0x1fff007c        0x4 ./Generated_Code/ASerialLdd1.o
 .bss.DeviceDataPrv__DEFAULT_RTOS_ALLOC
                0x1fff0080        0x4 ./Generated_Code/BitIoLdd1.o
 .bss.DeviceDataPrv__DEFAULT_RTOS_ALLOC
                0x1fff0084        0x4 ./Generated_Code/BitIoLdd10.o
 .bss.DeviceDataPrv__DEFAULT_RTOS_ALLOC
                0x1fff0088        0x4 ./Generated_Code/BitIoLdd11.o
 .bss.DeviceDataPrv__DEFAULT_RTOS_ALLOC
                0x1fff008c        0x4 ./Generated_Code/BitIoLdd12.o
 .bss.DeviceDataPrv__DEFAULT_RTOS_ALLOC
                0x1fff0090        0x4 ./Generated_Code/BitIoLdd13.o
 .bss.DeviceDataPrv__DEFAULT_RTOS_ALLOC
                0x1fff0094        0x4 ./Generated_Code/BitIoLdd14.o
 .bss.DeviceDataPrv__DEFAULT_RTOS_ALLOC
                0x1fff0098        0x4 ./Generated_Code/BitIoLdd15.o
 .bss.DeviceDataPrv__DEFAULT_RTOS_ALLOC
                0x1fff009c        0x4 ./Generated_Code/BitIoLdd16.o
 .bss.DeviceDataPrv__DEFAULT_RTOS_ALLOC
                0x1fff00a0        0x4 ./Generated_Code/BitIoLdd17.o
 .bss.DeviceDataPrv__DEFAULT_RTOS_ALLOC
                0x1fff00a4        0x4 ./Generated_Code/BitIoLdd18.o
 .bss.DeviceDataPrv__DEFAULT_RTOS_ALLOC
                0x1fff00a8        0x4 ./Generated_Code/BitIoLdd19.o
 .bss.DeviceDataPrv__DEFAULT_RTOS_ALLOC
                0x1fff00ac        0x4 ./Generated_Code/BitIoLdd2.o
 .bss.DeviceDataPrv__DEFAULT_RTOS_ALLOC
                0x1fff00b0        0x4 ./Generated_Code/BitIoLdd20.o
 .bss.DeviceDataPrv__DEFAULT_RTOS_ALLOC
                0x1fff00b4        0x4 ./Generated_Code/BitIoLdd21.o
 .bss.DeviceDataPrv__DEFAULT_RTOS_ALLOC
                0x1fff00b8        0x4 ./Generated_Code/BitIoLdd22.o
 .bss.DeviceDataPrv__DEFAULT_RTOS_ALLOC
                0x1fff00bc        0x4 ./Generated_Code/BitIoLdd3.o
 .bss.DeviceDataPrv__DEFAULT_RTOS_ALLOC
                0x1fff00c0        0x4 ./Generated_Code/BitIoLdd4.o
 .bss.DeviceDataPrv__DEFAULT_RTOS_ALLOC
                0x1fff00c4        0x4 ./Generated_Code/BitIoLdd5.o
 .bss.DeviceDataPrv__DEFAULT_RTOS_ALLOC
                0x1fff00c8        0x4 ./Generated_Code/BitIoLdd6.o
 .bss.DeviceDataPrv__DEFAULT_RTOS_ALLOC
                0x1fff00cc        0x4 ./Generated_Code/BitIoLdd7.o
 .bss.DeviceDataPrv__DEFAULT_RTOS_ALLOC
                0x1fff00d0        0x4 ./Generated_Code/BitIoLdd8.o
 .bss.DeviceDataPrv__DEFAULT_RTOS_ALLOC
                0x1fff00d4        0x4 ./Generated_Code/BitIoLdd9.o
 .bss.DeviceDataPrv__DEFAULT_RTOS_ALLOC
                0x1fff00d8        0x4 ./Generated_Code/ExtIntLdd1.o
 .bss.INT_PORTD__DEFAULT_RTOS_ISRPARAM
                0x1fff00dc        0x4 ./Generated_Code/ExtIntLdd1.o
 .bss.DeviceDataPrv__DEFAULT_RTOS_ALLOC
                0x1fff00e0        0x4 ./Generated_Code/ExtIntLdd2.o
 .bss.INT_PORTC__DEFAULT_RTOS_ISRPARAM
                0x1fff00e4        0x4 ./Generated_Code/ExtIntLdd2.o
 .bss.DeviceDataPrv__DEFAULT_RTOS_ALLOC
                0x1fff00e8        0x4 ./Generated_Code/ExtIntLdd3.o
 .bss.INT_PORTC__DEFAULT_RTOS_ISRPARAM
                0x1fff00ec        0x4 ./Generated_Code/ExtIntLdd3.o
 .bss.DeviceDataPrv__DEFAULT_RTOS_ALLOC
                0x1fff00f0        0x4 ./Generated_Code/ExtIntLdd4.o
 .bss.INT_PORTB__DEFAULT_RTOS_ISRPARAM
                0x1fff00f4        0x4 ./Generated_Code/ExtIntLdd4.o
 .bss.DeviceDataPrv__DEFAULT_RTOS_ALLOC
                0x1fff00f8        0x4 ./Generated_Code/ExtIntLdd5.o
 .bss.INT_PORTA__DEFAULT_RTOS_ISRPARAM
                0x1fff00fc        0x4 ./Generated_Code/ExtIntLdd5.o
 .bss.sCalValues
                0x1fff0100        0x8 ./Generated_Code/FX1.o
 .bss.writeBuf.6118
                0x1fff0108       0x10 ./Generated_Code/GI2C1.o
 .bss.SlaveAddr
                0x1fff0118        0x1 ./Generated_Code/I2C1.o
 *fill*         0x1fff0119        0x3 
 .bss.PE_LDD_DeviceDataList
                0x1fff011c       0x88 ./Generated_Code/PE_LDD.o
                0x1fff011c                PE_LDD_DeviceDataList
 .bss.DeviceDataPrv__DEFAULT_RTOS_ALLOC
                0x1fff01a4        0x8 ./Generated_Code/TU1.o
 .bss.INT_SysTick__DEFAULT_RTOS_ISRPARAM
                0x1fff01ac        0x4 ./Generated_Code/TU1.o
 .bss.DeviceDataPrv__DEFAULT_RTOS_ALLOC
                0x1fff01b0        0xc ./Generated_Code/TU2.o
 .bss.INT_FTM0__DEFAULT_RTOS_ISRPARAM
                0x1fff01bc        0x4 ./Generated_Code/TU2.o
 .bss.DeviceDataPrv__DEFAULT_RTOS_ALLOC
                0x1fff01c0        0xc ./Generated_Code/TU3.o
 .bss.INT_FTM1__DEFAULT_RTOS_ISRPARAM
                0x1fff01cc        0x4 ./Generated_Code/TU3.o
 .bss.DeviceDataPrv__DEFAULT_RTOS_ALLOC
                0x1fff01d0        0xc ./Generated_Code/TimerIntLdd1.o
 .bss.DeviceDataPrv__DEFAULT_RTOS_ALLOC
                0x1fff01dc        0xc ./Generated_Code/TimerIntLdd2.o
 .bss.DeviceDataPrv__DEFAULT_RTOS_ALLOC
                0x1fff01e8        0xc ./Generated_Code/TimerIntLdd3.o
 .bss.SerFlag   0x1fff01f4        0x2 ./Generated_Code/UART0.o
 .bss.UART0_InpLen
                0x1fff01f6        0x2 ./Generated_Code/UART0.o
 .bss.InpIndexR
                0x1fff01f8        0x2 ./Generated_Code/UART0.o
 .bss.InpIndexW
                0x1fff01fa        0x2 ./Generated_Code/UART0.o
 .bss.InpBuffer
                0x1fff01fc       0x50 ./Generated_Code/UART0.o
 .bss.BufferRead
                0x1fff024c        0x1 ./Generated_Code/UART0.o
 *fill*         0x1fff024d        0x1 
 .bss.UART0_OutLen
                0x1fff024e        0x2 ./Generated_Code/UART0.o
 .bss.OutIndexR
                0x1fff0250        0x2 ./Generated_Code/UART0.o
 .bss.OutIndexW
                0x1fff0252        0x2 ./Generated_Code/UART0.o
 .bss.OutBuffer
                0x1fff0254       0x50 ./Generated_Code/UART0.o
 .bss.OnFreeTxBufSemaphore
                0x1fff02a4        0x1 ./Generated_Code/UART0.o
 *(COMMON)
 COMMON         0x1fff02a5        0x1 ./Static_Code/System/CPU_Init.o
                0x1fff02a5                SR_reg
 *fill*         0x1fff02a6        0x2 
 COMMON         0x1fff02a8       0x7f ./Sources/DCFcom.o
                0x1fff02a8                buffRcvDcfData
                0x1fff02dc                buffSndDcfData
                0x1fff0310                buffSndDcfHeader
                0x1fff0312                receiveData
                0x1fff0313                processBuffRcv
                0x1fff0314                dataCount
                0x1fff0318                TimeOutCount
                0x1fff0319                buffSndDCFbusy
                0x1fff031c                dataOffset
                0x1fff0320                TXbyteDelay
                0x1fff0324                buffRcvDcfHeader
                0x1fff0326                buffRcvDCFbusy
 *fill*         0x1fff0327        0x1 
 COMMON         0x1fff0328        0xd ./Sources/Events.o
                0x1fff0328                compassInterruptSended
                0x1fff0329                UltrasonicCounterTime
                0x1fff032a                trigCompassRead
                0x1fff032c                UltrasonicEchoTime
                0x1fff0330                UltrasonicDataReady
                0x1fff0331                IrInterruptEnable
                0x1fff0332                CompassDataReady
                0x1fff0333                IrInterruptFlag
                0x1fff0334                compassInterruptEnable
 *fill*         0x1fff0335        0x3 
 COMMON         0x1fff0338       0x1d ./Sources/main.o
                0x1fff0338                myHeading
                0x1fff033c                compassInterruptMin
                0x1fff0340                compassDataValid
                0x1fff0341                compassInterruptFlag
                0x1fff0342                SM_Data_count
                0x1fff0343                IRInterruptSended
                0x1fff0344                SM_Data_offset
                0x1fff0348                compassInterruptMax
                0x1fff034c                uSonicDataValid
                0x1fff034d                SMInterruptSended
                0x1fff0350                UltrasonicDistance_mm
                0x1fff0354                IRdetectionStatus
 *fill*         0x1fff0355        0x3 
 COMMON         0x1fff0358       0x46 ./Sources/sensors.o
                0x1fff0358                X_Accel_offset
                0x1fff035a                Yout_Mag_16_bit_avg
                0x1fff035c                Xout_Mag_16_bit_max
                0x1fff035e                Zout_Mag_16_bit_avg
                0x1fff0360                Xout_Mag_16_bit
                0x1fff0362                Xout_Accel_14_bit
                0x1fff0364                Zout_g
                0x1fff0368                Zout_Mag_16_bit_min
                0x1fff036c                Yout_uT
                0x1fff0370                Zout_Mag_16_bit_max
                0x1fff0372                Yout_Accel_14_bit
                0x1fff0374                Zout_Accel_14_bit
                0x1fff0376                Yout_Mag_16_bit_max
                0x1fff0378                Xout_Mag_16_bit_min
                0x1fff037a                Yout_Mag_16_bit
                0x1fff037c                Yout_g
                0x1fff0380                HeadingDec
                0x1fff0384                compassCalibrationReady
                0x1fff0386                Xout_Mag_16_bit_avg
                0x1fff0388                Xout_g
                0x1fff038c                Zout_uT
                0x1fff0390                Y_Accel_offset
                0x1fff0391                Z_Accel_offset
                0x1fff0392                Zout_Mag_16_bit
                0x1fff0394                Heading
                0x1fff0398                Xout_uT
                0x1fff039c                Yout_Mag_16_bit_min
 *fill*         0x1fff039e        0x2 
 COMMON         0x1fff03a0       0x8a ./Sources/sw_pwm.o
                0x1fff03a0                SM_ActualValue
                0x1fff03b4                NbActivMotors
                0x1fff03b8                TimPWM_gr2
                0x1fff03bc                StartUltrasonicTrig
                0x1fff03bd                UltrasonicWaitEcho
                0x1fff03c0                TimPWM_gr4
                0x1fff03c4                sm_smoothIncrement
                0x1fff03c8                SM_CountValue
                0x1fff03dc                SMInterruptEnable
                0x1fff03e0                TimPWM_gr7
                0x1fff03e4                TimPWM_gr5
                0x1fff03e8                UsonicRefreshTimeCnt
                0x1fff03ec                TimPWM_gr6
                0x1fff03f0                TimPWM_gr1
                0x1fff03f4                SMInterruptFlag
                0x1fff03f8                TimPWM_gr3
                0x1fff03fc                SM_TargetValue
                0x1fff0410                SMnewCommand
                0x1fff0414                SM_Enable
                0x1fff0428                flag_uSonicEnable
                0x1fff0429                SM_GroupeSelect
 *fill*         0x1fff042a        0x2 
 COMMON         0x1fff042c        0x4 ./Generated_Code/UART0.o
                0x1fff042c                ASerialLdd1_DeviceDataPtr
                0x1fff0430                . = ALIGN (0x4)
                0x1fff0430                __END_BSS = .
                0x1fff0430                PROVIDE (__bss_end__, __END_BSS)
                0x000082fc                _romp_at = ((___ROM_AT + SIZEOF (.data)) + SIZEOF (.m_data_20000000))

.romp           0x1fff0430       0x24 load address 0x000082fc
                0x000082fc                __S_romp = _romp_at
                0x1fff0430        0x4 LONG 0x82f8 ___ROM_AT
                0x1fff0434        0x4 LONG 0x1fff0000 _sdata
                0x1fff0438        0x4 LONG 0x4 ___data_size
                0x1fff043c        0x4 LONG 0x82fc ___m_data_20000000_ROMStart
                0x1fff0440        0x4 LONG 0x20000000 ___m_data_20000000_RAMStart
                0x1fff0444        0x4 LONG 0x0 ___m_data_20000000_ROMSize
                0x1fff0448        0x4 LONG 0x0
                0x1fff044c        0x4 LONG 0x0
                0x1fff0450        0x4 LONG 0x0

._user_heap_stack
                0x1fff0454      0x400 load address 0x00008320
                0x1fff0454                . = ALIGN (0x4)
                0x1fff0454                PROVIDE (end, .)
                0x1fff0454                PROVIDE (_end, .)
                0x1fff0454                __heap_addr = .
                0x1fff0454                __HeapBase = .
                0x1fff0454                . = (. + __heap_size)
                0x1fff0454                __HeapLimit = .
                0x1fff0854                . = (. + __stack_size)
 *fill*         0x1fff0454      0x400 
                0x1fff0854                . = ALIGN (0x4)

.ARM.attributes
                0x00000000       0x37
 *(.ARM.attributes)
 .ARM.attributes
                0x00000000       0x27 c:/freescale/kds_2.0.0/toolchain/bin/../lib/gcc/arm-none-eabi/4.8.0/m4/fp/v4-sp-d16/crti.o
 .ARM.attributes
                0x00000027       0x39 c:/freescale/kds_2.0.0/toolchain/bin/../lib/gcc/arm-none-eabi/4.8.0/m4/fp/v4-sp-d16/crtbegin.o
 .ARM.attributes
                0x00000060       0x39 ./Static_Code/System/CPU_Init.o
 .ARM.attributes
                0x00000099       0x39 ./Static_Code/System/Vectors.o
 .ARM.attributes
                0x000000d2       0x39 ./Sources/DCFcom.o
 .ARM.attributes
                0x0000010b       0x39 ./Sources/Events.o
 .ARM.attributes
                0x00000144       0x39 ./Sources/main.o
 .ARM.attributes
                0x0000017d       0x39 ./Sources/sensors.o
 .ARM.attributes
                0x000001b6       0x39 ./Sources/sw_pwm.o
 .ARM.attributes
                0x000001ef       0x39 ./Project_Settings/Startup_Code/startup.o
 .ARM.attributes
                0x00000228       0x39 ./Generated_Code/ASerialLdd1.o
 .ARM.attributes
                0x00000261       0x39 ./Generated_Code/BitIoLdd1.o
 .ARM.attributes
                0x0000029a       0x39 ./Generated_Code/BitIoLdd10.o
 .ARM.attributes
                0x000002d3       0x39 ./Generated_Code/BitIoLdd11.o
 .ARM.attributes
                0x0000030c       0x39 ./Generated_Code/BitIoLdd12.o
 .ARM.attributes
                0x00000345       0x39 ./Generated_Code/BitIoLdd13.o
 .ARM.attributes
                0x0000037e       0x39 ./Generated_Code/BitIoLdd14.o
 .ARM.attributes
                0x000003b7       0x39 ./Generated_Code/BitIoLdd15.o
 .ARM.attributes
                0x000003f0       0x39 ./Generated_Code/BitIoLdd16.o
 .ARM.attributes
                0x00000429       0x39 ./Generated_Code/BitIoLdd17.o
 .ARM.attributes
                0x00000462       0x39 ./Generated_Code/BitIoLdd18.o
 .ARM.attributes
                0x0000049b       0x39 ./Generated_Code/BitIoLdd19.o
 .ARM.attributes
                0x000004d4       0x39 ./Generated_Code/BitIoLdd2.o
 .ARM.attributes
                0x0000050d       0x39 ./Generated_Code/BitIoLdd20.o
 .ARM.attributes
                0x00000546       0x39 ./Generated_Code/BitIoLdd21.o
 .ARM.attributes
                0x0000057f       0x39 ./Generated_Code/BitIoLdd22.o
 .ARM.attributes
                0x000005b8       0x39 ./Generated_Code/BitIoLdd3.o
 .ARM.attributes
                0x000005f1       0x39 ./Generated_Code/BitIoLdd4.o
 .ARM.attributes
                0x0000062a       0x39 ./Generated_Code/BitIoLdd5.o
 .ARM.attributes
                0x00000663       0x39 ./Generated_Code/BitIoLdd6.o
 .ARM.attributes
                0x0000069c       0x39 ./Generated_Code/BitIoLdd7.o
 .ARM.attributes
                0x000006d5       0x39 ./Generated_Code/BitIoLdd8.o
 .ARM.attributes
                0x0000070e       0x39 ./Generated_Code/BitIoLdd9.o
 .ARM.attributes
                0x00000747       0x39 ./Generated_Code/Cpu.o
 .ARM.attributes
                0x00000780       0x39 ./Generated_Code/ExtIntLdd1.o
 .ARM.attributes
                0x000007b9       0x39 ./Generated_Code/ExtIntLdd2.o
 .ARM.attributes
                0x000007f2       0x39 ./Generated_Code/ExtIntLdd3.o
 .ARM.attributes
                0x0000082b       0x39 ./Generated_Code/ExtIntLdd4.o
 .ARM.attributes
                0x00000864       0x39 ./Generated_Code/ExtIntLdd5.o
 .ARM.attributes
                0x0000089d       0x39 ./Generated_Code/FX1.o
 .ARM.attributes
                0x000008d6       0x39 ./Generated_Code/GI2C1.o
 .ARM.attributes
                0x0000090f       0x39 ./Generated_Code/I2C1.o
 .ARM.attributes
                0x00000948       0x39 ./Generated_Code/IR0_detect.o
 .ARM.attributes
                0x00000981       0x39 ./Generated_Code/IR1_detect.o
 .ARM.attributes
                0x000009ba       0x39 ./Generated_Code/IR2_detect.o
 .ARM.attributes
                0x000009f3       0x39 ./Generated_Code/Int1accel.o
 .ARM.attributes
                0x00000a2c       0x39 ./Generated_Code/PE_LDD.o
 .ARM.attributes
                0x00000a65       0x39 ./Generated_Code/TI1.o
 .ARM.attributes
                0x00000a9e       0x39 ./Generated_Code/TI2.o
 .ARM.attributes
                0x00000ad7       0x39 ./Generated_Code/TI3.o
 .ARM.attributes
                0x00000b10       0x39 ./Generated_Code/TU1.o
 .ARM.attributes
                0x00000b49       0x39 ./Generated_Code/TU2.o
 .ARM.attributes
                0x00000b82       0x39 ./Generated_Code/TU3.o
 .ARM.attributes
                0x00000bbb       0x39 ./Generated_Code/TimerIntLdd1.o
 .ARM.attributes
                0x00000bf4       0x39 ./Generated_Code/TimerIntLdd2.o
 .ARM.attributes
                0x00000c2d       0x39 ./Generated_Code/TimerIntLdd3.o
 .ARM.attributes
                0x00000c66       0x39 ./Generated_Code/UART0.o
 .ARM.attributes
                0x00000c9f       0x39 ./Generated_Code/UsonicPWM.o
 .ARM.attributes
                0x00000cd8       0x39 ./Generated_Code/WAIT1.o
 .ARM.attributes
                0x00000d11       0x39 c:/freescale/kds_2.0.0/toolchain/bin/../lib/gcc/arm-none-eabi/4.8.0/../../../../arm-none-eabi/lib/m4/fp/v4-sp-d16\libm.a(lib_a-w_atan2.o)
 .ARM.attributes
                0x00000d4a       0x39 c:/freescale/kds_2.0.0/toolchain/bin/../lib/gcc/arm-none-eabi/4.8.0/../../../../arm-none-eabi/lib/m4/fp/v4-sp-d16\libm.a(lib_a-e_atan2.o)
 .ARM.attributes
                0x00000d83       0x39 c:/freescale/kds_2.0.0/toolchain/bin/../lib/gcc/arm-none-eabi/4.8.0/../../../../arm-none-eabi/lib/m4/fp/v4-sp-d16\libm.a(lib_a-s_atan.o)
 .ARM.attributes
                0x00000dbc       0x39 c:/freescale/kds_2.0.0/toolchain/bin/../lib/gcc/arm-none-eabi/4.8.0/../../../../arm-none-eabi/lib/m4/fp/v4-sp-d16\libm.a(lib_a-s_fabs.o)
 .ARM.attributes
                0x00000df5       0x27 c:/freescale/kds_2.0.0/toolchain/bin/../lib/gcc/arm-none-eabi/4.8.0/m4/fp/v4-sp-d16\libgcc.a(_arm_addsubdf3.o)
 .ARM.attributes
                0x00000e1c       0x27 c:/freescale/kds_2.0.0/toolchain/bin/../lib/gcc/arm-none-eabi/4.8.0/m4/fp/v4-sp-d16\libgcc.a(_arm_muldivdf3.o)
 .ARM.attributes
                0x00000e43       0x27 c:/freescale/kds_2.0.0/toolchain/bin/../lib/gcc/arm-none-eabi/4.8.0/m4/fp/v4-sp-d16\libgcc.a(_arm_cmpdf2.o)
 .ARM.attributes
                0x00000e6a       0x27 c:/freescale/kds_2.0.0/toolchain/bin/../lib/gcc/arm-none-eabi/4.8.0/m4/fp/v4-sp-d16\libgcc.a(_arm_truncdfsf2.o)
 .ARM.attributes
                0x00000e91       0x39 c:/freescale/kds_2.0.0/toolchain/bin/../lib/gcc/arm-none-eabi/4.8.0/m4/fp/v4-sp-d16/crtend.o
 .ARM.attributes
                0x00000eca       0x27 c:/freescale/kds_2.0.0/toolchain/bin/../lib/gcc/arm-none-eabi/4.8.0/m4/fp/v4-sp-d16/crtn.o
OUTPUT(hexapod_k22f.elf elf32-littlearm)

.comment        0x00000000       0x2a
 .comment       0x00000000       0x2a c:/freescale/kds_2.0.0/toolchain/bin/../lib/gcc/arm-none-eabi/4.8.0/m4/fp/v4-sp-d16/crtbegin.o
                                 0x2b (size before relaxing)
 .comment       0x00000000       0x2b ./Static_Code/System/CPU_Init.o
 .comment       0x00000000       0x2b ./Static_Code/System/Vectors.o
 .comment       0x00000000       0x2b ./Sources/DCFcom.o
 .comment       0x00000000       0x2b ./Sources/Events.o
 .comment       0x00000000       0x2b ./Sources/main.o
 .comment       0x00000000       0x2b ./Sources/sensors.o
 .comment       0x00000000       0x2b ./Sources/sw_pwm.o
 .comment       0x00000000       0x2b ./Project_Settings/Startup_Code/startup.o
 .comment       0x00000000       0x2b ./Generated_Code/ASerialLdd1.o
 .comment       0x00000000       0x2b ./Generated_Code/BitIoLdd1.o
 .comment       0x00000000       0x2b ./Generated_Code/BitIoLdd10.o
 .comment       0x00000000       0x2b ./Generated_Code/BitIoLdd11.o
 .comment       0x00000000       0x2b ./Generated_Code/BitIoLdd12.o
 .comment       0x00000000       0x2b ./Generated_Code/BitIoLdd13.o
 .comment       0x00000000       0x2b ./Generated_Code/BitIoLdd14.o
 .comment       0x00000000       0x2b ./Generated_Code/BitIoLdd15.o
 .comment       0x00000000       0x2b ./Generated_Code/BitIoLdd16.o
 .comment       0x00000000       0x2b ./Generated_Code/BitIoLdd17.o
 .comment       0x00000000       0x2b ./Generated_Code/BitIoLdd18.o
 .comment       0x00000000       0x2b ./Generated_Code/BitIoLdd19.o
 .comment       0x00000000       0x2b ./Generated_Code/BitIoLdd2.o
 .comment       0x00000000       0x2b ./Generated_Code/BitIoLdd20.o
 .comment       0x00000000       0x2b ./Generated_Code/BitIoLdd21.o
 .comment       0x00000000       0x2b ./Generated_Code/BitIoLdd22.o
 .comment       0x00000000       0x2b ./Generated_Code/BitIoLdd3.o
 .comment       0x00000000       0x2b ./Generated_Code/BitIoLdd4.o
 .comment       0x00000000       0x2b ./Generated_Code/BitIoLdd5.o
 .comment       0x00000000       0x2b ./Generated_Code/BitIoLdd6.o
 .comment       0x00000000       0x2b ./Generated_Code/BitIoLdd7.o
 .comment       0x00000000       0x2b ./Generated_Code/BitIoLdd8.o
 .comment       0x00000000       0x2b ./Generated_Code/BitIoLdd9.o
 .comment       0x00000000       0x2b ./Generated_Code/Cpu.o
 .comment       0x00000000       0x2b ./Generated_Code/ExtIntLdd1.o
 .comment       0x00000000       0x2b ./Generated_Code/ExtIntLdd2.o
 .comment       0x00000000       0x2b ./Generated_Code/ExtIntLdd3.o
 .comment       0x00000000       0x2b ./Generated_Code/ExtIntLdd4.o
 .comment       0x00000000       0x2b ./Generated_Code/ExtIntLdd5.o
 .comment       0x00000000       0x2b ./Generated_Code/FX1.o
 .comment       0x00000000       0x2b ./Generated_Code/GI2C1.o
 .comment       0x00000000       0x2b ./Generated_Code/I2C1.o
 .comment       0x00000000       0x2b ./Generated_Code/IR0_detect.o
 .comment       0x00000000       0x2b ./Generated_Code/IR1_detect.o
 .comment       0x00000000       0x2b ./Generated_Code/IR2_detect.o
 .comment       0x00000000       0x2b ./Generated_Code/Int1accel.o
 .comment       0x00000000       0x2b ./Generated_Code/PE_LDD.o
 .comment       0x00000000       0x2b ./Generated_Code/TI1.o
 .comment       0x00000000       0x2b ./Generated_Code/TI2.o
 .comment       0x00000000       0x2b ./Generated_Code/TI3.o
 .comment       0x00000000       0x2b ./Generated_Code/TU1.o
 .comment       0x00000000       0x2b ./Generated_Code/TU2.o
 .comment       0x00000000       0x2b ./Generated_Code/TU3.o
 .comment       0x00000000       0x2b ./Generated_Code/TimerIntLdd1.o
 .comment       0x00000000       0x2b ./Generated_Code/TimerIntLdd2.o
 .comment       0x00000000       0x2b ./Generated_Code/TimerIntLdd3.o
 .comment       0x00000000       0x2b ./Generated_Code/UART0.o
 .comment       0x00000000       0x2b ./Generated_Code/UsonicPWM.o
 .comment       0x00000000       0x2b ./Generated_Code/WAIT1.o
 .comment       0x00000000       0x2b c:/freescale/kds_2.0.0/toolchain/bin/../lib/gcc/arm-none-eabi/4.8.0/../../../../arm-none-eabi/lib/m4/fp/v4-sp-d16\libm.a(lib_a-w_atan2.o)
 .comment       0x00000000       0x2b c:/freescale/kds_2.0.0/toolchain/bin/../lib/gcc/arm-none-eabi/4.8.0/../../../../arm-none-eabi/lib/m4/fp/v4-sp-d16\libm.a(lib_a-e_atan2.o)
 .comment       0x00000000       0x2b c:/freescale/kds_2.0.0/toolchain/bin/../lib/gcc/arm-none-eabi/4.8.0/../../../../arm-none-eabi/lib/m4/fp/v4-sp-d16\libm.a(lib_a-s_atan.o)
 .comment       0x00000000       0x2b c:/freescale/kds_2.0.0/toolchain/bin/../lib/gcc/arm-none-eabi/4.8.0/../../../../arm-none-eabi/lib/m4/fp/v4-sp-d16\libm.a(lib_a-s_fabs.o)
 .comment       0x00000000       0x2b c:/freescale/kds_2.0.0/toolchain/bin/../lib/gcc/arm-none-eabi/4.8.0/m4/fp/v4-sp-d16/crtend.o

.debug_info     0x00000000     0xefbf
 .debug_info    0x00000000      0xa97 ./Static_Code/System/CPU_Init.o
 .debug_info    0x00000a97      0x81b ./Static_Code/System/Vectors.o
 .debug_info    0x000012b2      0x2b1 ./Sources/DCFcom.o
 .debug_info    0x00001563      0x358 ./Sources/Events.o
 .debug_info    0x000018bb      0x345 ./Sources/main.o
 .debug_info    0x00001c00      0x2e0 ./Sources/sensors.o
 .debug_info    0x00001ee0      0x2cf ./Sources/sw_pwm.o
 .debug_info    0x000021af      0x498 ./Project_Settings/Startup_Code/startup.o
 .debug_info    0x00002647      0x82b ./Generated_Code/ASerialLdd1.o
 .debug_info    0x00002e72      0x4ee ./Generated_Code/BitIoLdd1.o
 .debug_info    0x00003360      0x4ee ./Generated_Code/BitIoLdd10.o
 .debug_info    0x0000384e      0x4ee ./Generated_Code/BitIoLdd11.o
 .debug_info    0x00003d3c      0x4ee ./Generated_Code/BitIoLdd12.o
 .debug_info    0x0000422a      0x4ee ./Generated_Code/BitIoLdd13.o
 .debug_info    0x00004718      0x4ee ./Generated_Code/BitIoLdd14.o
 .debug_info    0x00004c06      0x4ee ./Generated_Code/BitIoLdd15.o
 .debug_info    0x000050f4      0x4ee ./Generated_Code/BitIoLdd16.o
 .debug_info    0x000055e2      0x4ee ./Generated_Code/BitIoLdd17.o
 .debug_info    0x00005ad0      0x4ee ./Generated_Code/BitIoLdd18.o
 .debug_info    0x00005fbe      0x4ee ./Generated_Code/BitIoLdd19.o
 .debug_info    0x000064ac      0x524 ./Generated_Code/BitIoLdd2.o
 .debug_info    0x000069d0      0x4ee ./Generated_Code/BitIoLdd20.o
 .debug_info    0x00006ebe      0x4ee ./Generated_Code/BitIoLdd21.o
 .debug_info    0x000073ac      0x4ee ./Generated_Code/BitIoLdd22.o
 .debug_info    0x0000789a      0x524 ./Generated_Code/BitIoLdd3.o
 .debug_info    0x00007dbe      0x4ee ./Generated_Code/BitIoLdd4.o
 .debug_info    0x000082ac      0x4ee ./Generated_Code/BitIoLdd5.o
 .debug_info    0x0000879a      0x4ee ./Generated_Code/BitIoLdd6.o
 .debug_info    0x00008c88      0x4ee ./Generated_Code/BitIoLdd7.o
 .debug_info    0x00009176      0x4ee ./Generated_Code/BitIoLdd8.o
 .debug_info    0x00009664      0x4ee ./Generated_Code/BitIoLdd9.o
 .debug_info    0x00009b52      0x35b ./Generated_Code/Cpu.o
 .debug_info    0x00009ead      0x5d9 ./Generated_Code/ExtIntLdd1.o
 .debug_info    0x0000a486      0x5d9 ./Generated_Code/ExtIntLdd2.o
 .debug_info    0x0000aa5f      0x5d9 ./Generated_Code/ExtIntLdd3.o
 .debug_info    0x0000b038      0x5d9 ./Generated_Code/ExtIntLdd4.o
 .debug_info    0x0000b611      0x5d9 ./Generated_Code/ExtIntLdd5.o
 .debug_info    0x0000bbea      0x860 ./Generated_Code/FX1.o
 .debug_info    0x0000c44a      0x4ba ./Generated_Code/GI2C1.o
 .debug_info    0x0000c904      0x4c4 ./Generated_Code/I2C1.o
 .debug_info    0x0000cdc8       0xb2 ./Generated_Code/IR0_detect.o
 .debug_info    0x0000ce7a       0xb2 ./Generated_Code/IR1_detect.o
 .debug_info    0x0000cf2c       0xb2 ./Generated_Code/IR2_detect.o
 .debug_info    0x0000cfde       0xb2 ./Generated_Code/Int1accel.o
 .debug_info    0x0000d090      0x23b ./Generated_Code/PE_LDD.o
 .debug_info    0x0000d2cb       0xb2 ./Generated_Code/TI1.o
 .debug_info    0x0000d37d       0xb2 ./Generated_Code/TI2.o
 .debug_info    0x0000d42f       0xb2 ./Generated_Code/TI3.o
 .debug_info    0x0000d4e1      0x358 ./Generated_Code/TU1.o
 .debug_info    0x0000d839      0x624 ./Generated_Code/TU2.o
 .debug_info    0x0000de5d      0x624 ./Generated_Code/TU3.o
 .debug_info    0x0000e481      0x178 ./Generated_Code/TimerIntLdd1.o
 .debug_info    0x0000e5f9      0x178 ./Generated_Code/TimerIntLdd2.o
 .debug_info    0x0000e771      0x178 ./Generated_Code/TimerIntLdd3.o
 .debug_info    0x0000e8e9      0x4f2 ./Generated_Code/UART0.o
 .debug_info    0x0000eddb       0xb2 ./Generated_Code/UsonicPWM.o
 .debug_info    0x0000ee8d      0x132 ./Generated_Code/WAIT1.o

.debug_abbrev   0x00000000     0x4314
 .debug_abbrev  0x00000000      0x1bf ./Static_Code/System/CPU_Init.o
 .debug_abbrev  0x000001bf       0xd8 ./Static_Code/System/Vectors.o
 .debug_abbrev  0x00000297       0xc1 ./Sources/DCFcom.o
 .debug_abbrev  0x00000358      0x143 ./Sources/Events.o
 .debug_abbrev  0x0000049b       0xd8 ./Sources/main.o
 .debug_abbrev  0x00000573       0xc2 ./Sources/sensors.o
 .debug_abbrev  0x00000635       0xfc ./Sources/sw_pwm.o
 .debug_abbrev  0x00000731      0x1a1 ./Project_Settings/Startup_Code/startup.o
 .debug_abbrev  0x000008d2      0x1c9 ./Generated_Code/ASerialLdd1.o
 .debug_abbrev  0x00000a9b      0x15d ./Generated_Code/BitIoLdd1.o
 .debug_abbrev  0x00000bf8      0x15d ./Generated_Code/BitIoLdd10.o
 .debug_abbrev  0x00000d55      0x15d ./Generated_Code/BitIoLdd11.o
 .debug_abbrev  0x00000eb2      0x15d ./Generated_Code/BitIoLdd12.o
 .debug_abbrev  0x0000100f      0x15d ./Generated_Code/BitIoLdd13.o
 .debug_abbrev  0x0000116c      0x15d ./Generated_Code/BitIoLdd14.o
 .debug_abbrev  0x000012c9      0x15d ./Generated_Code/BitIoLdd15.o
 .debug_abbrev  0x00001426      0x15d ./Generated_Code/BitIoLdd16.o
 .debug_abbrev  0x00001583      0x15d ./Generated_Code/BitIoLdd17.o
 .debug_abbrev  0x000016e0      0x15d ./Generated_Code/BitIoLdd18.o
 .debug_abbrev  0x0000183d      0x15d ./Generated_Code/BitIoLdd19.o
 .debug_abbrev  0x0000199a      0x186 ./Generated_Code/BitIoLdd2.o
 .debug_abbrev  0x00001b20      0x15d ./Generated_Code/BitIoLdd20.o
 .debug_abbrev  0x00001c7d      0x15d ./Generated_Code/BitIoLdd21.o
 .debug_abbrev  0x00001dda      0x15d ./Generated_Code/BitIoLdd22.o
 .debug_abbrev  0x00001f37      0x186 ./Generated_Code/BitIoLdd3.o
 .debug_abbrev  0x000020bd      0x15d ./Generated_Code/BitIoLdd4.o
 .debug_abbrev  0x0000221a      0x15d ./Generated_Code/BitIoLdd5.o
 .debug_abbrev  0x00002377      0x15d ./Generated_Code/BitIoLdd6.o
 .debug_abbrev  0x000024d4      0x15d ./Generated_Code/BitIoLdd7.o
 .debug_abbrev  0x00002631      0x15d ./Generated_Code/BitIoLdd8.o
 .debug_abbrev  0x0000278e      0x15d ./Generated_Code/BitIoLdd9.o
 .debug_abbrev  0x000028eb       0xed ./Generated_Code/Cpu.o
 .debug_abbrev  0x000029d8      0x15d ./Generated_Code/ExtIntLdd1.o
 .debug_abbrev  0x00002b35      0x15d ./Generated_Code/ExtIntLdd2.o
 .debug_abbrev  0x00002c92      0x15d ./Generated_Code/ExtIntLdd3.o
 .debug_abbrev  0x00002def      0x15d ./Generated_Code/ExtIntLdd4.o
 .debug_abbrev  0x00002f4c      0x15d ./Generated_Code/ExtIntLdd5.o
 .debug_abbrev  0x000030a9      0x1b5 ./Generated_Code/FX1.o
 .debug_abbrev  0x0000325e      0x175 ./Generated_Code/GI2C1.o
 .debug_abbrev  0x000033d3      0x1a5 ./Generated_Code/I2C1.o
 .debug_abbrev  0x00003578       0x68 ./Generated_Code/IR0_detect.o
 .debug_abbrev  0x000035e0       0x68 ./Generated_Code/IR1_detect.o
 .debug_abbrev  0x00003648       0x68 ./Generated_Code/IR2_detect.o
 .debug_abbrev  0x000036b0       0x68 ./Generated_Code/Int1accel.o
 .debug_abbrev  0x00003718      0x10d ./Generated_Code/PE_LDD.o
 .debug_abbrev  0x00003825       0x68 ./Generated_Code/TI1.o
 .debug_abbrev  0x0000388d       0x68 ./Generated_Code/TI2.o
 .debug_abbrev  0x000038f5       0x68 ./Generated_Code/TI3.o
 .debug_abbrev  0x0000395d      0x15d ./Generated_Code/TU1.o
 .debug_abbrev  0x00003aba      0x16a ./Generated_Code/TU2.o
 .debug_abbrev  0x00003c24      0x16a ./Generated_Code/TU3.o
 .debug_abbrev  0x00003d8e       0xdd ./Generated_Code/TimerIntLdd1.o
 .debug_abbrev  0x00003e6b       0xdd ./Generated_Code/TimerIntLdd2.o
 .debug_abbrev  0x00003f48       0xdd ./Generated_Code/TimerIntLdd3.o
 .debug_abbrev  0x00004025      0x1d6 ./Generated_Code/UART0.o
 .debug_abbrev  0x000041fb       0x68 ./Generated_Code/UsonicPWM.o
 .debug_abbrev  0x00004263       0xb1 ./Generated_Code/WAIT1.o

.debug_aranges  0x00000000     0x1180
 .debug_aranges
                0x00000000       0x40 ./Static_Code/System/CPU_Init.o
 .debug_aranges
                0x00000040      0x340 ./Static_Code/System/Vectors.o
 .debug_aranges
                0x00000380       0x40 ./Sources/DCFcom.o
 .debug_aranges
                0x000003c0       0x88 ./Sources/Events.o
 .debug_aranges
                0x00000448       0x30 ./Sources/main.o
 .debug_aranges
                0x00000478       0x38 ./Sources/sensors.o
 .debug_aranges
                0x000004b0       0x30 ./Sources/sw_pwm.o
 .debug_aranges
                0x000004e0       0x60 ./Project_Settings/Startup_Code/startup.o
 .debug_aranges
                0x00000540       0x50 ./Generated_Code/ASerialLdd1.o
 .debug_aranges
                0x00000590       0x40 ./Generated_Code/BitIoLdd1.o
 .debug_aranges
                0x000005d0       0x40 ./Generated_Code/BitIoLdd10.o
 .debug_aranges
                0x00000610       0x40 ./Generated_Code/BitIoLdd11.o
 .debug_aranges
                0x00000650       0x40 ./Generated_Code/BitIoLdd12.o
 .debug_aranges
                0x00000690       0x40 ./Generated_Code/BitIoLdd13.o
 .debug_aranges
                0x000006d0       0x40 ./Generated_Code/BitIoLdd14.o
 .debug_aranges
                0x00000710       0x40 ./Generated_Code/BitIoLdd15.o
 .debug_aranges
                0x00000750       0x40 ./Generated_Code/BitIoLdd16.o
 .debug_aranges
                0x00000790       0x40 ./Generated_Code/BitIoLdd17.o
 .debug_aranges
                0x000007d0       0x40 ./Generated_Code/BitIoLdd18.o
 .debug_aranges
                0x00000810       0x40 ./Generated_Code/BitIoLdd19.o
 .debug_aranges
                0x00000850       0x48 ./Generated_Code/BitIoLdd2.o
 .debug_aranges
                0x00000898       0x40 ./Generated_Code/BitIoLdd20.o
 .debug_aranges
                0x000008d8       0x40 ./Generated_Code/BitIoLdd21.o
 .debug_aranges
                0x00000918       0x40 ./Generated_Code/BitIoLdd22.o
 .debug_aranges
                0x00000958       0x48 ./Generated_Code/BitIoLdd3.o
 .debug_aranges
                0x000009a0       0x40 ./Generated_Code/BitIoLdd4.o
 .debug_aranges
                0x000009e0       0x40 ./Generated_Code/BitIoLdd5.o
 .debug_aranges
                0x00000a20       0x40 ./Generated_Code/BitIoLdd6.o
 .debug_aranges
                0x00000a60       0x40 ./Generated_Code/BitIoLdd7.o
 .debug_aranges
                0x00000aa0       0x40 ./Generated_Code/BitIoLdd8.o
 .debug_aranges
                0x00000ae0       0x40 ./Generated_Code/BitIoLdd9.o
 .debug_aranges
                0x00000b20       0x38 ./Generated_Code/Cpu.o
 .debug_aranges
                0x00000b58       0x30 ./Generated_Code/ExtIntLdd1.o
 .debug_aranges
                0x00000b88       0x30 ./Generated_Code/ExtIntLdd2.o
 .debug_aranges
                0x00000bb8       0x30 ./Generated_Code/ExtIntLdd3.o
 .debug_aranges
                0x00000be8       0x30 ./Generated_Code/ExtIntLdd4.o
 .debug_aranges
                0x00000c18       0x30 ./Generated_Code/ExtIntLdd5.o
 .debug_aranges
                0x00000c48      0x128 ./Generated_Code/FX1.o
 .debug_aranges
                0x00000d70       0x90 ./Generated_Code/GI2C1.o
 .debug_aranges
                0x00000e00       0x98 ./Generated_Code/I2C1.o
 .debug_aranges
                0x00000e98       0x20 ./Generated_Code/IR0_detect.o
 .debug_aranges
                0x00000eb8       0x20 ./Generated_Code/IR1_detect.o
 .debug_aranges
                0x00000ed8       0x20 ./Generated_Code/IR2_detect.o
 .debug_aranges
                0x00000ef8       0x20 ./Generated_Code/Int1accel.o
 .debug_aranges
                0x00000f18       0x30 ./Generated_Code/PE_LDD.o
 .debug_aranges
                0x00000f48       0x20 ./Generated_Code/TI1.o
 .debug_aranges
                0x00000f68       0x20 ./Generated_Code/TI2.o
 .debug_aranges
                0x00000f88       0x20 ./Generated_Code/TI3.o
 .debug_aranges
                0x00000fa8       0x28 ./Generated_Code/TU1.o
 .debug_aranges
                0x00000fd0       0x28 ./Generated_Code/TU2.o
 .debug_aranges
                0x00000ff8       0x28 ./Generated_Code/TU3.o
 .debug_aranges
                0x00001020       0x28 ./Generated_Code/TimerIntLdd1.o
 .debug_aranges
                0x00001048       0x28 ./Generated_Code/TimerIntLdd2.o
 .debug_aranges
                0x00001070       0x28 ./Generated_Code/TimerIntLdd3.o
 .debug_aranges
                0x00001098       0x88 ./Generated_Code/UART0.o
 .debug_aranges
                0x00001120       0x20 ./Generated_Code/UsonicPWM.o
 .debug_aranges
                0x00001140       0x40 ./Generated_Code/WAIT1.o

.debug_ranges   0x00000000      0xdf0
 .debug_ranges  0x00000000       0x30 ./Static_Code/System/CPU_Init.o
 .debug_ranges  0x00000030      0x330 ./Static_Code/System/Vectors.o
 .debug_ranges  0x00000360       0x30 ./Sources/DCFcom.o
 .debug_ranges  0x00000390       0x78 ./Sources/Events.o
 .debug_ranges  0x00000408       0x20 ./Sources/main.o
 .debug_ranges  0x00000428       0x28 ./Sources/sensors.o
 .debug_ranges  0x00000450       0x20 ./Sources/sw_pwm.o
 .debug_ranges  0x00000470       0x50 ./Project_Settings/Startup_Code/startup.o
 .debug_ranges  0x000004c0       0x40 ./Generated_Code/ASerialLdd1.o
 .debug_ranges  0x00000500       0x30 ./Generated_Code/BitIoLdd1.o
 .debug_ranges  0x00000530       0x30 ./Generated_Code/BitIoLdd10.o
 .debug_ranges  0x00000560       0x30 ./Generated_Code/BitIoLdd11.o
 .debug_ranges  0x00000590       0x30 ./Generated_Code/BitIoLdd12.o
 .debug_ranges  0x000005c0       0x30 ./Generated_Code/BitIoLdd13.o
 .debug_ranges  0x000005f0       0x30 ./Generated_Code/BitIoLdd14.o
 .debug_ranges  0x00000620       0x30 ./Generated_Code/BitIoLdd15.o
 .debug_ranges  0x00000650       0x30 ./Generated_Code/BitIoLdd16.o
 .debug_ranges  0x00000680       0x30 ./Generated_Code/BitIoLdd17.o
 .debug_ranges  0x000006b0       0x30 ./Generated_Code/BitIoLdd18.o
 .debug_ranges  0x000006e0       0x30 ./Generated_Code/BitIoLdd19.o
 .debug_ranges  0x00000710       0x38 ./Generated_Code/BitIoLdd2.o
 .debug_ranges  0x00000748       0x30 ./Generated_Code/BitIoLdd20.o
 .debug_ranges  0x00000778       0x30 ./Generated_Code/BitIoLdd21.o
 .debug_ranges  0x000007a8       0x30 ./Generated_Code/BitIoLdd22.o
 .debug_ranges  0x000007d8       0x38 ./Generated_Code/BitIoLdd3.o
 .debug_ranges  0x00000810       0x30 ./Generated_Code/BitIoLdd4.o
 .debug_ranges  0x00000840       0x30 ./Generated_Code/BitIoLdd5.o
 .debug_ranges  0x00000870       0x30 ./Generated_Code/BitIoLdd6.o
 .debug_ranges  0x000008a0       0x30 ./Generated_Code/BitIoLdd7.o
 .debug_ranges  0x000008d0       0x30 ./Generated_Code/BitIoLdd8.o
 .debug_ranges  0x00000900       0x30 ./Generated_Code/BitIoLdd9.o
 .debug_ranges  0x00000930       0x28 ./Generated_Code/Cpu.o
 .debug_ranges  0x00000958       0x20 ./Generated_Code/ExtIntLdd1.o
 .debug_ranges  0x00000978       0x20 ./Generated_Code/ExtIntLdd2.o
 .debug_ranges  0x00000998       0x20 ./Generated_Code/ExtIntLdd3.o
 .debug_ranges  0x000009b8       0x20 ./Generated_Code/ExtIntLdd4.o
 .debug_ranges  0x000009d8       0x20 ./Generated_Code/ExtIntLdd5.o
 .debug_ranges  0x000009f8      0x118 ./Generated_Code/FX1.o
 .debug_ranges  0x00000b10       0x80 ./Generated_Code/GI2C1.o
 .debug_ranges  0x00000b90       0x88 ./Generated_Code/I2C1.o
 .debug_ranges  0x00000c18       0x10 ./Generated_Code/IR0_detect.o
 .debug_ranges  0x00000c28       0x10 ./Generated_Code/IR1_detect.o
 .debug_ranges  0x00000c38       0x10 ./Generated_Code/IR2_detect.o
 .debug_ranges  0x00000c48       0x10 ./Generated_Code/Int1accel.o
 .debug_ranges  0x00000c58       0x20 ./Generated_Code/PE_LDD.o
 .debug_ranges  0x00000c78       0x10 ./Generated_Code/TI1.o
 .debug_ranges  0x00000c88       0x10 ./Generated_Code/TI2.o
 .debug_ranges  0x00000c98       0x10 ./Generated_Code/TI3.o
 .debug_ranges  0x00000ca8       0x18 ./Generated_Code/TU1.o
 .debug_ranges  0x00000cc0       0x18 ./Generated_Code/TU2.o
 .debug_ranges  0x00000cd8       0x18 ./Generated_Code/TU3.o
 .debug_ranges  0x00000cf0       0x18 ./Generated_Code/TimerIntLdd1.o
 .debug_ranges  0x00000d08       0x18 ./Generated_Code/TimerIntLdd2.o
 .debug_ranges  0x00000d20       0x18 ./Generated_Code/TimerIntLdd3.o
 .debug_ranges  0x00000d38       0x78 ./Generated_Code/UART0.o
 .debug_ranges  0x00000db0       0x10 ./Generated_Code/UsonicPWM.o
 .debug_ranges  0x00000dc0       0x30 ./Generated_Code/WAIT1.o

.debug_macro    0x00000000    0x2c52e
 .debug_macro   0x00000000      0x59d ./Static_Code/System/CPU_Init.o
 .debug_macro   0x0000059d      0x850 ./Static_Code/System/CPU_Init.o
 .debug_macro   0x00000ded      0x214 ./Static_Code/System/CPU_Init.o
 .debug_macro   0x00001001     0x185c ./Static_Code/System/CPU_Init.o
 .debug_macro   0x0000285d     0xbc92 ./Static_Code/System/CPU_Init.o
 .debug_macro   0x0000e4ef      0x4cc ./Static_Code/System/CPU_Init.o
 .debug_macro   0x0000e9bb      0x14e ./Static_Code/System/CPU_Init.o
 .debug_macro   0x0000eb09       0x6a ./Static_Code/System/CPU_Init.o
 .debug_macro   0x0000eb73       0x2e ./Static_Code/System/CPU_Init.o
 .debug_macro   0x0000eba1       0x2e ./Static_Code/System/CPU_Init.o
 .debug_macro   0x0000ebcf       0x95 ./Static_Code/System/CPU_Init.o
 .debug_macro   0x0000ec64       0x16 ./Static_Code/System/CPU_Init.o
 .debug_macro   0x0000ec7a       0x37 ./Static_Code/System/CPU_Init.o
 .debug_macro   0x0000ecb1       0x94 ./Static_Code/System/CPU_Init.o
 .debug_macro   0x0000ed45      0x130 ./Static_Code/System/CPU_Init.o
 .debug_macro   0x0000ee75       0x46 ./Static_Code/System/CPU_Init.o
 .debug_macro   0x0000eebb       0x26 ./Static_Code/System/CPU_Init.o
 .debug_macro   0x0000eee1       0x4c ./Static_Code/System/CPU_Init.o
 .debug_macro   0x0000ef2d       0x26 ./Static_Code/System/CPU_Init.o
 .debug_macro   0x0000ef53       0x16 ./Static_Code/System/CPU_Init.o
 .debug_macro   0x0000ef69       0x81 ./Static_Code/System/CPU_Init.o
 .debug_macro   0x0000efea       0x49 ./Static_Code/System/CPU_Init.o
 .debug_macro   0x0000f033      0x6a7 ./Static_Code/System/CPU_Init.o
 .debug_macro   0x0000f6da       0x49 ./Static_Code/System/CPU_Init.o
 .debug_macro   0x0000f723       0x4f ./Static_Code/System/CPU_Init.o
 .debug_macro   0x0000f772       0xb2 ./Static_Code/System/CPU_Init.o
 .debug_macro   0x0000f824       0x65 ./Static_Code/System/CPU_Init.o
 .debug_macro   0x0000f889       0x1f ./Static_Code/System/CPU_Init.o
 .debug_macro   0x0000f8a8       0x22 ./Static_Code/System/CPU_Init.o
 .debug_macro   0x0000f8ca      0x4ee ./Static_Code/System/CPU_Init.o
 .debug_macro   0x0000fdb8       0x2e ./Static_Code/System/CPU_Init.o
 .debug_macro   0x0000fde6       0x46 ./Static_Code/System/CPU_Init.o
 .debug_macro   0x0000fe2c       0x20 ./Static_Code/System/CPU_Init.o
 .debug_macro   0x0000fe4c       0x46 ./Static_Code/System/CPU_Init.o
 .debug_macro   0x0000fe92       0x20 ./Static_Code/System/CPU_Init.o
 .debug_macro   0x0000feb2       0x46 ./Static_Code/System/CPU_Init.o
 .debug_macro   0x0000fef8       0x20 ./Static_Code/System/CPU_Init.o
 .debug_macro   0x0000ff18       0x22 ./Static_Code/System/CPU_Init.o
 .debug_macro   0x0000ff3a       0x22 ./Static_Code/System/CPU_Init.o
 .debug_macro   0x0000ff5c       0x46 ./Static_Code/System/CPU_Init.o
 .debug_macro   0x0000ffa2       0x20 ./Static_Code/System/CPU_Init.o
 .debug_macro   0x0000ffc2       0x46 ./Static_Code/System/CPU_Init.o
 .debug_macro   0x00010008       0x20 ./Static_Code/System/CPU_Init.o
 .debug_macro   0x00010028       0x46 ./Static_Code/System/CPU_Init.o
 .debug_macro   0x0001006e       0x20 ./Static_Code/System/CPU_Init.o
 .debug_macro   0x0001008e       0x46 ./Static_Code/System/CPU_Init.o
 .debug_macro   0x000100d4       0x20 ./Static_Code/System/CPU_Init.o
 .debug_macro   0x000100f4       0x46 ./Static_Code/System/CPU_Init.o
 .debug_macro   0x0001013a       0x20 ./Static_Code/System/CPU_Init.o
 .debug_macro   0x0001015a       0x46 ./Static_Code/System/CPU_Init.o
 .debug_macro   0x000101a0       0x20 ./Static_Code/System/CPU_Init.o
 .debug_macro   0x000101c0       0x46 ./Static_Code/System/CPU_Init.o
 .debug_macro   0x00010206       0x20 ./Static_Code/System/CPU_Init.o
 .debug_macro   0x00010226       0x46 ./Static_Code/System/CPU_Init.o
 .debug_macro   0x0001026c       0x20 ./Static_Code/System/CPU_Init.o
 .debug_macro   0x0001028c       0x46 ./Static_Code/System/CPU_Init.o
 .debug_macro   0x000102d2       0x20 ./Static_Code/System/CPU_Init.o
 .debug_macro   0x000102f2       0x46 ./Static_Code/System/CPU_Init.o
 .debug_macro   0x00010338       0x20 ./Static_Code/System/CPU_Init.o
 .debug_macro   0x00010358       0x46 ./Static_Code/System/CPU_Init.o
 .debug_macro   0x0001039e       0x20 ./Static_Code/System/CPU_Init.o
 .debug_macro   0x000103be       0x46 ./Static_Code/System/CPU_Init.o
 .debug_macro   0x00010404       0x20 ./Static_Code/System/CPU_Init.o
 .debug_macro   0x00010424       0x46 ./Static_Code/System/CPU_Init.o
 .debug_macro   0x0001046a       0x20 ./Static_Code/System/CPU_Init.o
 .debug_macro   0x0001048a       0x46 ./Static_Code/System/CPU_Init.o
 .debug_macro   0x000104d0       0x20 ./Static_Code/System/CPU_Init.o
 .debug_macro   0x000104f0       0x46 ./Static_Code/System/CPU_Init.o
 .debug_macro   0x00010536       0x20 ./Static_Code/System/CPU_Init.o
 .debug_macro   0x00010556       0x46 ./Static_Code/System/CPU_Init.o
 .debug_macro   0x0001059c       0x20 ./Static_Code/System/CPU_Init.o
 .debug_macro   0x000105bc       0x34 ./Static_Code/System/CPU_Init.o
 .debug_macro   0x000105f0       0x34 ./Static_Code/System/CPU_Init.o
 .debug_macro   0x00010624       0x34 ./Static_Code/System/CPU_Init.o
 .debug_macro   0x00010658       0x46 ./Static_Code/System/CPU_Init.o
 .debug_macro   0x0001069e       0x20 ./Static_Code/System/CPU_Init.o
 .debug_macro   0x000106be       0x34 ./Static_Code/System/CPU_Init.o
 .debug_macro   0x000106f2      0x2d5 ./Static_Code/System/CPU_Init.o
 .debug_macro   0x000109c7      0x58b ./Static_Code/System/Vectors.o
 .debug_macro   0x00010f52      0x1a5 ./Sources/DCFcom.o